<?xml version="1.0" encoding="ISO-8859-1" ?>
<link_info>
   <banner>TI ARM Linker PC v20.2.5.LTS</banner>
   <copyright>Copyright (c) 1996-2018 Texas Instruments Incorporated</copyright>
   <link_time>0x6168ba11</link_time>
   <link_errors>0x0</link_errors>
   <output_file>ThermostatProject.out</output_file>
   <entry_point>
      <name>resetISR</name>
      <address>0x20011f59</address>
   </entry_point>
   <input_file_list>
      <input_file id="fl-2">
         <path>.\</path>
         <kind>object</kind>
         <file>gpiointerrupt.obj</file>
         <name>gpiointerrupt.obj</name>
      </input_file>
      <input_file id="fl-3">
         <path>.\syscfg\</path>
         <kind>object</kind>
         <file>ti_drivers_config.obj</file>
         <name>ti_drivers_config.obj</name>
      </input_file>
      <input_file id="fl-4">
         <path>.\</path>
         <kind>object</kind>
         <file>main_nortos.obj</file>
         <name>main_nortos.obj</name>
      </input_file>
      <input_file id="fl-d">
         <kind>object</kind>
         <file>&lt;internal&gt;</file>
         <name>&lt;internal&gt;</name>
      </input_file>
      <input_file id="fl-e">
         <path>E:\Coding\CCStudio IDE\simplelink_cc32xx_sdk_5_20_00_06\source\ti\drivers\lib\ccs\m4\</path>
         <kind>archive</kind>
         <file>drivers_cc32xx.a</file>
         <name>I2C.oem4</name>
      </input_file>
      <input_file id="fl-f">
         <path>E:\Coding\CCStudio IDE\simplelink_cc32xx_sdk_5_20_00_06\source\ti\drivers\lib\ccs\m4\</path>
         <kind>archive</kind>
         <file>drivers_cc32xx.a</file>
         <name>Timer.oem4</name>
      </input_file>
      <input_file id="fl-10">
         <path>E:\Coding\CCStudio IDE\simplelink_cc32xx_sdk_5_20_00_06\source\ti\drivers\lib\ccs\m4\</path>
         <kind>archive</kind>
         <file>drivers_cc32xx.a</file>
         <name>UART.oem4</name>
      </input_file>
      <input_file id="fl-11">
         <path>E:\Coding\CCStudio IDE\simplelink_cc32xx_sdk_5_20_00_06\source\ti\drivers\lib\ccs\m4\</path>
         <kind>archive</kind>
         <file>drivers_cc32xx.a</file>
         <name>GPIOCC32XX.oem4</name>
      </input_file>
      <input_file id="fl-12">
         <path>E:\Coding\CCStudio IDE\simplelink_cc32xx_sdk_5_20_00_06\source\ti\drivers\lib\ccs\m4\</path>
         <kind>archive</kind>
         <file>drivers_cc32xx.a</file>
         <name>I2CCC32XX.oem4</name>
      </input_file>
      <input_file id="fl-13">
         <path>E:\Coding\CCStudio IDE\simplelink_cc32xx_sdk_5_20_00_06\source\ti\drivers\lib\ccs\m4\</path>
         <kind>archive</kind>
         <file>drivers_cc32xx.a</file>
         <name>PowerCC32XX.oem4</name>
      </input_file>
      <input_file id="fl-14">
         <path>E:\Coding\CCStudio IDE\simplelink_cc32xx_sdk_5_20_00_06\source\ti\drivers\lib\ccs\m4\</path>
         <kind>archive</kind>
         <file>drivers_cc32xx.a</file>
         <name>PowerCC32XX_asm.oem4</name>
      </input_file>
      <input_file id="fl-15">
         <path>E:\Coding\CCStudio IDE\simplelink_cc32xx_sdk_5_20_00_06\source\ti\drivers\lib\ccs\m4\</path>
         <kind>archive</kind>
         <file>drivers_cc32xx.a</file>
         <name>TimerCC32XX.oem4</name>
      </input_file>
      <input_file id="fl-16">
         <path>E:\Coding\CCStudio IDE\simplelink_cc32xx_sdk_5_20_00_06\source\ti\drivers\lib\ccs\m4\</path>
         <kind>archive</kind>
         <file>drivers_cc32xx.a</file>
         <name>UARTCC32XX.oem4</name>
      </input_file>
      <input_file id="fl-17">
         <path>E:\Coding\CCStudio IDE\simplelink_cc32xx_sdk_5_20_00_06\source\ti\drivers\lib\ccs\m4\</path>
         <kind>archive</kind>
         <file>drivers_cc32xx.a</file>
         <name>List.oem4</name>
      </input_file>
      <input_file id="fl-18">
         <path>E:\Coding\CCStudio IDE\simplelink_cc32xx_sdk_5_20_00_06\source\ti\drivers\lib\ccs\m4\</path>
         <kind>archive</kind>
         <file>drivers_cc32xx.a</file>
         <name>RingBuf.oem4</name>
      </input_file>
      <input_file id="fl-19">
         <path>E:\Coding\CCStudio IDE\simplelink_cc32xx_sdk_5_20_00_06\kernel\nortos\lib\ccs\m4\</path>
         <kind>archive</kind>
         <file>nortos_cc32xx.a</file>
         <name>NoRTOS.oem4</name>
      </input_file>
      <input_file id="fl-1a">
         <path>E:\Coding\CCStudio IDE\simplelink_cc32xx_sdk_5_20_00_06\kernel\nortos\lib\ccs\m4\</path>
         <kind>archive</kind>
         <file>nortos_cc32xx.a</file>
         <name>SemaphoreP_nortos.oem4</name>
      </input_file>
      <input_file id="fl-1b">
         <path>E:\Coding\CCStudio IDE\simplelink_cc32xx_sdk_5_20_00_06\kernel\nortos\lib\ccs\m4\</path>
         <kind>archive</kind>
         <file>nortos_cc32xx.a</file>
         <name>ClockPSysTick_nortos.oem4</name>
      </input_file>
      <input_file id="fl-1c">
         <path>E:\Coding\CCStudio IDE\simplelink_cc32xx_sdk_5_20_00_06\kernel\nortos\lib\ccs\m4\</path>
         <kind>archive</kind>
         <file>nortos_cc32xx.a</file>
         <name>HwiPCC32XX_nortos.oem4</name>
      </input_file>
      <input_file id="fl-1d">
         <path>E:\Coding\CCStudio IDE\simplelink_cc32xx_sdk_5_20_00_06\kernel\nortos\lib\ccs\m4\</path>
         <kind>archive</kind>
         <file>nortos_cc32xx.a</file>
         <name>PowerCC32XX_nortos.oem4</name>
      </input_file>
      <input_file id="fl-1e">
         <path>E:\Coding\CCStudio IDE\simplelink_cc32xx_sdk_5_20_00_06\kernel\nortos\lib\ccs\m4\</path>
         <kind>archive</kind>
         <file>nortos_cc32xx.a</file>
         <name>startup_cc32xx_ccs.oem4</name>
      </input_file>
      <input_file id="fl-1f">
         <path>E:\Coding\CCStudio IDE\simplelink_cc32xx_sdk_5_20_00_06\kernel\nortos\lib\ccs\m4\</path>
         <kind>archive</kind>
         <file>nortos_cc32xx.a</file>
         <name>SwiP_nortos.oem4</name>
      </input_file>
      <input_file id="fl-20">
         <path>E:\Coding\CCStudio IDE\simplelink_cc32xx_sdk_5_20_00_06\kernel\nortos\lib\ccs\m4\</path>
         <kind>archive</kind>
         <file>nortos_cc32xx.a</file>
         <name>QueueP_nortos.oem4</name>
      </input_file>
      <input_file id="fl-21">
         <path>E:\Coding\CCStudio IDE\simplelink_cc32xx_sdk_5_20_00_06\source\ti\devices\cc32xx\driverlib\ccs\Release\</path>
         <kind>archive</kind>
         <file>driverlib.a</file>
         <name>cpu.obj</name>
      </input_file>
      <input_file id="fl-22">
         <path>E:\Coding\CCStudio IDE\simplelink_cc32xx_sdk_5_20_00_06\source\ti\devices\cc32xx\driverlib\ccs\Release\</path>
         <kind>archive</kind>
         <file>driverlib.a</file>
         <name>i2c.obj</name>
      </input_file>
      <input_file id="fl-23">
         <path>E:\Coding\CCStudio IDE\simplelink_cc32xx_sdk_5_20_00_06\source\ti\devices\cc32xx\driverlib\ccs\Release\</path>
         <kind>archive</kind>
         <file>driverlib.a</file>
         <name>interrupt.obj</name>
      </input_file>
      <input_file id="fl-24">
         <path>E:\Coding\CCStudio IDE\simplelink_cc32xx_sdk_5_20_00_06\source\ti\devices\cc32xx\driverlib\ccs\Release\</path>
         <kind>archive</kind>
         <file>driverlib.a</file>
         <name>pin.obj</name>
      </input_file>
      <input_file id="fl-25">
         <path>E:\Coding\CCStudio IDE\simplelink_cc32xx_sdk_5_20_00_06\source\ti\devices\cc32xx\driverlib\ccs\Release\</path>
         <kind>archive</kind>
         <file>driverlib.a</file>
         <name>prcm.obj</name>
      </input_file>
      <input_file id="fl-26">
         <path>E:\Coding\CCStudio IDE\simplelink_cc32xx_sdk_5_20_00_06\source\ti\devices\cc32xx\driverlib\ccs\Release\</path>
         <kind>archive</kind>
         <file>driverlib.a</file>
         <name>timer.obj</name>
      </input_file>
      <input_file id="fl-27">
         <path>E:\Coding\CCStudio IDE\simplelink_cc32xx_sdk_5_20_00_06\source\ti\devices\cc32xx\driverlib\ccs\Release\</path>
         <kind>archive</kind>
         <file>driverlib.a</file>
         <name>uart.obj</name>
      </input_file>
      <input_file id="fl-28">
         <path>E:\Coding\CCStudio IDE\simplelink_cc32xx_sdk_5_20_00_06\source\ti\devices\cc32xx\driverlib\ccs\Release\</path>
         <kind>archive</kind>
         <file>driverlib.a</file>
         <name>utils.obj</name>
      </input_file>
      <input_file id="fl-29">
         <path>E:\Coding\CCStudio IDE\simplelink_cc32xx_sdk_5_20_00_06\source\ti\devices\cc32xx\driverlib\ccs\Release\</path>
         <kind>archive</kind>
         <file>driverlib.a</file>
         <name>flash.obj</name>
      </input_file>
      <input_file id="fl-df">
         <path>E:\Coding\CCStudio IDE\ccs\tools\compiler\ti-cgt-arm_20.2.5.LTS\lib\</path>
         <kind>archive</kind>
         <file>rtsv7M4_T_le_eabi.lib</file>
         <name>snprintf.c.obj</name>
      </input_file>
      <input_file id="fl-e0">
         <path>E:\Coding\CCStudio IDE\ccs\tools\compiler\ti-cgt-arm_20.2.5.LTS\lib\</path>
         <kind>archive</kind>
         <file>rtsv7M4_T_le_eabi.lib</file>
         <name>fs_mul_t2.asm.obj</name>
      </input_file>
      <input_file id="fl-e1">
         <path>E:\Coding\CCStudio IDE\ccs\tools\compiler\ti-cgt-arm_20.2.5.LTS\lib\</path>
         <kind>archive</kind>
         <file>rtsv7M4_T_le_eabi.lib</file>
         <name>fs_toi_t2.asm.obj</name>
      </input_file>
      <input_file id="fl-e2">
         <path>E:\Coding\CCStudio IDE\ccs\tools\compiler\ti-cgt-arm_20.2.5.LTS\lib\</path>
         <kind>archive</kind>
         <file>rtsv7M4_T_le_eabi.lib</file>
         <name>i_tofs_t2.asm.obj</name>
      </input_file>
      <input_file id="fl-e3">
         <path>E:\Coding\CCStudio IDE\ccs\tools\compiler\ti-cgt-arm_20.2.5.LTS\lib\</path>
         <kind>archive</kind>
         <file>rtsv7M4_T_le_eabi.lib</file>
         <name>ll_mul_t2.asm.obj</name>
      </input_file>
      <input_file id="fl-e4">
         <path>E:\Coding\CCStudio IDE\ccs\tools\compiler\ti-cgt-arm_20.2.5.LTS\lib\</path>
         <kind>archive</kind>
         <file>rtsv7M4_T_le_eabi.lib</file>
         <name>memcpy_t2.asm.obj</name>
      </input_file>
      <input_file id="fl-e5">
         <path>E:\Coding\CCStudio IDE\ccs\tools\compiler\ti-cgt-arm_20.2.5.LTS\lib\</path>
         <kind>archive</kind>
         <file>rtsv7M4_T_le_eabi.lib</file>
         <name>ull_div_t2.asm.obj</name>
      </input_file>
      <input_file id="fl-e6">
         <path>E:\Coding\CCStudio IDE\ccs\tools\compiler\ti-cgt-arm_20.2.5.LTS\lib\</path>
         <kind>archive</kind>
         <file>rtsv7M4_T_le_eabi.lib</file>
         <name>copy_zero_init.c.obj</name>
      </input_file>
      <input_file id="fl-e7">
         <path>E:\Coding\CCStudio IDE\ccs\tools\compiler\ti-cgt-arm_20.2.5.LTS\lib\</path>
         <kind>archive</kind>
         <file>rtsv7M4_T_le_eabi.lib</file>
         <name>copy_decompress_none.c.obj</name>
      </input_file>
      <input_file id="fl-e8">
         <path>E:\Coding\CCStudio IDE\ccs\tools\compiler\ti-cgt-arm_20.2.5.LTS\lib\</path>
         <kind>archive</kind>
         <file>rtsv7M4_T_le_eabi.lib</file>
         <name>copy_decompress_lzss.c.obj</name>
      </input_file>
      <input_file id="fl-e9">
         <path>E:\Coding\CCStudio IDE\ccs\tools\compiler\ti-cgt-arm_20.2.5.LTS\lib\</path>
         <kind>archive</kind>
         <file>rtsv7M4_T_le_eabi.lib</file>
         <name>memory.c.obj</name>
      </input_file>
      <input_file id="fl-ea">
         <path>E:\Coding\CCStudio IDE\ccs\tools\compiler\ti-cgt-arm_20.2.5.LTS\lib\</path>
         <kind>archive</kind>
         <file>rtsv7M4_T_le_eabi.lib</file>
         <name>boot_cortex_m.c.obj</name>
      </input_file>
      <input_file id="fl-eb">
         <path>E:\Coding\CCStudio IDE\ccs\tools\compiler\ti-cgt-arm_20.2.5.LTS\lib\</path>
         <kind>archive</kind>
         <file>rtsv7M4_T_le_eabi.lib</file>
         <name>_printfi.c.obj</name>
      </input_file>
      <input_file id="fl-ec">
         <path>E:\Coding\CCStudio IDE\ccs\tools\compiler\ti-cgt-arm_20.2.5.LTS\lib\</path>
         <kind>archive</kind>
         <file>rtsv7M4_T_le_eabi.lib</file>
         <name>s_frexp.c.obj</name>
      </input_file>
      <input_file id="fl-ed">
         <path>E:\Coding\CCStudio IDE\ccs\tools\compiler\ti-cgt-arm_20.2.5.LTS\lib\</path>
         <kind>archive</kind>
         <file>rtsv7M4_T_le_eabi.lib</file>
         <name>s_scalbn.c.obj</name>
      </input_file>
      <input_file id="fl-ee">
         <path>E:\Coding\CCStudio IDE\ccs\tools\compiler\ti-cgt-arm_20.2.5.LTS\lib\</path>
         <kind>archive</kind>
         <file>rtsv7M4_T_le_eabi.lib</file>
         <name>wcslen.c.obj</name>
      </input_file>
      <input_file id="fl-ef">
         <path>E:\Coding\CCStudio IDE\ccs\tools\compiler\ti-cgt-arm_20.2.5.LTS\lib\</path>
         <kind>archive</kind>
         <file>rtsv7M4_T_le_eabi.lib</file>
         <name>div0.asm.obj</name>
      </input_file>
      <input_file id="fl-f0">
         <path>E:\Coding\CCStudio IDE\ccs\tools\compiler\ti-cgt-arm_20.2.5.LTS\lib\</path>
         <kind>archive</kind>
         <file>rtsv7M4_T_le_eabi.lib</file>
         <name>fd_add_t2.asm.obj</name>
      </input_file>
      <input_file id="fl-f1">
         <path>E:\Coding\CCStudio IDE\ccs\tools\compiler\ti-cgt-arm_20.2.5.LTS\lib\</path>
         <kind>archive</kind>
         <file>rtsv7M4_T_le_eabi.lib</file>
         <name>fd_cmp_t2.asm.obj</name>
      </input_file>
      <input_file id="fl-f2">
         <path>E:\Coding\CCStudio IDE\ccs\tools\compiler\ti-cgt-arm_20.2.5.LTS\lib\</path>
         <kind>archive</kind>
         <file>rtsv7M4_T_le_eabi.lib</file>
         <name>fd_div_t2.asm.obj</name>
      </input_file>
      <input_file id="fl-f3">
         <path>E:\Coding\CCStudio IDE\ccs\tools\compiler\ti-cgt-arm_20.2.5.LTS\lib\</path>
         <kind>archive</kind>
         <file>rtsv7M4_T_le_eabi.lib</file>
         <name>fd_mul_t2.asm.obj</name>
      </input_file>
      <input_file id="fl-f4">
         <path>E:\Coding\CCStudio IDE\ccs\tools\compiler\ti-cgt-arm_20.2.5.LTS\lib\</path>
         <kind>archive</kind>
         <file>rtsv7M4_T_le_eabi.lib</file>
         <name>fd_toi_t2.asm.obj</name>
      </input_file>
      <input_file id="fl-f5">
         <path>E:\Coding\CCStudio IDE\ccs\tools\compiler\ti-cgt-arm_20.2.5.LTS\lib\</path>
         <kind>archive</kind>
         <file>rtsv7M4_T_le_eabi.lib</file>
         <name>i_tofd_t2.asm.obj</name>
      </input_file>
      <input_file id="fl-f6">
         <path>E:\Coding\CCStudio IDE\ccs\tools\compiler\ti-cgt-arm_20.2.5.LTS\lib\</path>
         <kind>archive</kind>
         <file>rtsv7M4_T_le_eabi.lib</file>
         <name>memset_t2.asm.obj</name>
      </input_file>
      <input_file id="fl-f7">
         <path>E:\Coding\CCStudio IDE\ccs\tools\compiler\ti-cgt-arm_20.2.5.LTS\lib\</path>
         <kind>archive</kind>
         <file>rtsv7M4_T_le_eabi.lib</file>
         <name>autoinit.c.obj</name>
      </input_file>
      <input_file id="fl-f8">
         <path>E:\Coding\CCStudio IDE\ccs\tools\compiler\ti-cgt-arm_20.2.5.LTS\lib\</path>
         <kind>archive</kind>
         <file>rtsv7M4_T_le_eabi.lib</file>
         <name>pre_init.c.obj</name>
      </input_file>
      <input_file id="fl-f9">
         <path>E:\Coding\CCStudio IDE\ccs\tools\compiler\ti-cgt-arm_20.2.5.LTS\lib\</path>
         <kind>archive</kind>
         <file>rtsv7M4_T_le_eabi.lib</file>
         <name>cpy_tbl.c.obj</name>
      </input_file>
      <input_file id="fl-fa">
         <path>E:\Coding\CCStudio IDE\ccs\tools\compiler\ti-cgt-arm_20.2.5.LTS\lib\</path>
         <kind>archive</kind>
         <file>rtsv7M4_T_le_eabi.lib</file>
         <name>exit.c.obj</name>
      </input_file>
      <input_file id="fl-fb">
         <path>E:\Coding\CCStudio IDE\ccs\tools\compiler\ti-cgt-arm_20.2.5.LTS\lib\</path>
         <kind>archive</kind>
         <file>rtsv7M4_T_le_eabi.lib</file>
         <name>_lock.c.obj</name>
      </input_file>
      <input_file id="fl-fc">
         <path>E:\Coding\CCStudio IDE\ccs\tools\compiler\ti-cgt-arm_20.2.5.LTS\lib\</path>
         <kind>archive</kind>
         <file>rtsv7M4_T_le_eabi.lib</file>
         <name>_ltoa.c.obj</name>
      </input_file>
      <input_file id="fl-fd">
         <path>E:\Coding\CCStudio IDE\ccs\tools\compiler\ti-cgt-arm_20.2.5.LTS\lib\</path>
         <kind>archive</kind>
         <file>rtsv7M4_T_le_eabi.lib</file>
         <name>args_main.c.obj</name>
      </input_file>
      <input_file id="fl-fe">
         <path>E:\Coding\CCStudio IDE\ccs\tools\compiler\ti-cgt-arm_20.2.5.LTS\lib\</path>
         <kind>archive</kind>
         <file>rtsv7M4_T_le_eabi.lib</file>
         <name>atoi.c.obj</name>
      </input_file>
      <input_file id="fl-ff">
         <path>E:\Coding\CCStudio IDE\ccs\tools\compiler\ti-cgt-arm_20.2.5.LTS\lib\</path>
         <kind>archive</kind>
         <file>rtsv7M4_T_le_eabi.lib</file>
         <name>ctype.c.obj</name>
      </input_file>
      <input_file id="fl-100">
         <path>E:\Coding\CCStudio IDE\ccs\tools\compiler\ti-cgt-arm_20.2.5.LTS\lib\</path>
         <kind>archive</kind>
         <file>rtsv7M4_T_le_eabi.lib</file>
         <name>memccpy.c.obj</name>
      </input_file>
      <input_file id="fl-101">
         <path>E:\Coding\CCStudio IDE\ccs\tools\compiler\ti-cgt-arm_20.2.5.LTS\lib\</path>
         <kind>archive</kind>
         <file>rtsv7M4_T_le_eabi.lib</file>
         <name>strchr.c.obj</name>
      </input_file>
      <input_file id="fl-102">
         <path>E:\Coding\CCStudio IDE\ccs\tools\compiler\ti-cgt-arm_20.2.5.LTS\lib\</path>
         <kind>archive</kind>
         <file>rtsv7M4_T_le_eabi.lib</file>
         <name>strlen.c.obj</name>
      </input_file>
      <input_file id="fl-103">
         <path>E:\Coding\CCStudio IDE\ccs\tools\compiler\ti-cgt-arm_20.2.5.LTS\lib\</path>
         <kind>archive</kind>
         <file>rtsv7M4_T_le_eabi.lib</file>
         <name>errno.c.obj</name>
      </input_file>
      <input_file id="fl-104">
         <path>E:\Coding\CCStudio IDE\ccs\tools\compiler\ti-cgt-arm_20.2.5.LTS\lib\</path>
         <kind>archive</kind>
         <file>rtsv7M4_T_le_eabi.lib</file>
         <name>s_copysign.c.obj</name>
      </input_file>
   </input_file_list>
   <object_component_list>
      <object_component id="oc-3a7">
         <name>.text:__TI_printfi</name>
         <load_address>0x2000c040</load_address>
         <run_address>0x2000c040</run_address>
         <size>0xa4e</size>
         <input_file_ref idref="fl-eb"/>
      </object_component>
      <object_component id="oc-1de">
         <name>.text:Board_initHook</name>
         <load_address>0x2000ca8e</load_address>
         <run_address>0x2000ca8e</run_address>
         <size>0x2</size>
         <input_file_ref idref="fl-3"/>
      </object_component>
      <object_component id="oc-1d2">
         <name>.text:PRCMCC3200MCUInit</name>
         <load_address>0x2000ca90</load_address>
         <run_address>0x2000ca90</run_address>
         <size>0x42c</size>
         <input_file_ref idref="fl-25"/>
      </object_component>
      <object_component id="oc-837">
         <name>.text:UARTCC32XX_open</name>
         <load_address>0x2000cebc</load_address>
         <run_address>0x2000cebc</run_address>
         <size>0x288</size>
         <input_file_ref idref="fl-16"/>
      </object_component>
      <object_component id="oc-55d">
         <name>.text:_pconv_a</name>
         <load_address>0x2000d144</load_address>
         <run_address>0x2000d144</run_address>
         <size>0x268</size>
         <input_file_ref idref="fl-eb"/>
      </object_component>
      <object_component id="oc-20a">
         <name>.text:initI2C</name>
         <load_address>0x2000d3ac</load_address>
         <run_address>0x2000d3ac</run_address>
         <size>0x250</size>
         <input_file_ref idref="fl-2"/>
      </object_component>
      <object_component id="oc-1ec">
         <name>.text:GPIO_setConfig</name>
         <load_address>0x2000d5fc</load_address>
         <run_address>0x2000d5fc</run_address>
         <size>0x1e4</size>
         <input_file_ref idref="fl-11"/>
      </object_component>
      <object_component id="oc-54b">
         <name>.text:_pconv_g</name>
         <load_address>0x2000d7e0</load_address>
         <run_address>0x2000d7e0</run_address>
         <size>0x1cc</size>
         <input_file_ref idref="fl-eb"/>
      </object_component>
      <object_component id="oc-75c">
         <name>.text</name>
         <load_address>0x2000d9ac</load_address>
         <run_address>0x2000d9ac</run_address>
         <size>0x1b6</size>
         <input_file_ref idref="fl-f0"/>
      </object_component>
      <object_component id="oc-357">
         <name>.text:I2C_init</name>
         <load_address>0x2000db62</load_address>
         <run_address>0x2000db62</run_address>
         <size>0x2</size>
         <input_file_ref idref="fl-e"/>
      </object_component>
      <object_component id="oc-40b">
         <name>.text:PowerCC32XX_sleepPolicy</name>
         <load_address>0x2000db64</load_address>
         <run_address>0x2000db64</run_address>
         <size>0x19c</size>
         <input_file_ref idref="fl-1d"/>
      </object_component>
      <object_component id="oc-15f">
         <name>.text:mainThread</name>
         <load_address>0x2000dd00</load_address>
         <run_address>0x2000dd00</run_address>
         <size>0x174</size>
         <input_file_ref idref="fl-2"/>
      </object_component>
      <object_component id="oc-4d9">
         <name>.text:I2CCC32XX_hwiFxn</name>
         <load_address>0x2000de74</load_address>
         <run_address>0x2000de74</run_address>
         <size>0x148</size>
         <input_file_ref idref="fl-12"/>
      </object_component>
      <object_component id="oc-7cc">
         <name>.text:parkPins</name>
         <load_address>0x2000dfbc</load_address>
         <run_address>0x2000dfbc</run_address>
         <size>0x148</size>
         <input_file_ref idref="fl-13"/>
      </object_component>
      <object_component id="oc-557">
         <name>.text:_pconv_e</name>
         <load_address>0x2000e104</load_address>
         <run_address>0x2000e104</run_address>
         <size>0x13c</size>
         <input_file_ref idref="fl-eb"/>
      </object_component>
      <object_component id="oc-5d3">
         <name>.text:Power_sleep</name>
         <load_address>0x2000e240</load_address>
         <run_address>0x2000e240</run_address>
         <size>0x138</size>
         <input_file_ref idref="fl-13"/>
      </object_component>
      <object_component id="oc-383">
         <name>.text:Timer_open</name>
         <load_address>0x2000e378</load_address>
         <run_address>0x2000e378</run_address>
         <size>0x138</size>
         <input_file_ref idref="fl-15"/>
      </object_component>
      <object_component id="oc-742">
         <name>.text</name>
         <load_address>0x2000e4b0</load_address>
         <run_address>0x2000e4b0</run_address>
         <size>0x136</size>
         <input_file_ref idref="fl-f2"/>
      </object_component>
      <object_component id="oc-4e7">
         <name>.text:I2C_transferTimeout</name>
         <load_address>0x2000e5e6</load_address>
         <run_address>0x2000e5e6</run_address>
         <size>0x122</size>
         <input_file_ref idref="fl-e"/>
      </object_component>
      <object_component id="oc-825">
         <name>.text:UARTCC32XX_close</name>
         <load_address>0x2000e708</load_address>
         <run_address>0x2000e708</run_address>
         <size>0x120</size>
         <input_file_ref idref="fl-16"/>
      </object_component>
      <object_component id="oc-76e">
         <name>.text:fcvt</name>
         <load_address>0x2000e828</load_address>
         <run_address>0x2000e828</run_address>
         <size>0x120</size>
         <input_file_ref idref="fl-eb"/>
      </object_component>
      <object_component id="oc-216">
         <name>.text:readTemp</name>
         <load_address>0x2000e948</load_address>
         <run_address>0x2000e948</run_address>
         <size>0x120</size>
         <input_file_ref idref="fl-2"/>
      </object_component>
      <object_component id="oc-632">
         <name>.text:aligned_alloc</name>
         <load_address>0x2000ea68</load_address>
         <run_address>0x2000ea68</run_address>
         <size>0x100</size>
         <input_file_ref idref="fl-e9"/>
      </object_component>
      <object_component id="oc-363">
         <name>.text:I2C_open</name>
         <load_address>0x2000eb68</load_address>
         <run_address>0x2000eb68</run_address>
         <size>0xfc</size>
         <input_file_ref idref="fl-12"/>
      </object_component>
      <object_component id="oc-73d">
         <name>.text</name>
         <load_address>0x2000ec64</load_address>
         <run_address>0x2000ec64</run_address>
         <size>0xfc</size>
         <input_file_ref idref="fl-f3"/>
      </object_component>
      <object_component id="oc-82b">
         <name>.text:UARTCC32XX_control</name>
         <load_address>0x2000ed60</load_address>
         <run_address>0x2000ed60</run_address>
         <size>0xf2</size>
         <input_file_ref idref="fl-16"/>
      </object_component>
      <object_component id="oc-405">
         <name>.text:PowerCC32XX_initPolicy</name>
         <load_address>0x2000ee52</load_address>
         <run_address>0x2000ee52</run_address>
         <size>0x2</size>
         <input_file_ref idref="fl-1d"/>
      </object_component>
      <object_component id="oc-427">
         <name>.text:free</name>
         <load_address>0x2000ee54</load_address>
         <run_address>0x2000ee54</run_address>
         <size>0xe4</size>
         <input_file_ref idref="fl-e9"/>
      </object_component>
      <object_component id="oc-782">
         <name>.text:scalbn</name>
         <load_address>0x2000ef38</load_address>
         <run_address>0x2000ef38</run_address>
         <size>0xd0</size>
         <input_file_ref idref="fl-ed"/>
      </object_component>
      <object_component id="oc-84f">
         <name>.text:UARTCC32XX_write</name>
         <load_address>0x2000f008</load_address>
         <run_address>0x2000f008</run_address>
         <size>0xca</size>
         <input_file_ref idref="fl-16"/>
      </object_component>
      <object_component id="oc-6e8">
         <name>.text:SemaphoreP_destruct</name>
         <load_address>0x2000f0d2</load_address>
         <run_address>0x2000f0d2</run_address>
         <size>0x2</size>
         <input_file_ref idref="fl-1a"/>
      </object_component>
      <object_component id="oc-1e6">
         <name>.text:GPIO_init</name>
         <load_address>0x2000f0d4</load_address>
         <run_address>0x2000f0d4</run_address>
         <size>0xc4</size>
         <input_file_ref idref="fl-11"/>
      </object_component>
      <object_component id="oc-7e9">
         <name>.text:restoreParkedPins</name>
         <load_address>0x2000f198</load_address>
         <run_address>0x2000f198</run_address>
         <size>0xc0</size>
         <input_file_ref idref="fl-13"/>
      </object_component>
      <object_component id="oc-843">
         <name>.text:UARTCC32XX_readPolling</name>
         <load_address>0x2000f258</load_address>
         <run_address>0x2000f258</run_address>
         <size>0xba</size>
         <input_file_ref idref="fl-16"/>
      </object_component>
      <object_component id="oc-377">
         <name>.text:Timer_init</name>
         <load_address>0x2000f312</load_address>
         <run_address>0x2000f312</run_address>
         <size>0x2</size>
         <input_file_ref idref="fl-f"/>
      </object_component>
      <object_component id="oc-9ac">
         <name>.text:initHw</name>
         <load_address>0x2000f314</load_address>
         <run_address>0x2000f314</run_address>
         <size>0xb8</size>
         <input_file_ref idref="fl-16"/>
      </object_component>
      <object_component id="oc-a55">
         <name>.text:readTaskCallback</name>
         <load_address>0x2000f3cc</load_address>
         <run_address>0x2000f3cc</run_address>
         <size>0xb6</size>
         <input_file_ref idref="fl-16"/>
      </object_component>
      <object_component id="oc-693">
         <name>.text:I2CCC32XX_completeTransfer</name>
         <load_address>0x2000f482</load_address>
         <run_address>0x2000f482</run_address>
         <size>0xb2</size>
         <input_file_ref idref="fl-12"/>
      </object_component>
      <object_component id="oc-540">
         <name>.text:_ltostr</name>
         <load_address>0x2000f534</load_address>
         <run_address>0x2000f534</run_address>
         <size>0xb1</size>
         <input_file_ref idref="fl-eb"/>
      </object_component>
      <object_component id="oc-a43">
         <name>.text:readTaskBlocking</name>
         <load_address>0x2000f5e6</load_address>
         <run_address>0x2000f5e6</run_address>
         <size>0xb0</size>
         <input_file_ref idref="fl-16"/>
      </object_component>
      <object_component id="oc-a49">
         <name>.text:readIsrTextBlocking</name>
         <load_address>0x2000f696</load_address>
         <run_address>0x2000f696</run_address>
         <size>0xae</size>
         <input_file_ref idref="fl-16"/>
      </object_component>
      <object_component id="oc-681">
         <name>.text:I2CCC32XX_primeWriteBurst</name>
         <load_address>0x2000f744</load_address>
         <run_address>0x2000f744</run_address>
         <size>0xa8</size>
         <input_file_ref idref="fl-12"/>
      </object_component>
      <object_component id="oc-b5">
         <name>.text:IntEnable</name>
         <load_address>0x2000f7ec</load_address>
         <run_address>0x2000f7ec</run_address>
         <size>0xa8</size>
         <input_file_ref idref="fl-23"/>
      </object_component>
      <object_component id="oc-2bd">
         <name>.text:PowerCC32XX_configureWakeup</name>
         <load_address>0x2000f894</load_address>
         <run_address>0x2000f894</run_address>
         <size>0xa8</size>
         <input_file_ref idref="fl-13"/>
      </object_component>
      <object_component id="oc-a5b">
         <name>.text:readIsrTextCallback</name>
         <load_address>0x2000f93c</load_address>
         <run_address>0x2000f93c</run_address>
         <size>0xa2</size>
         <input_file_ref idref="fl-16"/>
      </object_component>
      <object_component id="oc-9e3">
         <name>.text:writeData</name>
         <load_address>0x2000f9de</load_address>
         <run_address>0x2000f9de</run_address>
         <size>0xa2</size>
         <input_file_ref idref="fl-16"/>
      </object_component>
      <object_component id="oc-2e3">
         <name>.text:SemaphoreP_pend</name>
         <load_address>0x2000fa80</load_address>
         <run_address>0x2000fa80</run_address>
         <size>0xa0</size>
         <input_file_ref idref="fl-1a"/>
      </object_component>
      <object_component id="oc-4c7">
         <name>.text:I2CCC32XX_initHw</name>
         <load_address>0x2000fb20</load_address>
         <run_address>0x2000fb20</run_address>
         <size>0x9c</size>
         <input_file_ref idref="fl-12"/>
      </object_component>
      <object_component id="oc-3b">
         <name>.text</name>
         <load_address>0x2000fbbc</load_address>
         <run_address>0x2000fbbc</run_address>
         <size>0x9c</size>
         <input_file_ref idref="fl-e4"/>
      </object_component>
      <object_component id="oc-2ff">
         <name>.text:powerNotifyFxn</name>
         <load_address>0x2000fc58</load_address>
         <run_address>0x2000fc58</run_address>
         <size>0x98</size>
         <input_file_ref idref="fl-11"/>
      </object_component>
      <object_component id="oc-5ce">
         <name>.text</name>
         <load_address>0x2000fcf0</load_address>
         <run_address>0x2000fcf0</run_address>
         <size>0x96</size>
         <input_file_ref idref="fl-e5"/>
      </object_component>
      <object_component id="oc-831">
         <name>.text:UARTCC32XX_init</name>
         <load_address>0x2000fd86</load_address>
         <run_address>0x2000fd86</run_address>
         <size>0x2</size>
         <input_file_ref idref="fl-16"/>
      </object_component>
      <object_component id="oc-7dd">
         <name>.text:restoreNVICRegs</name>
         <load_address>0x2000fd88</load_address>
         <run_address>0x2000fd88</run_address>
         <size>0x90</size>
         <input_file_ref idref="fl-13"/>
      </object_component>
      <object_component id="oc-488">
         <name>.text:HwiP_construct</name>
         <load_address>0x2000fe18</load_address>
         <run_address>0x2000fe18</run_address>
         <size>0x8c</size>
         <input_file_ref idref="fl-1c"/>
      </object_component>
      <object_component id="oc-966">
         <name>.text:IntPendSet</name>
         <load_address>0x2000fea4</load_address>
         <run_address>0x2000fea4</run_address>
         <size>0x88</size>
         <input_file_ref idref="fl-23"/>
      </object_component>
      <object_component id="oc-309">
         <name>.text:PinConfigSet</name>
         <load_address>0x2000ff2c</load_address>
         <run_address>0x2000ff2c</run_address>
         <size>0x88</size>
         <input_file_ref idref="fl-24"/>
      </object_component>
      <object_component id="oc-546">
         <name>.text:__aeabi_cdcmple</name>
         <load_address>0x2000ffb4</load_address>
         <run_address>0x2000ffb4</run_address>
         <size>0x86</size>
         <input_file_ref idref="fl-f1"/>
      </object_component>
      <object_component id="oc-747">
         <name>.text:__aeabi_cdrcmple</name>
         <load_address>0x2001003a</load_address>
         <run_address>0x2001003a</run_address>
         <size>0x86</size>
         <input_file_ref idref="fl-f1"/>
      </object_component>
      <object_component id="oc-1d8">
         <name>.text:Power_init</name>
         <load_address>0x200100c0</load_address>
         <run_address>0x200100c0</run_address>
         <size>0x84</size>
         <input_file_ref idref="fl-13"/>
      </object_component>
      <object_component id="oc-7d2">
         <name>.text:saveNVICRegs</name>
         <load_address>0x20010144</load_address>
         <run_address>0x20010144</run_address>
         <size>0x84</size>
         <input_file_ref idref="fl-13"/>
      </object_component>
      <object_component id="oc-30f">
         <name>.text:Power_setDependency</name>
         <load_address>0x200101c8</load_address>
         <run_address>0x200101c8</run_address>
         <size>0x80</size>
         <input_file_ref idref="fl-13"/>
      </object_component>
      <object_component id="oc-a3d">
         <name>.text:readIsrBinaryBlocking</name>
         <load_address>0x20010248</load_address>
         <run_address>0x20010248</run_address>
         <size>0x7c</size>
         <input_file_ref idref="fl-16"/>
      </object_component>
      <object_component id="oc-67b">
         <name>.text:I2CCC32XX_primeReadBurst</name>
         <load_address>0x200102c4</load_address>
         <run_address>0x200102c4</run_address>
         <size>0x7a</size>
         <input_file_ref idref="fl-12"/>
      </object_component>
      <object_component id="oc-39c">
         <name>.text</name>
         <load_address>0x2001033e</load_address>
         <run_address>0x2001033e</run_address>
         <size>0x7a</size>
         <input_file_ref idref="fl-e0"/>
      </object_component>
      <object_component id="oc-9d">
         <name>.text</name>
         <load_address>0x200103b8</load_address>
         <run_address>0x200103b8</run_address>
         <size>0x7a</size>
         <input_file_ref idref="fl-f6"/>
      </object_component>
      <object_component id="oc-3d2">
         <name>.text:_nop</name>
         <load_address>0x20010432</load_address>
         <run_address>0x20010432</run_address>
         <size>0x2</size>
         <input_file_ref idref="fl-fb"/>
      </object_component>
      <object_component id="oc-333">
         <name>.text:GPIO_hwiIntFxn</name>
         <load_address>0x20010434</load_address>
         <run_address>0x20010434</run_address>
         <size>0x78</size>
         <input_file_ref idref="fl-11"/>
      </object_component>
      <object_component id="oc-a4f">
         <name>.text:readIsrBinaryCallback</name>
         <load_address>0x200104ac</load_address>
         <run_address>0x200104ac</run_address>
         <size>0x78</size>
         <input_file_ref idref="fl-16"/>
      </object_component>
      <object_component id="oc-9bb">
         <name>.text:UARTCC32XX_hwiIntFxn</name>
         <load_address>0x20010524</load_address>
         <run_address>0x20010524</run_address>
         <size>0x74</size>
         <input_file_ref idref="fl-16"/>
      </object_component>
      <object_component id="oc-819">
         <name>.text:split</name>
         <load_address>0x20010598</load_address>
         <run_address>0x20010598</run_address>
         <size>0x70</size>
         <input_file_ref idref="fl-e9"/>
      </object_component>
      <object_component id="oc-767">
         <name>.text:_mcpy</name>
         <load_address>0x20010608</load_address>
         <run_address>0x20010608</run_address>
         <size>0x6e</size>
         <input_file_ref idref="fl-eb"/>
      </object_component>
      <object_component id="oc-6ae">
         <name>.text:I2CSupport_primeTransfer</name>
         <load_address>0x20010676</load_address>
         <run_address>0x20010676</run_address>
         <size>0x6a</size>
         <input_file_ref idref="fl-12"/>
      </object_component>
      <object_component id="oc-14">
         <name>.text:decompress:lzss:__TI_decompress_lzss</name>
         <load_address>0x200106e0</load_address>
         <run_address>0x200106e0</run_address>
         <size>0x68</size>
         <input_file_ref idref="fl-e8"/>
      </object_component>
      <object_component id="oc-85b">
         <name>.text:UARTCC32XX_writeCancel</name>
         <load_address>0x20010748</load_address>
         <run_address>0x20010748</run_address>
         <size>0x66</size>
         <input_file_ref idref="fl-16"/>
      </object_component>
      <object_component id="oc-73">
         <name>.text:busFaultHandler</name>
         <load_address>0x200107ae</load_address>
         <run_address>0x200107ae</run_address>
         <size>0x2</size>
         <input_file_ref idref="fl-1e"/>
      </object_component>
      <object_component id="oc-476">
         <name>.text:PowerCC32XX_setParkState</name>
         <load_address>0x200107b0</load_address>
         <run_address>0x200107b0</run_address>
         <size>0x64</size>
         <input_file_ref idref="fl-13"/>
      </object_component>
      <object_component id="oc-855">
         <name>.text:UARTCC32XX_writePolling</name>
         <load_address>0x20010814</load_address>
         <run_address>0x20010814</run_address>
         <size>0x62</size>
         <input_file_ref idref="fl-16"/>
      </object_component>
      <object_component id="oc-44c">
         <name>.text:clkFxn</name>
         <load_address>0x20010876</load_address>
         <run_address>0x20010876</run_address>
         <size>0x2</size>
         <input_file_ref idref="fl-1a"/>
      </object_component>
      <object_component id="oc-28b">
         <name>.text:PRCMSysResetCauseGet</name>
         <load_address>0x20010878</load_address>
         <run_address>0x20010878</run_address>
         <size>0x60</size>
         <input_file_ref idref="fl-25"/>
      </object_component>
      <object_component id="oc-1f8">
         <name>.text:GPIO_setCallback</name>
         <load_address>0x200108d8</load_address>
         <run_address>0x200108d8</run_address>
         <size>0x5c</size>
         <input_file_ref idref="fl-11"/>
      </object_component>
      <object_component id="oc-77c">
         <name>.text:frexp</name>
         <load_address>0x20010934</load_address>
         <run_address>0x20010934</run_address>
         <size>0x5c</size>
         <input_file_ref idref="fl-ec"/>
      </object_component>
      <object_component id="oc-926">
         <name>.text:sysTickInit</name>
         <load_address>0x20010990</load_address>
         <run_address>0x20010990</run_address>
         <size>0x5c</size>
         <input_file_ref idref="fl-1b"/>
      </object_component>
      <object_component id="oc-1f2">
         <name>.text:GPIO_write</name>
         <load_address>0x200109ec</load_address>
         <run_address>0x200109ec</run_address>
         <size>0x58</size>
         <input_file_ref idref="fl-11"/>
      </object_component>
      <object_component id="oc-2a4">
         <name>.text:PRCMPeripheralReset</name>
         <load_address>0x20010a44</load_address>
         <run_address>0x20010a44</run_address>
         <size>0x58</size>
         <input_file_ref idref="fl-25"/>
      </object_component>
      <object_component id="oc-8d3">
         <name>.text:Power_releaseDependency</name>
         <load_address>0x20010a9c</load_address>
         <run_address>0x20010a9c</run_address>
         <size>0x58</size>
         <input_file_ref idref="fl-13"/>
      </object_component>
      <object_component id="oc-551">
         <name>.text:_pconv_f</name>
         <load_address>0x20010af4</load_address>
         <run_address>0x20010af4</run_address>
         <size>0x56</size>
         <input_file_ref idref="fl-eb"/>
      </object_component>
      <object_component id="oc-751">
         <name>.text:__TI_ltoa</name>
         <load_address>0x20010b4a</load_address>
         <run_address>0x20010b4a</run_address>
         <size>0x54</size>
         <input_file_ref idref="fl-fc"/>
      </object_component>
      <object_component id="oc-6d">
         <name>.text:defaultHandler</name>
         <load_address>0x20010b9e</load_address>
         <run_address>0x20010b9e</run_address>
         <size>0x2</size>
         <input_file_ref idref="fl-1e"/>
      </object_component>
      <object_component id="oc-210">
         <name>.text:initTimer</name>
         <load_address>0x20010ba0</load_address>
         <run_address>0x20010ba0</run_address>
         <size>0x54</size>
         <input_file_ref idref="fl-2"/>
      </object_component>
      <object_component id="oc-a98">
         <name>.text:ringBufGet</name>
         <load_address>0x20010bf4</load_address>
         <run_address>0x20010bf4</run_address>
         <size>0x54</size>
         <input_file_ref idref="fl-16"/>
      </object_component>
      <object_component id="oc-943">
         <name>.text:PowerCC32XX_resumeLPDS</name>
         <load_address>0x20010c48</load_address>
         <run_address>0x20010c48</run_address>
         <size>0x52</size>
         <input_file_ref idref="fl-14"/>
      </object_component>
      <object_component id="oc-761">
         <name>.text:_ecpy</name>
         <load_address>0x20010c9a</load_address>
         <run_address>0x20010c9a</run_address>
         <size>0x52</size>
         <input_file_ref idref="fl-eb"/>
      </object_component>
      <object_component id="oc-50f">
         <name>.text:initHw</name>
         <load_address>0x20010cec</load_address>
         <run_address>0x20010cec</run_address>
         <size>0x52</size>
         <input_file_ref idref="fl-15"/>
      </object_component>
      <object_component id="oc-67">
         <name>.text:faultISR</name>
         <load_address>0x20010d3e</load_address>
         <run_address>0x20010d3e</run_address>
         <size>0x2</size>
         <input_file_ref idref="fl-1e"/>
      </object_component>
      <object_component id="oc-79">
         <name>.text:ClockP_sysTickHandler</name>
         <load_address>0x20010d40</load_address>
         <run_address>0x20010d40</run_address>
         <size>0x50</size>
         <input_file_ref idref="fl-1b"/>
      </object_component>
      <object_component id="oc-5f4">
         <name>.text:SemaphoreP_construct</name>
         <load_address>0x20010d90</load_address>
         <run_address>0x20010d90</run_address>
         <size>0x50</size>
         <input_file_ref idref="fl-1a"/>
      </object_component>
      <object_component id="oc-4f7">
         <name>.text:TimerCC32XX_allocateTimerResource</name>
         <load_address>0x20010de0</load_address>
         <run_address>0x20010de0</run_address>
         <size>0x50</size>
         <input_file_ref idref="fl-15"/>
      </object_component>
      <object_component id="oc-1fe">
         <name>.text:GPIO_enableInt</name>
         <load_address>0x20010e30</load_address>
         <run_address>0x20010e30</run_address>
         <size>0x4c</size>
         <input_file_ref idref="fl-11"/>
      </object_component>
      <object_component id="oc-66f">
         <name>.text:I2CCC32XX_readRecieveFifo</name>
         <load_address>0x20010e7c</load_address>
         <run_address>0x20010e7c</run_address>
         <size>0x4c</size>
         <input_file_ref idref="fl-12"/>
      </object_component>
      <object_component id="oc-93a">
         <name>.text:PowerCC32XX_parkPin</name>
         <load_address>0x20010ec8</load_address>
         <run_address>0x20010ec8</run_address>
         <size>0x4c</size>
         <input_file_ref idref="fl-13"/>
      </object_component>
      <object_component id="oc-53a">
         <name>.text:atoi</name>
         <load_address>0x20010f14</load_address>
         <run_address>0x20010f14</run_address>
         <size>0x4c</size>
         <input_file_ref idref="fl-fe"/>
      </object_component>
      <object_component id="oc-7e3">
         <name>.text:restorePeriphClocks</name>
         <load_address>0x20010f60</load_address>
         <run_address>0x20010f60</run_address>
         <size>0x4c</size>
         <input_file_ref idref="fl-13"/>
      </object_component>
      <object_component id="oc-21c">
         <name>.text:snprintf</name>
         <load_address>0x20010fac</load_address>
         <run_address>0x20010fac</run_address>
         <size>0x4c</size>
         <input_file_ref idref="fl-df"/>
      </object_component>
      <object_component id="oc-95e">
         <name>.text:FlashDisable</name>
         <load_address>0x20010ff8</load_address>
         <run_address>0x20010ff8</run_address>
         <size>0x48</size>
         <input_file_ref idref="fl-29"/>
      </object_component>
      <object_component id="oc-7ef">
         <name>.text:PRCMLPDSEnter</name>
         <load_address>0x20011040</load_address>
         <run_address>0x20011040</run_address>
         <size>0x48</size>
         <input_file_ref idref="fl-25"/>
      </object_component>
      <object_component id="oc-29e">
         <name>.text:PRCMPeripheralClkEnable</name>
         <load_address>0x20011088</load_address>
         <run_address>0x20011088</run_address>
         <size>0x48</size>
         <input_file_ref idref="fl-25"/>
      </object_component>
      <object_component id="oc-891">
         <name>.text:Power_releaseConstraint</name>
         <load_address>0x200110d0</load_address>
         <run_address>0x200110d0</run_address>
         <size>0x48</size>
         <input_file_ref idref="fl-13"/>
      </object_component>
      <object_component id="oc-74c">
         <name>.text</name>
         <load_address>0x20011118</load_address>
         <run_address>0x20011118</run_address>
         <size>0x48</size>
         <input_file_ref idref="fl-f4"/>
      </object_component>
      <object_component id="oc-a85">
         <name>.text:RingBuf_put</name>
         <load_address>0x20011160</load_address>
         <run_address>0x20011160</run_address>
         <size>0x46</size>
         <input_file_ref idref="fl-18"/>
      </object_component>
      <object_component id="oc-509">
         <name>.text:getPrescaler</name>
         <load_address>0x200111a6</load_address>
         <run_address>0x200111a6</run_address>
         <size>0x46</size>
         <input_file_ref idref="fl-15"/>
      </object_component>
      <object_component id="oc-61c">
         <name>.text:ClockP_stop</name>
         <load_address>0x200111ec</load_address>
         <run_address>0x200111ec</run_address>
         <size>0x44</size>
         <input_file_ref idref="fl-1b"/>
      </object_component>
      <object_component id="oc-948">
         <name>.text:PRCMLPDSRestoreInfoSet</name>
         <load_address>0x20011230</load_address>
         <run_address>0x20011230</run_address>
         <size>0x44</size>
         <input_file_ref idref="fl-25"/>
      </object_component>
      <object_component id="oc-7d8">
         <name>.text:PowerCC32XX_enterLPDS</name>
         <load_address>0x20011274</load_address>
         <run_address>0x20011274</run_address>
         <size>0x44</size>
         <input_file_ref idref="fl-14"/>
      </object_component>
      <object_component id="oc-2ef">
         <name>.text:SemaphoreP_post</name>
         <load_address>0x200112b8</load_address>
         <run_address>0x200112b8</run_address>
         <size>0x44</size>
         <input_file_ref idref="fl-1a"/>
      </object_component>
      <object_component id="oc-5e4">
         <name>.text:SwiP_restore</name>
         <load_address>0x200112fc</load_address>
         <run_address>0x200112fc</run_address>
         <size>0x44</size>
         <input_file_ref idref="fl-1f"/>
      </object_component>
      <object_component id="oc-389">
         <name>.text:Timer_start</name>
         <load_address>0x20011340</load_address>
         <run_address>0x20011340</run_address>
         <size>0x44</size>
         <input_file_ref idref="fl-f"/>
      </object_component>
      <object_component id="oc-344">
         <name>.text:UART_init</name>
         <load_address>0x20011384</load_address>
         <run_address>0x20011384</run_address>
         <size>0x44</size>
         <input_file_ref idref="fl-10"/>
      </object_component>
      <object_component id="oc-172">
         <name>.text:__TI_auto_init_nobinit_nopinit:__TI_auto_init_nobinit_nopinit</name>
         <load_address>0x200113c8</load_address>
         <run_address>0x200113c8</run_address>
         <size>0x44</size>
         <input_file_ref idref="fl-f7"/>
      </object_component>
      <object_component id="oc-204">
         <name>.text:initUART</name>
         <load_address>0x2001140c</load_address>
         <run_address>0x2001140c</run_address>
         <size>0x44</size>
         <input_file_ref idref="fl-2"/>
      </object_component>
      <object_component id="oc-a2c">
         <name>.text:ClockP_construct</name>
         <load_address>0x20011450</load_address>
         <run_address>0x20011450</run_address>
         <size>0x40</size>
         <input_file_ref idref="fl-1b"/>
      </object_component>
      <object_component id="oc-2b6">
         <name>.text:PinModeSet</name>
         <load_address>0x20011490</load_address>
         <run_address>0x20011490</run_address>
         <size>0x40</size>
         <input_file_ref idref="fl-24"/>
      </object_component>
      <object_component id="oc-9d5">
         <name>.text:RingBuf_get</name>
         <load_address>0x200114d0</load_address>
         <run_address>0x200114d0</run_address>
         <size>0x40</size>
         <input_file_ref idref="fl-18"/>
      </object_component>
      <object_component id="oc-529">
         <name>.text:TimerSupport_timerEnable</name>
         <load_address>0x20011510</load_address>
         <run_address>0x20011510</run_address>
         <size>0x40</size>
         <input_file_ref idref="fl-15"/>
      </object_component>
      <object_component id="oc-503">
         <name>.text:Timer_close</name>
         <load_address>0x20011550</load_address>
         <run_address>0x20011550</run_address>
         <size>0x40</size>
         <input_file_ref idref="fl-15"/>
      </object_component>
      <object_component id="oc-83d">
         <name>.text:UARTCC32XX_read</name>
         <load_address>0x20011590</load_address>
         <run_address>0x20011590</run_address>
         <size>0x40</size>
         <input_file_ref idref="fl-16"/>
      </object_component>
      <object_component id="oc-350">
         <name>.text:UART_open</name>
         <load_address>0x200115d0</load_address>
         <run_address>0x200115d0</run_address>
         <size>0x40</size>
         <input_file_ref idref="fl-10"/>
      </object_component>
      <object_component id="oc-774">
         <name>.text:_fcpy</name>
         <load_address>0x20011610</load_address>
         <run_address>0x20011610</run_address>
         <size>0x3e</size>
         <input_file_ref idref="fl-eb"/>
      </object_component>
      <object_component id="oc-61">
         <name>.text:nmiISR</name>
         <load_address>0x2001164e</load_address>
         <run_address>0x2001164e</run_address>
         <size>0x2</size>
         <input_file_ref idref="fl-1e"/>
      </object_component>
      <object_component id="oc-446">
         <name>.text:ClockP_destruct</name>
         <load_address>0x20011650</load_address>
         <run_address>0x20011650</run_address>
         <size>0x3c</size>
         <input_file_ref idref="fl-1b"/>
      </object_component>
      <object_component id="oc-727">
         <name>.text:Power_setConstraint</name>
         <load_address>0x2001168c</load_address>
         <run_address>0x2001168c</run_address>
         <size>0x3c</size>
         <input_file_ref idref="fl-13"/>
      </object_component>
      <object_component id="oc-5c8">
         <name>.text:getCountsRTC</name>
         <load_address>0x200116c8</load_address>
         <run_address>0x200116c8</run_address>
         <size>0x3a</size>
         <input_file_ref idref="fl-1d"/>
      </object_component>
      <object_component id="oc-7c0">
         <name>.text</name>
         <load_address>0x20011702</load_address>
         <run_address>0x20011702</run_address>
         <size>0x2</size>
         <input_file_ref idref="fl-ef"/>
      </object_component>
      <object_component id="oc-7f5">
         <name>.text:PRCMLPDSEnterKeepDebugIf</name>
         <load_address>0x20011704</load_address>
         <run_address>0x20011704</run_address>
         <size>0x38</size>
         <input_file_ref idref="fl-25"/>
      </object_component>
      <object_component id="oc-db">
         <name>.text:addToList</name>
         <load_address>0x2001173c</load_address>
         <run_address>0x2001173c</run_address>
         <size>0x38</size>
         <input_file_ref idref="fl-1b"/>
      </object_component>
      <object_component id="oc-59">
         <name>.text:initVectors</name>
         <load_address>0x20011774</load_address>
         <run_address>0x20011774</run_address>
         <size>0x38</size>
         <input_file_ref idref="fl-1e"/>
      </object_component>
      <object_component id="oc-7c6">
         <name>.text:notify</name>
         <load_address>0x200117ac</load_address>
         <run_address>0x200117ac</run_address>
         <size>0x38</size>
         <input_file_ref idref="fl-13"/>
      </object_component>
      <object_component id="oc-3a1">
         <name>.text</name>
         <load_address>0x200117e4</load_address>
         <run_address>0x200117e4</run_address>
         <size>0x38</size>
         <input_file_ref idref="fl-e1"/>
      </object_component>
      <object_component id="oc-397">
         <name>.text</name>
         <load_address>0x2001181c</load_address>
         <run_address>0x2001181c</run_address>
         <size>0x38</size>
         <input_file_ref idref="fl-e2"/>
      </object_component>
      <object_component id="oc-708">
         <name>.text:TimerControlStall</name>
         <load_address>0x20011854</load_address>
         <run_address>0x20011854</run_address>
         <size>0x36</size>
         <input_file_ref idref="fl-26"/>
      </object_component>
      <object_component id="oc-6d6">
         <name>.text:Timer_stop</name>
         <load_address>0x2001188a</load_address>
         <run_address>0x2001188a</run_address>
         <size>0x36</size>
         <input_file_ref idref="fl-f"/>
      </object_component>
      <object_component id="oc-849">
         <name>.text:UARTCC32XX_readCancel</name>
         <load_address>0x200118c0</load_address>
         <run_address>0x200118c0</run_address>
         <size>0x36</size>
         <input_file_ref idref="fl-16"/>
      </object_component>
      <object_component id="oc-5b6">
         <name>.text:ClockP_getTicksUntilInterrupt</name>
         <load_address>0x200118f8</load_address>
         <run_address>0x200118f8</run_address>
         <size>0x34</size>
         <input_file_ref idref="fl-1b"/>
      </object_component>
      <object_component id="oc-7b7">
         <name>.text:ClockP_startup</name>
         <load_address>0x2001192c</load_address>
         <run_address>0x2001192c</run_address>
         <size>0x34</size>
         <input_file_ref idref="fl-1b"/>
      </object_component>
      <object_component id="oc-2b0">
         <name>.text:PinModeGet</name>
         <load_address>0x20011960</load_address>
         <run_address>0x20011960</run_address>
         <size>0x34</size>
         <input_file_ref idref="fl-24"/>
      </object_component>
      <object_component id="oc-979">
         <name>.text:PowerCC32XX_restoreParkState</name>
         <load_address>0x20011994</load_address>
         <run_address>0x20011994</run_address>
         <size>0x34</size>
         <input_file_ref idref="fl-13"/>
      </object_component>
      <object_component id="oc-6ee">
         <name>.text:TimerCC32XX_freeTimerResource</name>
         <load_address>0x200119c8</load_address>
         <run_address>0x200119c8</run_address>
         <size>0x34</size>
         <input_file_ref idref="fl-15"/>
      </object_component>
      <object_component id="oc-521">
         <name>.text:TimerCC32XX_hwiIntFunction</name>
         <load_address>0x200119fc</load_address>
         <run_address>0x200119fc</run_address>
         <size>0x34</size>
         <input_file_ref idref="fl-15"/>
      </object_component>
      <object_component id="oc-6cb">
         <name>.text:getPowerMgrId</name>
         <load_address>0x20011a30</load_address>
         <run_address>0x20011a30</run_address>
         <size>0x34</size>
         <input_file_ref idref="fl-15"/>
      </object_component>
      <object_component id="oc-434">
         <name>.text:ClockP_start</name>
         <load_address>0x20011a64</load_address>
         <run_address>0x20011a64</run_address>
         <size>0x30</size>
         <input_file_ref idref="fl-1b"/>
      </object_component>
      <object_component id="oc-957">
         <name>.text:PowerCC32XX_restoreParkedPin</name>
         <load_address>0x20011a94</load_address>
         <run_address>0x20011a94</run_address>
         <size>0x30</size>
         <input_file_ref idref="fl-13"/>
      </object_component>
      <object_component id="oc-3ad">
         <name>.text:_outs</name>
         <load_address>0x20011ac4</load_address>
         <run_address>0x20011ac4</run_address>
         <size>0x30</size>
         <input_file_ref idref="fl-df"/>
      </object_component>
      <object_component id="oc-757">
         <name>.text</name>
         <load_address>0x20011af4</load_address>
         <run_address>0x20011af4</run_address>
         <size>0x2e</size>
         <input_file_ref idref="fl-f5"/>
      </object_component>
      <object_component id="oc-99a">
         <name>.text:PowerCC32XX_getParkState</name>
         <load_address>0x20011b24</load_address>
         <run_address>0x20011b24</run_address>
         <size>0x2c</size>
         <input_file_ref idref="fl-13"/>
      </object_component>
      <object_component id="oc-31b">
         <name>.text:HwiP_create</name>
         <load_address>0x20011b50</load_address>
         <run_address>0x20011b50</run_address>
         <size>0x2a</size>
         <input_file_ref idref="fl-1c"/>
      </object_component>
      <object_component id="oc-702">
         <name>.text:TimerLoadSet</name>
         <load_address>0x20011b7a</load_address>
         <run_address>0x20011b7a</run_address>
         <size>0x2a</size>
         <input_file_ref idref="fl-26"/>
      </object_component>
      <object_component id="oc-6fc">
         <name>.text:TimerPrescaleSet</name>
         <load_address>0x20011ba4</load_address>
         <run_address>0x20011ba4</run_address>
         <size>0x2a</size>
         <input_file_ref idref="fl-26"/>
      </object_component>
      <object_component id="oc-687">
         <name>.text:I2CFIFODataPutNonBlocking</name>
         <load_address>0x20011bce</load_address>
         <run_address>0x20011bce</run_address>
         <size>0x28</size>
         <input_file_ref idref="fl-22"/>
      </object_component>
      <object_component id="oc-2aa">
         <name>.text:PRCMPeripheralClkDisable</name>
         <load_address>0x20011bf8</load_address>
         <run_address>0x20011bf8</run_address>
         <size>0x28</size>
         <input_file_ref idref="fl-25"/>
      </object_component>
      <object_component id="oc-2e9">
         <name>.text:Power_registerNotify</name>
         <load_address>0x20011c20</load_address>
         <run_address>0x20011c20</run_address>
         <size>0x28</size>
         <input_file_ref idref="fl-13"/>
      </object_component>
      <object_component id="oc-614">
         <name>.text:free_list_insert</name>
         <load_address>0x20011c48</load_address>
         <run_address>0x20011c48</run_address>
         <size>0x28</size>
         <input_file_ref idref="fl-e9"/>
      </object_component>
      <object_component id="oc-86d">
         <name>.text:I2CFIFODataGetNonBlocking</name>
         <load_address>0x20011c70</load_address>
         <run_address>0x20011c70</run_address>
         <size>0x26</size>
         <input_file_ref idref="fl-22"/>
      </object_component>
      <object_component id="oc-6ba">
         <name>.text:I2C_cancel</name>
         <load_address>0x20011c96</load_address>
         <run_address>0x20011c96</run_address>
         <size>0x26</size>
         <input_file_ref idref="fl-e"/>
      </object_component>
      <object_component id="oc-456">
         <name>.text:List_put</name>
         <load_address>0x20011cbc</load_address>
         <run_address>0x20011cbc</run_address>
         <size>0x26</size>
         <input_file_ref idref="fl-17"/>
      </object_component>
      <object_component id="oc-8c4">
         <name>.text:List_remove</name>
         <load_address>0x20011ce2</load_address>
         <run_address>0x20011ce2</run_address>
         <size>0x26</size>
         <input_file_ref idref="fl-17"/>
      </object_component>
      <object_component id="oc-63c">
         <name>.text:HwiP_dispatch</name>
         <load_address>0x20011d08</load_address>
         <run_address>0x20011d08</run_address>
         <size>0x24</size>
         <input_file_ref idref="fl-1c"/>
      </object_component>
      <object_component id="oc-994">
         <name>.text:PowerCC32XX_reset</name>
         <load_address>0x20011d2c</load_address>
         <run_address>0x20011d2c</run_address>
         <size>0x24</size>
         <input_file_ref idref="fl-13"/>
      </object_component>
      <object_component id="oc-8bd">
         <name>.text:TimerSupport_timerDisable</name>
         <load_address>0x20011d50</load_address>
         <run_address>0x20011d50</run_address>
         <size>0x24</size>
         <input_file_ref idref="fl-15"/>
      </object_component>
      <object_component id="oc-c5">
         <name>.text:_c_int00_noargs:_c_int00_noargs</name>
         <load_address>0x20011d74</load_address>
         <run_address>0x20011d74</run_address>
         <size>0x24</size>
         <input_file_ref idref="fl-ea"/>
      </object_component>
      <object_component id="oc-875">
         <name>.text:I2CMasterSlaveAddrSet</name>
         <load_address>0x20011d98</load_address>
         <run_address>0x20011d98</run_address>
         <size>0x22</size>
         <input_file_ref idref="fl-22"/>
      </object_component>
      <object_component id="oc-8cb">
         <name>.text:HwiP_destruct</name>
         <load_address>0x20011dba</load_address>
         <run_address>0x20011dba</run_address>
         <size>0x20</size>
         <input_file_ref idref="fl-1c"/>
      </object_component>
      <object_component id="oc-6dc">
         <name>.text:Power_unregisterNotify</name>
         <load_address>0x20011ddc</load_address>
         <run_address>0x20011ddc</run_address>
         <size>0x20</size>
         <input_file_ref idref="fl-13"/>
      </object_component>
      <object_component id="oc-980">
         <name>.text:RingBuf_peek</name>
         <load_address>0x20011dfc</load_address>
         <run_address>0x20011dfc</run_address>
         <size>0x20</size>
         <input_file_ref idref="fl-18"/>
      </object_component>
      <object_component id="oc-98e">
         <name>.text:getPowerMgrId</name>
         <load_address>0x20011e1c</load_address>
         <run_address>0x20011e1c</run_address>
         <size>0x20</size>
         <input_file_ref idref="fl-16"/>
      </object_component>
      <object_component id="oc-663">
         <name>.text:I2CMasterIntStatusEx</name>
         <load_address>0x20011e3c</load_address>
         <run_address>0x20011e3c</run_address>
         <size>0x1e</size>
         <input_file_ref idref="fl-22"/>
      </object_component>
      <object_component id="oc-4c1">
         <name>.text:SemaphoreP_constructBinary</name>
         <load_address>0x20011e5a</load_address>
         <run_address>0x20011e5a</run_address>
         <size>0x1e</size>
         <input_file_ref idref="fl-1a"/>
      </object_component>
      <object_component id="oc-6f6">
         <name>.text:TimerDisable</name>
         <load_address>0x20011e78</load_address>
         <run_address>0x20011e78</run_address>
         <size>0x1e</size>
         <input_file_ref idref="fl-26"/>
      </object_component>
      <object_component id="oc-72d">
         <name>.text:TimerEnable</name>
         <load_address>0x20011e96</load_address>
         <run_address>0x20011e96</run_address>
         <size>0x1e</size>
         <input_file_ref idref="fl-26"/>
      </object_component>
      <object_component id="oc-934">
         <name>.text:PinToPadGet</name>
         <load_address>0x20011eb4</load_address>
         <run_address>0x20011eb4</run_address>
         <size>0x1c</size>
         <input_file_ref idref="fl-24"/>
      </object_component>
      <object_component id="oc-5aa">
         <name>.text:SwiP_disable</name>
         <load_address>0x20011ed0</load_address>
         <run_address>0x20011ed0</run_address>
         <size>0x1c</size>
         <input_file_ref idref="fl-1f"/>
      </object_component>
      <object_component id="oc-60e">
         <name>.text:free_list_remove</name>
         <load_address>0x20011eec</load_address>
         <run_address>0x20011eec</run_address>
         <size>0x1c</size>
         <input_file_ref idref="fl-e9"/>
      </object_component>
      <object_component id="oc-563">
         <name>.text:memccpy</name>
         <load_address>0x20011f08</load_address>
         <run_address>0x20011f08</run_address>
         <size>0x1c</size>
         <input_file_ref idref="fl-100"/>
      </object_component>
      <object_component id="oc-9a6">
         <name>.text:ClockP_create</name>
         <load_address>0x20011f24</load_address>
         <run_address>0x20011f24</run_address>
         <size>0x1a</size>
         <input_file_ref idref="fl-1b"/>
      </object_component>
      <object_component id="oc-2cb">
         <name>.text:SemaphoreP_createBinary</name>
         <load_address>0x20011f3e</load_address>
         <run_address>0x20011f3e</run_address>
         <size>0x1a</size>
         <input_file_ref idref="fl-1a"/>
      </object_component>
      <object_component id="oc-21">
         <name>.text:resetISR</name>
         <load_address>0x20011f58</load_address>
         <run_address>0x20011f58</run_address>
         <size>0x1a</size>
         <input_file_ref idref="fl-1e"/>
      </object_component>
      <object_component id="oc-8a6">
         <name>.text:I2CMasterBusBusy</name>
         <load_address>0x20011f72</load_address>
         <run_address>0x20011f72</run_address>
         <size>0x18</size>
         <input_file_ref idref="fl-22"/>
      </object_component>
      <object_component id="oc-675">
         <name>.text:I2CMasterIntDisableEx</name>
         <load_address>0x20011f8a</load_address>
         <run_address>0x20011f8a</run_address>
         <size>0x18</size>
         <input_file_ref idref="fl-22"/>
      </object_component>
      <object_component id="oc-887">
         <name>.text:I2CMasterIntEnableEx</name>
         <load_address>0x20011fa2</load_address>
         <run_address>0x20011fa2</run_address>
         <size>0x18</size>
         <input_file_ref idref="fl-22"/>
      </object_component>
      <object_component id="oc-8a0">
         <name>.text:I2CRxFIFOFlush</name>
         <load_address>0x20011fba</load_address>
         <run_address>0x20011fba</run_address>
         <size>0x18</size>
         <input_file_ref idref="fl-22"/>
      </object_component>
      <object_component id="oc-89a">
         <name>.text:I2CTxFIFOFlush</name>
         <load_address>0x20011fd2</load_address>
         <run_address>0x20011fd2</run_address>
         <size>0x18</size>
         <input_file_ref idref="fl-22"/>
      </object_component>
      <object_component id="oc-5bc">
         <name>.text:Power_getTransitionLatency</name>
         <load_address>0x20011fec</load_address>
         <run_address>0x20011fec</run_address>
         <size>0x18</size>
         <input_file_ref idref="fl-13"/>
      </object_component>
      <object_component id="oc-808">
         <name>.text:Power_idleFunc</name>
         <load_address>0x20012004</load_address>
         <run_address>0x20012004</run_address>
         <size>0x18</size>
         <input_file_ref idref="fl-13"/>
      </object_component>
      <object_component id="oc-9fb">
         <name>.text:TimerIntDisable</name>
         <load_address>0x2001201c</load_address>
         <run_address>0x2001201c</run_address>
         <size>0x18</size>
         <input_file_ref idref="fl-26"/>
      </object_component>
      <object_component id="oc-721">
         <name>.text:TimerIntEnable</name>
         <load_address>0x20012034</load_address>
         <run_address>0x20012034</run_address>
         <size>0x18</size>
         <input_file_ref idref="fl-26"/>
      </object_component>
      <object_component id="oc-9dd">
         <name>.text:UARTBusy</name>
         <load_address>0x2001204c</load_address>
         <run_address>0x2001204c</run_address>
         <size>0x18</size>
         <input_file_ref idref="fl-27"/>
      </object_component>
      <object_component id="oc-a70">
         <name>.text:UARTIntEnable</name>
         <load_address>0x20012064</load_address>
         <run_address>0x20012064</run_address>
         <size>0x18</size>
         <input_file_ref idref="fl-27"/>
      </object_component>
      <object_component id="oc-34a">
         <name>.text:UART_Params_init</name>
         <load_address>0x2001207c</load_address>
         <run_address>0x2001207c</run_address>
         <size>0x18</size>
         <input_file_ref idref="fl-10"/>
      </object_component>
      <object_component id="oc-3b3">
         <name>.text:_outc</name>
         <load_address>0x20012094</load_address>
         <run_address>0x20012094</run_address>
         <size>0x18</size>
         <input_file_ref idref="fl-df"/>
      </object_component>
      <object_component id="oc-228">
         <name>.text:gpioButtonFxn0</name>
         <load_address>0x200120ac</load_address>
         <run_address>0x200120ac</run_address>
         <size>0x18</size>
         <input_file_ref idref="fl-2"/>
      </object_component>
      <object_component id="oc-22e">
         <name>.text:gpioButtonFxn1</name>
         <load_address>0x200120c4</load_address>
         <run_address>0x200120c4</run_address>
         <size>0x18</size>
         <input_file_ref idref="fl-2"/>
      </object_component>
      <object_component id="oc-5d9">
         <name>.text</name>
         <load_address>0x200120dc</load_address>
         <run_address>0x200120dc</run_address>
         <size>0x18</size>
         <input_file_ref idref="fl-e3"/>
      </object_component>
      <object_component id="oc-38f">
         <name>.text:timerCallback</name>
         <load_address>0x200120f4</load_address>
         <run_address>0x200120f4</run_address>
         <size>0x18</size>
         <input_file_ref idref="fl-2"/>
      </object_component>
      <object_component id="oc-881">
         <name>.text:I2CMasterBurstLengthSet</name>
         <load_address>0x2001210c</load_address>
         <run_address>0x2001210c</run_address>
         <size>0x16</size>
         <input_file_ref idref="fl-22"/>
      </object_component>
      <object_component id="oc-298">
         <name>.text:PRCMHIBRegRead</name>
         <load_address>0x20012122</load_address>
         <run_address>0x20012122</run_address>
         <size>0x16</size>
         <input_file_ref idref="fl-25"/>
      </object_component>
      <object_component id="oc-292">
         <name>.text:PRCMHIBRegWrite</name>
         <load_address>0x20012138</load_address>
         <run_address>0x20012138</run_address>
         <size>0x16</size>
         <input_file_ref idref="fl-25"/>
      </object_component>
      <object_component id="oc-41c">
         <name>.text:SemaphoreP_create</name>
         <load_address>0x2001214e</load_address>
         <run_address>0x2001214e</run_address>
         <size>0x16</size>
         <input_file_ref idref="fl-1a"/>
      </object_component>
      <object_component id="oc-788">
         <name>.text:strchr</name>
         <load_address>0x20012164</load_address>
         <run_address>0x20012164</run_address>
         <size>0x16</size>
         <input_file_ref idref="fl-101"/>
      </object_component>
      <object_component id="oc-a3">
         <name>.text:CPUcpsid</name>
         <load_address>0x2001217a</load_address>
         <run_address>0x2001217a</run_address>
         <size>0x14</size>
         <input_file_ref idref="fl-21"/>
      </object_component>
      <object_component id="oc-45d">
         <name>.text:HwiP_inISR</name>
         <load_address>0x20012190</load_address>
         <run_address>0x20012190</run_address>
         <size>0x14</size>
         <input_file_ref idref="fl-1c"/>
      </object_component>
      <object_component id="oc-8ae">
         <name>.text:I2CSupport_masterFinish</name>
         <load_address>0x200121a4</load_address>
         <run_address>0x200121a4</run_address>
         <size>0x14</size>
         <input_file_ref idref="fl-12"/>
      </object_component>
      <object_component id="oc-369">
         <name>.text:I2C_transfer</name>
         <load_address>0x200121b8</load_address>
         <run_address>0x200121b8</run_address>
         <size>0x14</size>
         <input_file_ref idref="fl-e"/>
      </object_component>
      <object_component id="oc-af">
         <name>.text:IntVTableBaseSet</name>
         <load_address>0x200121cc</load_address>
         <run_address>0x200121cc</run_address>
         <size>0x14</size>
         <input_file_ref idref="fl-23"/>
      </object_component>
      <object_component id="oc-463">
         <name>.text:Power_disablePolicy</name>
         <load_address>0x200121e0</load_address>
         <run_address>0x200121e0</run_address>
         <size>0x14</size>
         <input_file_ref idref="fl-13"/>
      </object_component>
      <object_component id="oc-950">
         <name>.text:Power_getDependencyCount</name>
         <load_address>0x200121f4</load_address>
         <run_address>0x200121f4</run_address>
         <size>0x14</size>
         <input_file_ref idref="fl-13"/>
      </object_component>
      <object_component id="oc-a6a">
         <name>.text:releasePowerConstraint</name>
         <load_address>0x20012208</load_address>
         <run_address>0x20012208</run_address>
         <size>0x14</size>
         <input_file_ref idref="fl-16"/>
      </object_component>
      <object_component id="oc-534">
         <name>.text:strlen</name>
         <load_address>0x2001221c</load_address>
         <run_address>0x2001221c</run_address>
         <size>0x14</size>
         <input_file_ref idref="fl-102"/>
      </object_component>
      <object_component id="oc-315">
         <name>.text:HwiP_Params_init</name>
         <load_address>0x20012230</load_address>
         <run_address>0x20012230</run_address>
         <size>0x12</size>
         <input_file_ref idref="fl-1c"/>
      </object_component>
      <object_component id="oc-669">
         <name>.text:I2CMasterIntClearEx</name>
         <load_address>0x20012242</load_address>
         <run_address>0x20012242</run_address>
         <size>0x12</size>
         <input_file_ref idref="fl-22"/>
      </object_component>
      <object_component id="oc-988">
         <name>.text:RingBuf_construct</name>
         <load_address>0x20012254</load_address>
         <run_address>0x20012254</run_address>
         <size>0x12</size>
         <input_file_ref idref="fl-18"/>
      </object_component>
      <object_component id="oc-718">
         <name>.text:TimerIntClear</name>
         <load_address>0x20012266</load_address>
         <run_address>0x20012266</run_address>
         <size>0x12</size>
         <input_file_ref idref="fl-26"/>
      </object_component>
      <object_component id="oc-11a">
         <name>.text:main</name>
         <load_address>0x20012278</load_address>
         <run_address>0x20012278</run_address>
         <size>0x12</size>
         <input_file_ref idref="fl-4"/>
      </object_component>
      <object_component id="oc-569">
         <name>.text:wcslen</name>
         <load_address>0x2001228a</load_address>
         <run_address>0x2001228a</run_address>
         <size>0x12</size>
         <input_file_ref idref="fl-ee"/>
      </object_component>
      <object_component id="oc-153">
[...]
      </symbol>
      <symbol id="sm-ad2">
         <name>HwiP_disableInterrupt</name>
         <value>0x20012399</value>
         <object_component_ref idref="oc-6a8"/>
      </symbol>
      <symbol id="sm-b02">
         <name>PowerCC32XX_initPolicy</name>
         <value>0x2000ee53</value>
         <object_component_ref idref="oc-405"/>
      </symbol>
      <symbol id="sm-b03">
         <name>PowerCC32XX_sleepPolicy</name>
         <value>0x2000db65</value>
         <object_component_ref idref="oc-40b"/>
      </symbol>
      <symbol id="sm-b58">
         <name>resetISR</name>
         <value>0x20011f59</value>
         <object_component_ref idref="oc-21"/>
      </symbol>
      <symbol id="sm-b59">
         <name>resetVectorAddr</name>
         <value>0x20011f6c</value>
         <object_component_ref idref="oc-21"/>
      </symbol>
      <symbol id="sm-b5a">
         <name>initVectors</name>
         <value>0x20011775</value>
         <object_component_ref idref="oc-59"/>
      </symbol>
      <symbol id="sm-b5b">
         <name>resetVectors</name>
         <value>0x20004000</value>
         <object_component_ref idref="oc-27"/>
      </symbol>
      <symbol id="sm-b8b">
         <name>SwiP_disable</name>
         <value>0x20011ed1</value>
         <object_component_ref idref="oc-5aa"/>
      </symbol>
      <symbol id="sm-b8c">
         <name>SwiP_restore</name>
         <value>0x200112fd</value>
         <object_component_ref idref="oc-5e4"/>
      </symbol>
      <symbol id="sm-b97">
         <name>CPUcpsid</name>
         <value>0x2001217b</value>
         <object_component_ref idref="oc-a3"/>
      </symbol>
      <symbol id="sm-c04">
         <name>I2CRxFIFOFlush</name>
         <value>0x20011fbb</value>
         <object_component_ref idref="oc-8a0"/>
      </symbol>
      <symbol id="sm-c05">
         <name>I2CTxFIFOFlush</name>
         <value>0x20011fd3</value>
         <object_component_ref idref="oc-89a"/>
      </symbol>
      <symbol id="sm-c06">
         <name>I2CFIFODataPutNonBlocking</name>
         <value>0x20011bcf</value>
         <object_component_ref idref="oc-687"/>
      </symbol>
      <symbol id="sm-c07">
         <name>I2CMasterBusBusy</name>
         <value>0x20011f73</value>
         <object_component_ref idref="oc-8a6"/>
      </symbol>
      <symbol id="sm-c08">
         <name>I2CMasterIntDisableEx</name>
         <value>0x20011f8b</value>
         <object_component_ref idref="oc-675"/>
      </symbol>
      <symbol id="sm-c09">
         <name>I2CMasterBurstLengthSet</name>
         <value>0x2001210d</value>
         <object_component_ref idref="oc-881"/>
      </symbol>
      <symbol id="sm-c0a">
         <name>I2CMasterIntClearEx</name>
         <value>0x20012243</value>
         <object_component_ref idref="oc-669"/>
      </symbol>
      <symbol id="sm-c0b">
         <name>I2CMasterSlaveAddrSet</name>
         <value>0x20011d99</value>
         <object_component_ref idref="oc-875"/>
      </symbol>
      <symbol id="sm-c0c">
         <name>I2CMasterIntEnableEx</name>
         <value>0x20011fa3</value>
         <object_component_ref idref="oc-887"/>
      </symbol>
      <symbol id="sm-c0d">
         <name>I2CFIFOStatus</name>
         <value>0x2001231d</value>
         <object_component_ref idref="oc-68d"/>
      </symbol>
      <symbol id="sm-c0e">
         <name>I2CMasterIntStatusEx</name>
         <value>0x20011e3d</value>
         <object_component_ref idref="oc-663"/>
      </symbol>
      <symbol id="sm-c0f">
         <name>I2CFIFODataGetNonBlocking</name>
         <value>0x20011c71</value>
         <object_component_ref idref="oc-86d"/>
      </symbol>
      <symbol id="sm-c54">
         <name>IntVTableBaseSet</name>
         <value>0x200121cd</value>
         <object_component_ref idref="oc-af"/>
      </symbol>
      <symbol id="sm-c55">
         <name>IntEnable</name>
         <value>0x2000f7ed</value>
         <object_component_ref idref="oc-b5"/>
      </symbol>
      <symbol id="sm-c56">
         <name>IntMasterDisable</name>
         <value>0x20012449</value>
         <object_component_ref idref="oc-53"/>
      </symbol>
      <symbol id="sm-c57">
         <name>IntPendSet</name>
         <value>0x2000fea5</value>
         <object_component_ref idref="oc-966"/>
      </symbol>
      <symbol id="sm-c91">
         <name>PinModeGet</name>
         <value>0x20011961</value>
         <object_component_ref idref="oc-2b0"/>
      </symbol>
      <symbol id="sm-c92">
         <name>PinConfigSet</name>
         <value>0x2000ff2d</value>
         <object_component_ref idref="oc-309"/>
      </symbol>
      <symbol id="sm-c93">
         <name>PinModeSet</name>
         <value>0x20011491</value>
         <object_component_ref idref="oc-2b6"/>
      </symbol>
      <symbol id="sm-c94">
         <name>PinToPadGet</name>
         <value>0x20011eb5</value>
         <object_component_ref idref="oc-934"/>
      </symbol>
      <symbol id="sm-d5d">
         <name>PRCMLPDSRestoreInfoSet</name>
         <value>0x20011231</value>
         <object_component_ref idref="oc-948"/>
      </symbol>
      <symbol id="sm-d5e">
         <name>PRCMPeripheralReset</name>
         <value>0x20010a45</value>
         <object_component_ref idref="oc-2a4"/>
      </symbol>
      <symbol id="sm-d5f">
         <name>PRCMLPDSEnter</name>
         <value>0x20011041</value>
         <object_component_ref idref="oc-7ef"/>
      </symbol>
      <symbol id="sm-d60">
         <name>PRCMPeripheralClkEnable</name>
         <value>0x20011089</value>
         <object_component_ref idref="oc-29e"/>
      </symbol>
      <symbol id="sm-d61">
         <name>PRCMLPDSEnterKeepDebugIf</name>
         <value>0x20011705</value>
         <object_component_ref idref="oc-7f5"/>
      </symbol>
      <symbol id="sm-d62">
         <name>PRCMCC3200MCUInit</name>
         <value>0x2000ca91</value>
         <object_component_ref idref="oc-1d2"/>
      </symbol>
      <symbol id="sm-d63">
         <name>PRCMHIBRegWrite</name>
         <value>0x20012139</value>
         <object_component_ref idref="oc-292"/>
      </symbol>
      <symbol id="sm-d64">
         <name>PRCMSysResetCauseGet</name>
         <value>0x20010879</value>
         <object_component_ref idref="oc-28b"/>
      </symbol>
      <symbol id="sm-d65">
         <name>PRCMPeripheralClkDisable</name>
         <value>0x20011bf9</value>
         <object_component_ref idref="oc-2aa"/>
      </symbol>
      <symbol id="sm-d66">
         <name>PRCMHIBRegRead</name>
         <value>0x20012123</value>
         <object_component_ref idref="oc-298"/>
      </symbol>
      <symbol id="sm-dae">
         <name>TimerLoadSet</name>
         <value>0x20011b7b</value>
         <object_component_ref idref="oc-702"/>
      </symbol>
      <symbol id="sm-daf">
         <name>TimerDisable</name>
         <value>0x20011e79</value>
         <object_component_ref idref="oc-6f6"/>
      </symbol>
      <symbol id="sm-db0">
         <name>TimerEnable</name>
         <value>0x20011e97</value>
         <object_component_ref idref="oc-72d"/>
      </symbol>
      <symbol id="sm-db1">
         <name>TimerIntDisable</name>
         <value>0x2001201d</value>
         <object_component_ref idref="oc-9fb"/>
      </symbol>
      <symbol id="sm-db2">
         <name>TimerPrescaleSet</name>
         <value>0x20011ba5</value>
         <object_component_ref idref="oc-6fc"/>
      </symbol>
      <symbol id="sm-db3">
         <name>TimerControlStall</name>
         <value>0x20011855</value>
         <object_component_ref idref="oc-708"/>
      </symbol>
      <symbol id="sm-db4">
         <name>TimerIntEnable</name>
         <value>0x20012035</value>
         <object_component_ref idref="oc-721"/>
      </symbol>
      <symbol id="sm-db5">
         <name>TimerIntClear</name>
         <value>0x20012267</value>
         <object_component_ref idref="oc-718"/>
      </symbol>
      <symbol id="sm-dc9">
         <name>UARTBusy</name>
         <value>0x2001204d</value>
         <object_component_ref idref="oc-9dd"/>
      </symbol>
      <symbol id="sm-dca">
         <name>UARTIntEnable</name>
         <value>0x20012065</value>
         <object_component_ref idref="oc-a70"/>
      </symbol>
      <symbol id="sm-dce">
         <name>UtilsDelay</name>
         <value>0x20012491</value>
         <object_component_ref idref="oc-291"/>
      </symbol>
      <symbol id="sm-dde">
         <name>FlashDisable</name>
         <value>0x20010ff9</value>
         <object_component_ref idref="oc-95e"/>
      </symbol>
      <symbol id="sm-e0d">
         <name>snprintf</name>
         <value>0x20010fad</value>
         <object_component_ref idref="oc-21c"/>
      </symbol>
      <symbol id="sm-e17">
         <name>__aeabi_fmul</name>
         <value>0x2001033f</value>
         <object_component_ref idref="oc-39c"/>
      </symbol>
      <symbol id="sm-e21">
         <name>__aeabi_f2iz</name>
         <value>0x200117e5</value>
         <object_component_ref idref="oc-3a1"/>
      </symbol>
      <symbol id="sm-e2c">
         <name>__aeabi_i2f</name>
         <value>0x2001181d</value>
         <object_component_ref idref="oc-397"/>
      </symbol>
      <symbol id="sm-e35">
         <name>__aeabi_lmul</name>
         <value>0x200120dd</value>
         <object_component_ref idref="oc-5d9"/>
      </symbol>
      <symbol id="sm-e50">
         <name>memcpy</name>
         <value>0x2000fbbd</value>
         <object_component_ref idref="oc-3b"/>
      </symbol>
      <symbol id="sm-e51">
         <name>__aeabi_memcpy</name>
         <value>0x2000fbbd</value>
         <object_component_ref idref="oc-3b"/>
      </symbol>
      <symbol id="sm-e52">
         <name>__aeabi_memcpy8</name>
         <value>0x2000fbbd</value>
         <object_component_ref idref="oc-3b"/>
      </symbol>
      <symbol id="sm-e53">
         <name>__aeabi_memcpy4</name>
         <value>0x2000fbbd</value>
         <object_component_ref idref="oc-3b"/>
      </symbol>
      <symbol id="sm-e60">
         <name>__aeabi_uldivmod</name>
         <value>0x2000fcf1</value>
         <object_component_ref idref="oc-5ce"/>
      </symbol>
      <symbol id="sm-e72">
         <name>__TI_zero_init</name>
         <value>0x20012411</value>
         <object_component_ref idref="oc-4d"/>
      </symbol>
      <symbol id="sm-e89">
         <name>__TI_decompress_none</name>
         <value>0x200123df</value>
         <object_component_ref idref="oc-1a"/>
      </symbol>
      <symbol id="sm-eac">
         <name>__TI_decompress_lzss</name>
         <value>0x200106e1</value>
         <object_component_ref idref="oc-14"/>
      </symbol>
      <symbol id="sm-f35">
         <name>_sys_memory</name>
         <value>0x20004040</value>
         <object_component_ref idref="oc-2a"/>
      </symbol>
      <symbol id="sm-f36">
         <name>free</name>
         <value>0x2000ee55</value>
         <object_component_ref idref="oc-427"/>
      </symbol>
      <symbol id="sm-f37">
         <name>memalign</name>
         <value>0x2000ea69</value>
         <object_component_ref idref="oc-632"/>
      </symbol>
      <symbol id="sm-f38">
         <name>malloc</name>
         <value>0x2001246d</value>
         <object_component_ref idref="oc-482"/>
      </symbol>
      <symbol id="sm-f39">
         <name>aligned_alloc</name>
         <value>0x2000ea69</value>
         <object_component_ref idref="oc-632"/>
      </symbol>
      <symbol id="sm-f4b">
         <name>__stack</name>
         <value>0x20003000</value>
         <object_component_ref idref="oc-2d"/>
      </symbol>
      <symbol id="sm-f4c">
         <name>_c_int00_noargs</name>
         <value>0x20011d75</value>
         <object_component_ref idref="oc-c5"/>
      </symbol>
      <symbol id="sm-10b1">
         <name>__TI_printfi</name>
         <value>0x2000c041</value>
         <object_component_ref idref="oc-3a7"/>
      </symbol>
      <symbol id="sm-10d1">
         <name>frexpl</name>
         <value>0x20010935</value>
         <object_component_ref idref="oc-77c"/>
      </symbol>
      <symbol id="sm-10d2">
         <name>frexp</name>
         <value>0x20010935</value>
         <object_component_ref idref="oc-77c"/>
      </symbol>
      <symbol id="sm-10f0">
         <name>scalbn</name>
         <value>0x2000ef39</value>
         <object_component_ref idref="oc-782"/>
      </symbol>
      <symbol id="sm-10f1">
         <name>scalbnl</name>
         <value>0x2000ef39</value>
         <object_component_ref idref="oc-782"/>
      </symbol>
      <symbol id="sm-10f2">
         <name>ldexpl</name>
         <value>0x2000ef39</value>
         <object_component_ref idref="oc-782"/>
      </symbol>
      <symbol id="sm-10f3">
         <name>ldexp</name>
         <value>0x2000ef39</value>
         <object_component_ref idref="oc-782"/>
      </symbol>
      <symbol id="sm-110c">
         <name>wcslen</name>
         <value>0x2001228b</value>
         <object_component_ref idref="oc-569"/>
      </symbol>
      <symbol id="sm-1116">
         <name>__aeabi_idiv0</name>
         <value>0x20011703</value>
         <object_component_ref idref="oc-7c0"/>
      </symbol>
      <symbol id="sm-1117">
         <name>__aeabi_ldiv0</name>
         <value>0x20011703</value>
         <object_component_ref idref="oc-7c0"/>
      </symbol>
      <symbol id="sm-112e">
         <name>__aeabi_dsub</name>
         <value>0x2000d9ad</value>
         <object_component_ref idref="oc-75c"/>
      </symbol>
      <symbol id="sm-112f">
         <name>__aeabi_dadd</name>
         <value>0x2000d9b7</value>
         <object_component_ref idref="oc-75c"/>
      </symbol>
      <symbol id="sm-1151">
         <name>__aeabi_cdcmpeq</name>
         <value>0x2000ffb5</value>
         <object_component_ref idref="oc-546"/>
      </symbol>
      <symbol id="sm-1152">
         <name>__aeabi_cdcmple</name>
         <value>0x2000ffb5</value>
         <object_component_ref idref="oc-546"/>
      </symbol>
      <symbol id="sm-1153">
         <name>__aeabi_cdrcmple</name>
         <value>0x2001003b</value>
         <object_component_ref idref="oc-747"/>
      </symbol>
      <symbol id="sm-1167">
         <name>__aeabi_ddiv</name>
         <value>0x2000e4b1</value>
         <object_component_ref idref="oc-742"/>
      </symbol>
      <symbol id="sm-1172">
         <name>__aeabi_dmul</name>
         <value>0x2000ec65</value>
         <object_component_ref idref="oc-73d"/>
      </symbol>
      <symbol id="sm-117c">
         <name>__aeabi_d2iz</name>
         <value>0x20011119</value>
         <object_component_ref idref="oc-74c"/>
      </symbol>
      <symbol id="sm-1186">
         <name>__aeabi_i2d</name>
         <value>0x20011af5</value>
         <object_component_ref idref="oc-757"/>
      </symbol>
      <symbol id="sm-1195">
         <name>__aeabi_memset</name>
         <value>0x200103bb</value>
         <object_component_ref idref="oc-9d"/>
      </symbol>
      <symbol id="sm-1196">
         <name>memset</name>
         <value>0x200103c1</value>
         <object_component_ref idref="oc-9d"/>
      </symbol>
      <symbol id="sm-1197">
         <name>__aeabi_memset8</name>
         <value>0x200103bb</value>
         <object_component_ref idref="oc-9d"/>
      </symbol>
      <symbol id="sm-1198">
         <name>__aeabi_memset4</name>
         <value>0x200103bb</value>
         <object_component_ref idref="oc-9d"/>
      </symbol>
      <symbol id="sm-1199">
         <name>__aeabi_memclr8</name>
         <value>0x200103b9</value>
         <object_component_ref idref="oc-9d"/>
      </symbol>
      <symbol id="sm-119a">
         <name>__aeabi_memclr4</name>
         <value>0x200103b9</value>
         <object_component_ref idref="oc-9d"/>
      </symbol>
      <symbol id="sm-119b">
         <name>__aeabi_memclr</name>
         <value>0x200103b9</value>
         <object_component_ref idref="oc-9d"/>
      </symbol>
      <symbol id="sm-11c3">
         <name>__TI_auto_init_nobinit_nopinit</name>
         <value>0x200113c9</value>
         <object_component_ref idref="oc-172"/>
      </symbol>
      <symbol id="sm-11cd">
         <name>_system_pre_init</name>
         <value>0x200124a3</value>
         <object_component_ref idref="oc-114"/>
      </symbol>
      <symbol id="sm-11d9">
         <name>C$$EXIT</name>
         <value>0x200124a7</value>
         <object_component_ref idref="oc-166"/>
      </symbol>
      <symbol id="sm-11da">
         <name>abort</name>
         <value>0x200124a7</value>
         <object_component_ref idref="oc-166"/>
      </symbol>
      <symbol id="sm-11ef">
         <name>_nop</name>
         <value>0x20010433</value>
         <object_component_ref idref="oc-3d2"/>
      </symbol>
      <symbol id="sm-11f0">
         <name>_lock</name>
         <value>0x20012a4c</value>
         <object_component_ref idref="oc-23e"/>
      </symbol>
      <symbol id="sm-11f1">
         <name>_unlock</name>
         <value>0x20012a50</value>
         <object_component_ref idref="oc-23e"/>
      </symbol>
      <symbol id="sm-1200">
         <name>__TI_ltoa</name>
         <value>0x20010b4b</value>
         <object_component_ref idref="oc-751"/>
      </symbol>
      <symbol id="sm-1217">
         <name>atoi</name>
         <value>0x20010f15</value>
         <object_component_ref idref="oc-53a"/>
      </symbol>
      <symbol id="sm-1222">
         <name>_ctypes_</name>
         <value>0x20012a78</value>
         <object_component_ref idref="oc-736"/>
      </symbol>
      <symbol id="sm-1232">
         <name>memccpy</name>
         <value>0x20011f09</value>
         <object_component_ref idref="oc-563"/>
      </symbol>
      <symbol id="sm-1242">
         <name>strchr</name>
         <value>0x20012165</value>
         <object_component_ref idref="oc-788"/>
      </symbol>
      <symbol id="sm-1250">
         <name>strlen</name>
         <value>0x2001221d</value>
         <object_component_ref idref="oc-534"/>
      </symbol>
      <symbol id="sm-1266">
         <name>__aeabi_errno_addr</name>
         <value>0x20012465</value>
         <object_component_ref idref="oc-56f"/>
      </symbol>
      <symbol id="sm-1267">
         <name>errno</name>
         <value>0x20012a74</value>
         <object_component_ref idref="oc-798"/>
      </symbol>
      <symbol id="sm-1271">
         <name>copysign</name>
         <value>0x20012405</value>
         <object_component_ref idref="oc-8fe"/>
      </symbol>
      <symbol id="sm-1272">
         <name>copysignl</name>
         <value>0x20012405</value>
         <object_component_ref idref="oc-8fe"/>
      </symbol>
      <symbol id="sm-1273">
         <name>__TI_static_base__</name>
         <value>0x200133a8</value>
      </symbol>
      <symbol id="sm-1276">
         <name>ITM_flush</name>
         <value>0x0</value>
      </symbol>
      <symbol id="sm-1277">
         <name>ITM_restore</name>
         <value>0x0</value>
      </symbol>
      <symbol id="sm-1278">
         <name>__mpu_init</name>
         <value>0x0</value>
      </symbol>
      <symbol id="sm-1279">
         <name>_system_post_cinit</name>
         <value>0x0</value>
      </symbol>
      <symbol id="sm-127a">
         <name>NoRTOS_start</name>
         <value>0x200123a7</value>
      </symbol>
   </symbol_table>
   <title>Link successful</title>
</link_info>
