******************************************************************************
                  TI ARM Linker PC v20.2.5                     
******************************************************************************
>> Linked Thu Oct 14 17:15:29 2021

OUTPUT FILE NAME:   <ThermostatProject.out>
ENTRY POINT SYMBOL: "resetISR"  address: 20011f59


MEMORY CONFIGURATION

         name            origin    length      used     unused   attr    fill
----------------------  --------  ---------  --------  --------  ----  --------
  SRAM2                 20000000   00004000  0000130c  00002cf4  RW X
  SRAM                  20004000   0003c000  0000f48c  0002cb74  RW X
  LOG_DATA              90000000   00040000  00000000  00040000  R   


SEGMENT ALLOCATION MAP

run origin  load origin   length   init length attrs members
----------  ----------- ---------- ----------- ----- -------
20003000    20003000    00001000   00000000    rw-
  20003000    20003000    00001000   00000000    rw- .stack
20004000    20004000    00000040   00000040    r--
  20004000    20004000    00000040   00000040    r-- .resetVecs
20004040    20004040    00008000   00000000    rw-
  20004040    20004040    00008000   00000000    rw- .sysmem
2000c040    2000c040    0000646a   0000646a    r-x
  2000c040    2000c040    0000646a   0000646a    r-x .text
200124ac    200124ac    000005cc   00000000    rw-
  200124ac    200124ac    000005cc   00000000    rw- .data
20012a78    20012a78    00000502   00000502    r--
  20012a78    20012a78    00000502   00000502    r-- .const
20012f80    20012f80    00000424   00000000    rw-
  20012f80    20012f80    00000424   00000000    rw- .bss
200133a8    200133a8    000000f0   000000f0    r--
  200133a8    200133a8    000000f0   000000f0    r-- .cinit


SECTION ALLOCATION MAP

 output                                  attributes/
section   page    origin      length       input sections
--------  ----  ----------  ----------   ----------------
.text      0    2000c040    0000646a     
                  2000c040    00000a4e     rtsv7M4_T_le_eabi.lib : _printfi.c.obj (.text:__TI_printfi)
                  2000ca8e    00000002     ti_drivers_config.obj (.text:Board_initHook)
                  2000ca90    0000042c     driverlib.a : prcm.obj (.text:PRCMCC3200MCUInit)
                  2000cebc    00000288     drivers_cc32xx.a : UARTCC32XX.oem4 (.text:UARTCC32XX_open)
                  2000d144    00000268     rtsv7M4_T_le_eabi.lib : _printfi.c.obj (.text:_pconv_a)
                  2000d3ac    00000250     gpiointerrupt.obj (.text:initI2C)
                  2000d5fc    000001e4     drivers_cc32xx.a : GPIOCC32XX.oem4 (.text:GPIO_setConfig)
                  2000d7e0    000001cc     rtsv7M4_T_le_eabi.lib : _printfi.c.obj (.text:_pconv_g)
                  2000d9ac    000001b6                           : fd_add_t2.asm.obj (.text)
                  2000db62    00000002     drivers_cc32xx.a : I2C.oem4 (.text:I2C_init)
                  2000db64    0000019c     nortos_cc32xx.a : PowerCC32XX_nortos.oem4 (.text:PowerCC32XX_sleepPolicy)
                  2000dd00    00000174     gpiointerrupt.obj (.text:mainThread)
                  2000de74    00000148     drivers_cc32xx.a : I2CCC32XX.oem4 (.text:I2CCC32XX_hwiFxn)
                  2000dfbc    00000148                      : PowerCC32XX.oem4 (.text:parkPins)
                  2000e104    0000013c     rtsv7M4_T_le_eabi.lib : _printfi.c.obj (.text:_pconv_e)
                  2000e240    00000138     drivers_cc32xx.a : PowerCC32XX.oem4 (.text:Power_sleep)
                  2000e378    00000138                      : TimerCC32XX.oem4 (.text:Timer_open)
                  2000e4b0    00000136     rtsv7M4_T_le_eabi.lib : fd_div_t2.asm.obj (.text)
                  2000e5e6    00000122     drivers_cc32xx.a : I2C.oem4 (.text:I2C_transferTimeout)
                  2000e708    00000120                      : UARTCC32XX.oem4 (.text:UARTCC32XX_close)
                  2000e828    00000120     rtsv7M4_T_le_eabi.lib : _printfi.c.obj (.text:fcvt)
                  2000e948    00000120     gpiointerrupt.obj (.text:readTemp)
                  2000ea68    00000100     rtsv7M4_T_le_eabi.lib : memory.c.obj (.text:aligned_alloc)
                  2000eb68    000000fc     drivers_cc32xx.a : I2CCC32XX.oem4 (.text:I2C_open)
                  2000ec64    000000fc     rtsv7M4_T_le_eabi.lib : fd_mul_t2.asm.obj (.text)
                  2000ed60    000000f2     drivers_cc32xx.a : UARTCC32XX.oem4 (.text:UARTCC32XX_control)
                  2000ee52    00000002     nortos_cc32xx.a : PowerCC32XX_nortos.oem4 (.text:PowerCC32XX_initPolicy)
                  2000ee54    000000e4     rtsv7M4_T_le_eabi.lib : memory.c.obj (.text:free)
                  2000ef38    000000d0                           : s_scalbn.c.obj (.text:scalbn)
                  2000f008    000000ca     drivers_cc32xx.a : UARTCC32XX.oem4 (.text:UARTCC32XX_write)
                  2000f0d2    00000002     nortos_cc32xx.a : SemaphoreP_nortos.oem4 (.text:SemaphoreP_destruct)
                  2000f0d4    000000c4     drivers_cc32xx.a : GPIOCC32XX.oem4 (.text:GPIO_init)
                  2000f198    000000c0                      : PowerCC32XX.oem4 (.text:restoreParkedPins)
                  2000f258    000000ba                      : UARTCC32XX.oem4 (.text:UARTCC32XX_readPolling)
                  2000f312    00000002                      : Timer.oem4 (.text:Timer_init)
                  2000f314    000000b8                      : UARTCC32XX.oem4 (.text:initHw)
                  2000f3cc    000000b6                      : UARTCC32XX.oem4 (.text:readTaskCallback)
                  2000f482    000000b2                      : I2CCC32XX.oem4 (.text:I2CCC32XX_completeTransfer)
                  2000f534    000000b1     rtsv7M4_T_le_eabi.lib : _printfi.c.obj (.text:_ltostr)
                  2000f5e5    00000001     --HOLE-- [fill = 0]
                  2000f5e6    000000b0     drivers_cc32xx.a : UARTCC32XX.oem4 (.text:readTaskBlocking)
                  2000f696    000000ae                      : UARTCC32XX.oem4 (.text:readIsrTextBlocking)
                  2000f744    000000a8                      : I2CCC32XX.oem4 (.text:I2CCC32XX_primeWriteBurst)
                  2000f7ec    000000a8     driverlib.a : interrupt.obj (.text:IntEnable)
                  2000f894    000000a8     drivers_cc32xx.a : PowerCC32XX.oem4 (.text:PowerCC32XX_configureWakeup)
                  2000f93c    000000a2                      : UARTCC32XX.oem4 (.text:readIsrTextCallback)
                  2000f9de    000000a2                      : UARTCC32XX.oem4 (.text:writeData)
                  2000fa80    000000a0     nortos_cc32xx.a : SemaphoreP_nortos.oem4 (.text:SemaphoreP_pend)
                  2000fb20    0000009c     drivers_cc32xx.a : I2CCC32XX.oem4 (.text:I2CCC32XX_initHw)
                  2000fbbc    0000009c     rtsv7M4_T_le_eabi.lib : memcpy_t2.asm.obj (.text)
                  2000fc58    00000098     drivers_cc32xx.a : GPIOCC32XX.oem4 (.text:powerNotifyFxn)
                  2000fcf0    00000096     rtsv7M4_T_le_eabi.lib : ull_div_t2.asm.obj (.text)
                  2000fd86    00000002     drivers_cc32xx.a : UARTCC32XX.oem4 (.text:UARTCC32XX_init)
                  2000fd88    00000090                      : PowerCC32XX.oem4 (.text:restoreNVICRegs)
                  2000fe18    0000008c     nortos_cc32xx.a : HwiPCC32XX_nortos.oem4 (.text:HwiP_construct)
                  2000fea4    00000088     driverlib.a : interrupt.obj (.text:IntPendSet)
                  2000ff2c    00000088                 : pin.obj (.text:PinConfigSet)
                  2000ffb4    00000086     rtsv7M4_T_le_eabi.lib : fd_cmp_t2.asm.obj (.text:__aeabi_cdcmple)
                  2001003a    00000086                           : fd_cmp_t2.asm.obj (.text:__aeabi_cdrcmple)
                  200100c0    00000084     drivers_cc32xx.a : PowerCC32XX.oem4 (.text:Power_init)
                  20010144    00000084                      : PowerCC32XX.oem4 (.text:saveNVICRegs)
                  200101c8    00000080                      : PowerCC32XX.oem4 (.text:Power_setDependency)
                  20010248    0000007c                      : UARTCC32XX.oem4 (.text:readIsrBinaryBlocking)
                  200102c4    0000007a                      : I2CCC32XX.oem4 (.text:I2CCC32XX_primeReadBurst)
                  2001033e    0000007a     rtsv7M4_T_le_eabi.lib : fs_mul_t2.asm.obj (.text)
                  200103b8    0000007a                           : memset_t2.asm.obj (.text)
                  20010432    00000002                           : _lock.c.obj (.text:_nop)
                  20010434    00000078     drivers_cc32xx.a : GPIOCC32XX.oem4 (.text:GPIO_hwiIntFxn)
                  200104ac    00000078                      : UARTCC32XX.oem4 (.text:readIsrBinaryCallback)
                  20010524    00000074                      : UARTCC32XX.oem4 (.text:UARTCC32XX_hwiIntFxn)
                  20010598    00000070     rtsv7M4_T_le_eabi.lib : memory.c.obj (.text:split)
                  20010608    0000006e                           : _printfi.c.obj (.text:_mcpy)
                  20010676    0000006a     drivers_cc32xx.a : I2CCC32XX.oem4 (.text:I2CSupport_primeTransfer)
                  200106e0    00000068     rtsv7M4_T_le_eabi.lib : copy_decompress_lzss.c.obj (.text:decompress:lzss:__TI_decompress_lzss)
                  20010748    00000066     drivers_cc32xx.a : UARTCC32XX.oem4 (.text:UARTCC32XX_writeCancel)
                  200107ae    00000002     nortos_cc32xx.a : startup_cc32xx_ccs.oem4 (.text:busFaultHandler)
                  200107b0    00000064     drivers_cc32xx.a : PowerCC32XX.oem4 (.text:PowerCC32XX_setParkState)
                  20010814    00000062                      : UARTCC32XX.oem4 (.text:UARTCC32XX_writePolling)
                  20010876    00000002     nortos_cc32xx.a : SemaphoreP_nortos.oem4 (.text:clkFxn)
                  20010878    00000060     driverlib.a : prcm.obj (.text:PRCMSysResetCauseGet)
                  200108d8    0000005c     drivers_cc32xx.a : GPIOCC32XX.oem4 (.text:GPIO_setCallback)
                  20010934    0000005c     rtsv7M4_T_le_eabi.lib : s_frexp.c.obj (.text:frexp)
                  20010990    0000005c     nortos_cc32xx.a : ClockPSysTick_nortos.oem4 (.text:sysTickInit)
                  200109ec    00000058     drivers_cc32xx.a : GPIOCC32XX.oem4 (.text:GPIO_write)
                  20010a44    00000058     driverlib.a : prcm.obj (.text:PRCMPeripheralReset)
                  20010a9c    00000058     drivers_cc32xx.a : PowerCC32XX.oem4 (.text:Power_releaseDependency)
                  20010af4    00000056     rtsv7M4_T_le_eabi.lib : _printfi.c.obj (.text:_pconv_f)
                  20010b4a    00000054                           : _ltoa.c.obj (.text:__TI_ltoa)
                  20010b9e    00000002     nortos_cc32xx.a : startup_cc32xx_ccs.oem4 (.text:defaultHandler)
                  20010ba0    00000054     gpiointerrupt.obj (.text:initTimer)
                  20010bf4    00000054     drivers_cc32xx.a : UARTCC32XX.oem4 (.text:ringBufGet)
                  20010c48    00000052                      : PowerCC32XX_asm.oem4 (.text:PowerCC32XX_resumeLPDS)
                  20010c9a    00000052     rtsv7M4_T_le_eabi.lib : _printfi.c.obj (.text:_ecpy)
                  20010cec    00000052     drivers_cc32xx.a : TimerCC32XX.oem4 (.text:initHw)
                  20010d3e    00000002     nortos_cc32xx.a : startup_cc32xx_ccs.oem4 (.text:faultISR)
                  20010d40    00000050                     : ClockPSysTick_nortos.oem4 (.text:ClockP_sysTickHandler)
                  20010d90    00000050                     : SemaphoreP_nortos.oem4 (.text:SemaphoreP_construct)
                  20010de0    00000050     drivers_cc32xx.a : TimerCC32XX.oem4 (.text:TimerCC32XX_allocateTimerResource)
                  20010e30    0000004c                      : GPIOCC32XX.oem4 (.text:GPIO_enableInt)
                  20010e7c    0000004c                      : I2CCC32XX.oem4 (.text:I2CCC32XX_readRecieveFifo)
                  20010ec8    0000004c                      : PowerCC32XX.oem4 (.text:PowerCC32XX_parkPin)
                  20010f14    0000004c     rtsv7M4_T_le_eabi.lib : atoi.c.obj (.text:atoi)
                  20010f60    0000004c     drivers_cc32xx.a : PowerCC32XX.oem4 (.text:restorePeriphClocks)
                  20010fac    0000004c     rtsv7M4_T_le_eabi.lib : snprintf.c.obj (.text:snprintf)
                  20010ff8    00000048     driverlib.a : flash.obj (.text:FlashDisable)
                  20011040    00000048                 : prcm.obj (.text:PRCMLPDSEnter)
                  20011088    00000048                 : prcm.obj (.text:PRCMPeripheralClkEnable)
                  200110d0    00000048     drivers_cc32xx.a : PowerCC32XX.oem4 (.text:Power_releaseConstraint)
                  20011118    00000048     rtsv7M4_T_le_eabi.lib : fd_toi_t2.asm.obj (.text)
                  20011160    00000046     drivers_cc32xx.a : RingBuf.oem4 (.text:RingBuf_put)
                  200111a6    00000046                      : TimerCC32XX.oem4 (.text:getPrescaler)
                  200111ec    00000044     nortos_cc32xx.a : ClockPSysTick_nortos.oem4 (.text:ClockP_stop)
                  20011230    00000044     driverlib.a : prcm.obj (.text:PRCMLPDSRestoreInfoSet)
                  20011274    00000044     drivers_cc32xx.a : PowerCC32XX_asm.oem4 (.text:PowerCC32XX_enterLPDS)
                  200112b8    00000044     nortos_cc32xx.a : SemaphoreP_nortos.oem4 (.text:SemaphoreP_post)
                  200112fc    00000044                     : SwiP_nortos.oem4 (.text:SwiP_restore)
                  20011340    00000044     drivers_cc32xx.a : Timer.oem4 (.text:Timer_start)
                  20011384    00000044                      : UART.oem4 (.text:UART_init)
                  200113c8    00000044     rtsv7M4_T_le_eabi.lib : autoinit.c.obj (.text:__TI_auto_init_nobinit_nopinit:__TI_auto_init_nobinit_nopinit)
                  2001140c    00000044     gpiointerrupt.obj (.text:initUART)
                  20011450    00000040     nortos_cc32xx.a : ClockPSysTick_nortos.oem4 (.text:ClockP_construct)
                  20011490    00000040     driverlib.a : pin.obj (.text:PinModeSet)
                  200114d0    00000040     drivers_cc32xx.a : RingBuf.oem4 (.text:RingBuf_get)
                  20011510    00000040                      : TimerCC32XX.oem4 (.text:TimerSupport_timerEnable)
                  20011550    00000040                      : TimerCC32XX.oem4 (.text:Timer_close)
                  20011590    00000040                      : UARTCC32XX.oem4 (.text:UARTCC32XX_read)
                  200115d0    00000040                      : UART.oem4 (.text:UART_open)
                  20011610    0000003e     rtsv7M4_T_le_eabi.lib : _printfi.c.obj (.text:_fcpy)
                  2001164e    00000002     nortos_cc32xx.a : startup_cc32xx_ccs.oem4 (.text:nmiISR)
                  20011650    0000003c                     : ClockPSysTick_nortos.oem4 (.text:ClockP_destruct)
                  2001168c    0000003c     drivers_cc32xx.a : PowerCC32XX.oem4 (.text:Power_setConstraint)
                  200116c8    0000003a     nortos_cc32xx.a : PowerCC32XX_nortos.oem4 (.text:getCountsRTC)
                  20011702    00000002     rtsv7M4_T_le_eabi.lib : div0.asm.obj (.text)
                  20011704    00000038     driverlib.a : prcm.obj (.text:PRCMLPDSEnterKeepDebugIf)
                  2001173c    00000038     nortos_cc32xx.a : ClockPSysTick_nortos.oem4 (.text:addToList)
                  20011774    00000038                     : startup_cc32xx_ccs.oem4 (.text:initVectors)
                  200117ac    00000038     drivers_cc32xx.a : PowerCC32XX.oem4 (.text:notify)
                  200117e4    00000038     rtsv7M4_T_le_eabi.lib : fs_toi_t2.asm.obj (.text)
                  2001181c    00000038                           : i_tofs_t2.asm.obj (.text)
                  20011854    00000036     driverlib.a : timer.obj (.text:TimerControlStall)
                  2001188a    00000036     drivers_cc32xx.a : Timer.oem4 (.text:Timer_stop)
                  200118c0    00000036                      : UARTCC32XX.oem4 (.text:UARTCC32XX_readCancel)
                  200118f6    00000002     --HOLE-- [fill = 0]
                  200118f8    00000034     nortos_cc32xx.a : ClockPSysTick_nortos.oem4 (.text:ClockP_getTicksUntilInterrupt)
                  2001192c    00000034                     : ClockPSysTick_nortos.oem4 (.text:ClockP_startup)
                  20011960    00000034     driverlib.a : pin.obj (.text:PinModeGet)
                  20011994    00000034     drivers_cc32xx.a : PowerCC32XX.oem4 (.text:PowerCC32XX_restoreParkState)
                  200119c8    00000034                      : TimerCC32XX.oem4 (.text:TimerCC32XX_freeTimerResource)
                  200119fc    00000034                      : TimerCC32XX.oem4 (.text:TimerCC32XX_hwiIntFunction)
                  20011a30    00000034                      : TimerCC32XX.oem4 (.text:getPowerMgrId)
                  20011a64    00000030     nortos_cc32xx.a : ClockPSysTick_nortos.oem4 (.text:ClockP_start)
                  20011a94    00000030     drivers_cc32xx.a : PowerCC32XX.oem4 (.text:PowerCC32XX_restoreParkedPin)
                  20011ac4    00000030     rtsv7M4_T_le_eabi.lib : snprintf.c.obj (.text:_outs)
                  20011af4    0000002e                           : i_tofd_t2.asm.obj (.text)
                  20011b22    00000002     --HOLE-- [fill = 0]
                  20011b24    0000002c     drivers_cc32xx.a : PowerCC32XX.oem4 (.text:PowerCC32XX_getParkState)
                  20011b50    0000002a     nortos_cc32xx.a : HwiPCC32XX_nortos.oem4 (.text:HwiP_create)
                  20011b7a    0000002a     driverlib.a : timer.obj (.text:TimerLoadSet)
                  20011ba4    0000002a                 : timer.obj (.text:TimerPrescaleSet)
                  20011bce    00000028                 : i2c.obj (.text:I2CFIFODataPutNonBlocking)
                  20011bf6    00000002     --HOLE-- [fill = 0]
                  20011bf8    00000028                 : prcm.obj (.text:PRCMPeripheralClkDisable)
                  20011c20    00000028     drivers_cc32xx.a : PowerCC32XX.oem4 (.text:Power_registerNotify)
                  20011c48    00000028     rtsv7M4_T_le_eabi.lib : memory.c.obj (.text:free_list_insert)
                  20011c70    00000026     driverlib.a : i2c.obj (.text:I2CFIFODataGetNonBlocking)
                  20011c96    00000026     drivers_cc32xx.a : I2C.oem4 (.text:I2C_cancel)
                  20011cbc    00000026                      : List.oem4 (.text:List_put)
                  20011ce2    00000026                      : List.oem4 (.text:List_remove)
                  20011d08    00000024     nortos_cc32xx.a : HwiPCC32XX_nortos.oem4 (.text:HwiP_dispatch)
                  20011d2c    00000024     drivers_cc32xx.a : PowerCC32XX.oem4 (.text:PowerCC32XX_reset)
                  20011d50    00000024                      : TimerCC32XX.oem4 (.text:TimerSupport_timerDisable)
                  20011d74    00000024     rtsv7M4_T_le_eabi.lib : boot_cortex_m.c.obj (.text:_c_int00_noargs:_c_int00_noargs)
                  20011d98    00000022     driverlib.a : i2c.obj (.text:I2CMasterSlaveAddrSet)
                  20011dba    00000020     nortos_cc32xx.a : HwiPCC32XX_nortos.oem4 (.text:HwiP_destruct)
                  20011dda    00000002     --HOLE-- [fill = 0]
                  20011ddc    00000020     drivers_cc32xx.a : PowerCC32XX.oem4 (.text:Power_unregisterNotify)
                  20011dfc    00000020                      : RingBuf.oem4 (.text:RingBuf_peek)
                  20011e1c    00000020                      : UARTCC32XX.oem4 (.text:getPowerMgrId)
                  20011e3c    0000001e     driverlib.a : i2c.obj (.text:I2CMasterIntStatusEx)
                  20011e5a    0000001e     nortos_cc32xx.a : SemaphoreP_nortos.oem4 (.text:SemaphoreP_constructBinary)
                  20011e78    0000001e     driverlib.a : timer.obj (.text:TimerDisable)
                  20011e96    0000001e                 : timer.obj (.text:TimerEnable)
                  20011eb4    0000001c                 : pin.obj (.text:PinToPadGet)
                  20011ed0    0000001c     nortos_cc32xx.a : SwiP_nortos.oem4 (.text:SwiP_disable)
                  20011eec    0000001c     rtsv7M4_T_le_eabi.lib : memory.c.obj (.text:free_list_remove)
                  20011f08    0000001c                           : memccpy.c.obj (.text:memccpy)
                  20011f24    0000001a     nortos_cc32xx.a : ClockPSysTick_nortos.oem4 (.text:ClockP_create)
                  20011f3e    0000001a                     : SemaphoreP_nortos.oem4 (.text:SemaphoreP_createBinary)
                  20011f58    0000001a                     : startup_cc32xx_ccs.oem4 (.text:resetISR)
                  20011f72    00000018     driverlib.a : i2c.obj (.text:I2CMasterBusBusy)
                  20011f8a    00000018                 : i2c.obj (.text:I2CMasterIntDisableEx)
                  20011fa2    00000018                 : i2c.obj (.text:I2CMasterIntEnableEx)
                  20011fba    00000018                 : i2c.obj (.text:I2CRxFIFOFlush)
                  20011fd2    00000018                 : i2c.obj (.text:I2CTxFIFOFlush)
                  20011fea    00000002     --HOLE-- [fill = 0]
                  20011fec    00000018     drivers_cc32xx.a : PowerCC32XX.oem4 (.text:Power_getTransitionLatency)
                  20012004    00000018                      : PowerCC32XX.oem4 (.text:Power_idleFunc)
                  2001201c    00000018     driverlib.a : timer.obj (.text:TimerIntDisable)
                  20012034    00000018                 : timer.obj (.text:TimerIntEnable)
                  2001204c    00000018                 : uart.obj (.text:UARTBusy)
                  20012064    00000018                 : uart.obj (.text:UARTIntEnable)
                  2001207c    00000018     drivers_cc32xx.a : UART.oem4 (.text:UART_Params_init)
                  20012094    00000018     rtsv7M4_T_le_eabi.lib : snprintf.c.obj (.text:_outc)
                  200120ac    00000018     gpiointerrupt.obj (.text:gpioButtonFxn0)
                  200120c4    00000018     gpiointerrupt.obj (.text:gpioButtonFxn1)
                  200120dc    00000018     rtsv7M4_T_le_eabi.lib : ll_mul_t2.asm.obj (.text)
                  200120f4    00000018     gpiointerrupt.obj (.text:timerCallback)
                  2001210c    00000016     driverlib.a : i2c.obj (.text:I2CMasterBurstLengthSet)
                  20012122    00000016                 : prcm.obj (.text:PRCMHIBRegRead)
                  20012138    00000016                 : prcm.obj (.text:PRCMHIBRegWrite)
                  2001214e    00000016     nortos_cc32xx.a : SemaphoreP_nortos.oem4 (.text:SemaphoreP_create)
                  20012164    00000016     rtsv7M4_T_le_eabi.lib : strchr.c.obj (.text:strchr)
                  2001217a    00000014     driverlib.a : cpu.obj (.text:CPUcpsid)
                  2001218e    00000002     --HOLE-- [fill = 0]
                  20012190    00000014     nortos_cc32xx.a : HwiPCC32XX_nortos.oem4 (.text:HwiP_inISR)
                  200121a4    00000014     drivers_cc32xx.a : I2CCC32XX.oem4 (.text:I2CSupport_masterFinish)
                  200121b8    00000014                      : I2C.oem4 (.text:I2C_transfer)
                  200121cc    00000014     driverlib.a : interrupt.obj (.text:IntVTableBaseSet)
                  200121e0    00000014     drivers_cc32xx.a : PowerCC32XX.oem4 (.text:Power_disablePolicy)
                  200121f4    00000014                      : PowerCC32XX.oem4 (.text:Power_getDependencyCount)
                  20012208    00000014                      : UARTCC32XX.oem4 (.text:releasePowerConstraint)
                  2001221c    00000014     rtsv7M4_T_le_eabi.lib : strlen.c.obj (.text:strlen)
                  20012230    00000012     nortos_cc32xx.a : HwiPCC32XX_nortos.oem4 (.text:HwiP_Params_init)
                  20012242    00000012     driverlib.a : i2c.obj (.text:I2CMasterIntClearEx)
                  20012254    00000012     drivers_cc32xx.a : RingBuf.oem4 (.text:RingBuf_construct)
                  20012266    00000012     driverlib.a : timer.obj (.text:TimerIntClear)
                  20012278    00000012     main_nortos.obj (.text:main)
                  2001228a    00000012     rtsv7M4_T_le_eabi.lib : wcslen.c.obj (.text:wcslen)
                  2001229c    00000010     ti_drivers_config.obj (.text:Board_init)
                  200122ac    00000010     nortos_cc32xx.a : ClockPSysTick_nortos.oem4 (.text:ClockP_add)
                  200122bc    00000010                     : ClockPSysTick_nortos.oem4 (.text:ClockP_delete)
                  200122cc    00000010                     : ClockPSysTick_nortos.oem4 (.text:ClockP_getCpuFreq)
                  200122dc    00000010                     : ClockPSysTick_nortos.oem4 (.text:ClockP_getSystemTicks)
                  200122ec    00000010                     : ClockPSysTick_nortos.oem4 (.text:ClockP_setTicks)
                  200122fc    00000010                     : HwiPCC32XX_nortos.oem4 (.text:HwiP_delete)
                  2001230c    00000010                     : HwiPCC32XX_nortos.oem4 (.text:HwiP_restore)
                  2001231c    00000010     driverlib.a : i2c.obj (.text:I2CFIFOStatus)
                  2001232c    00000010     drivers_cc32xx.a : I2C.oem4 (.text:I2C_Params_init)
                  2001233c    00000010                      : PowerCC32XX.oem4 (.text:Power_enablePolicy)
                  2001234c    00000010     nortos_cc32xx.a : SemaphoreP_nortos.oem4 (.text:SemaphoreP_Params_init)
                  2001235c    00000010     drivers_cc32xx.a : Timer.oem4 (.text:Timer_Params_init)
                  2001236c    00000010                      : UARTCC32XX.oem4 (.text:readBlockingTimeout)
                  2001237c    0000000e     nortos_cc32xx.a : HwiPCC32XX_nortos.oem4 (.text:HwiP_clearInterrupt)
                  2001238a    0000000e                     : HwiPCC32XX_nortos.oem4 (.text:HwiP_disable)
                  20012398    0000000e                     : HwiPCC32XX_nortos.oem4 (.text:HwiP_disableInterrupt)
                  200123a6    0000000e                     : HwiPCC32XX_nortos.oem4 (.text:HwiP_enable)
                  200123b4    0000000e                     : HwiPCC32XX_nortos.oem4 (.text:HwiP_enableInterrupt)
                  200123c2    0000000e     drivers_cc32xx.a : I2CCC32XX.oem4 (.text:I2CCC32XX_updateReg)
                  200123d0    0000000e                      : RingBuf.oem4 (.text:RingBuf_isFull)
                  200123de    0000000e     rtsv7M4_T_le_eabi.lib : copy_decompress_none.c.obj (.text:decompress:none:__TI_decompress_none)
                  200123ec    0000000c     drivers_cc32xx.a : I2CCC32XX.oem4 (.text:I2CCC32XX_postNotify)
                  200123f8    0000000c                      : PowerCC32XX.oem4 (.text:Power_getConstraintMask)
                  20012404    0000000c     rtsv7M4_T_le_eabi.lib : s_copysign.c.obj (.text:copysign)
                  20012410    0000000c                           : copy_zero_init.c.obj (.text:decompress:ZI:__TI_zero_init)
                  2001241c    0000000c     drivers_cc32xx.a : TimerCC32XX.oem4 (.text:postNotifyFxn)
                  20012428    0000000c                      : UARTCC32XX.oem4 (.text:postNotifyFxn)
                  20012434    0000000a     nortos_cc32xx.a : ClockPSysTick_nortos.oem4 (.text:ClockP_Params_init)
                  2001243e    0000000a                     : ClockPSysTick_nortos.oem4 (.text:ClockP_isActive)
                  20012448    0000000a     driverlib.a : interrupt.obj (.text:IntMasterDisable)
                  20012452    0000000a     drivers_cc32xx.a : UART.oem4 (.text:UART_write)
                  2001245c    00000008                      : I2CCC32XX.oem4 (.text:I2CCC32XX_blockingCallback)
                  20012464    00000008     rtsv7M4_T_le_eabi.lib : errno.c.obj (.text:__aeabi_errno_addr)
                  2001246c    00000008                           : memory.c.obj (.text:malloc)
                  20012474    00000008     drivers_cc32xx.a : UARTCC32XX.oem4 (.text:readSemCallback)
                  2001247c    00000008                      : UARTCC32XX.oem4 (.text:writeSemCallback)
                  20012484    00000006                      : I2CCC32XX.oem4 (.text:I2CSupport_powerRelConstraint)
                  2001248a    00000006                      : I2CCC32XX.oem4 (.text:I2CSupport_powerSetConstraint)
                  20012490    00000006     driverlib.a : utils.obj (.text:UtilsDelay)
                  20012496    00000004     nortos_cc32xx.a : ClockPSysTick_nortos.oem4 (.text:ClockP_setTimeout)
                  2001249a    00000004                     : HwiPCC32XX_nortos.oem4 (.text:HwiP_post)
                  2001249e    00000004                     : SemaphoreP_nortos.oem4 (.text:SemaphoreP_delete)
                  200124a2    00000004     rtsv7M4_T_le_eabi.lib : pre_init.c.obj (.text:_system_pre_init)
                  200124a6    00000004                           : exit.c.obj (.text:abort:abort)

.const     0    20012a78    00000502     
                  20012a78    00000101     rtsv7M4_T_le_eabi.lib : ctype.c.obj (.const:.string:_ctypes_)
                  20012b79    00000003     --HOLE-- [fill = 0]
                  20012b7c    00000100     driverlib.a : pin.obj (.const:g_ulPinToPadMap)
                  20012c7c    000000a8                 : prcm.obj (.const:PRCM_PeriphRegsList)
                  20012d24    00000044     ti_drivers_config.obj (.const:PowerCC32XX_config)
                  20012d68    00000028     drivers_cc32xx.a : UARTCC32XX.oem4 (.const:UARTCC32XX_fxnTable)
                  20012d90    00000024                      : UART.oem4 (.const:UART_defaultParams)
                  20012db4    00000024     ti_drivers_config.obj (.const:uartCC32XXHWAttrs0)
                  20012dd8    00000021     drivers_cc32xx.a : GPIOCC32XX.oem4 (.const:.string:pinTable)
                  20012df9    00000003     --HOLE-- [fill = 0]
                  20012dfc    00000020                      : UARTCC32XX.oem4 (.const:staticFxnTable)
                  20012e1c    00000018     driverlib.a : interrupt.obj (.const:g_pulEnRegs)
                  20012e34    00000018                 : interrupt.obj (.const:g_pulPendRegs)
                  20012e4c    00000018     gpiointerrupt.obj (.const:sensors)
                  20012e64    00000014     ti_drivers_config.obj (.const:GPIOCC32XX_config)
                  20012e78    00000014     drivers_cc32xx.a : GPIOCC32XX.oem4 (.const:gpioBaseAddresses)
                  20012e8c    00000014     ti_drivers_config.obj (.const:i2cCC32XXHWAttrs)
                  20012ea0    00000014     drivers_cc32xx.a : UARTCC32XX.oem4 (.const:parityType)
                  20012eb4    00000014                      : GPIOCC32XX.oem4 (.const:powerResources)
                  20012ec8    00000010                      : I2C.oem4 (.const:I2C_defaultParams)
                  20012ed8    00000010                      : I2CCC32XX.oem4 (.const:I2C_defaultParams)
                  20012ee8    00000010                      : UARTCC32XX.oem4 (.const:dataLength)
                  20012ef8    00000010     ti_drivers_config.obj (.const:timerCC32XXHWAttrs)
                  20012f08    0000000c     gpiointerrupt.obj (.const:.string)
                  20012f14    0000000c     ti_drivers_config.obj (.const:UART_config)
                  20012f20    0000000c     drivers_cc32xx.a : Timer.oem4 (.const:defaultParams)
                  20012f2c    0000000c                      : TimerCC32XX.oem4 (.const:defaultParams)
                  20012f38    00000009     ti_drivers_config.obj (.const)
                  20012f41    00000003     --HOLE-- [fill = 0]
                  20012f44    00000008     ti_drivers_config.obj (.const:I2C_config)
                  20012f4c    00000008     ti_drivers_config.obj (.const:Timer_config)
                  20012f54    00000008     drivers_cc32xx.a : GPIOCC32XX.oem4 (.const:outPinTypes)
                  20012f5c    00000008                      : UARTCC32XX.oem4 (.const:stopBits)
                  20012f64    00000006                      : GPIOCC32XX.oem4 (.const:.string:interruptType)
                  20012f6a    00000006                      : GPIOCC32XX.oem4 (.const:inPinTypes)
                  20012f70    00000006                      : GPIOCC32XX.oem4 (.const:outPinStrengths)
                  20012f76    00000004                      : GPIOCC32XX.oem4 (.const:.string:portInterruptIds)

.cinit     0    200133a8    000000f0     
                  200133a8    000000ca     (.cinit..data.load) [load image, compression = lzss]
                  20013472    00000002     --HOLE-- [fill = 0]
                  20013474    0000000c     (__TI_handler_table)
                  20013480    00000008     (.cinit..bss.load) [load image, compression = zero_init]
                  20013488    00000010     (__TI_cinit_table)

.init_array 
*          0    20004000    00000000     UNINITIALIZED

.ramVecs   0    20000000    0000030c     NOLOAD SECTION
                  20000000    0000030c     nortos_cc32xx.a : startup_cc32xx_ccs.oem4 (.ramVecs)

.stack     0    20003000    00001000     UNINITIALIZED
                  20003000    00000004     rtsv7M4_T_le_eabi.lib : boot_cortex_m.c.obj (.stack)
                  20003004    00000ffc     --HOLE--

.resetVecs 
*          0    20004000    00000040     
                  20004000    00000040     nortos_cc32xx.a : startup_cc32xx_ccs.oem4 (.resetVecs:retain)

.sysmem    0    20004040    00008000     UNINITIALIZED
                  20004040    00000010     rtsv7M4_T_le_eabi.lib : memory.c.obj (.sysmem)
                  20004050    00007ff0     --HOLE--

.data      0    200124ac    000005cc     UNINITIALIZED
                  200124ac    0000030c     nortos_cc32xx.a : HwiPCC32XX_nortos.oem4 (.data:HwiP_dispatchTable)
                  200127b8    0000016c     drivers_cc32xx.a : PowerCC32XX.oem4 (.data:PowerCC32XX_module)
                  20012924    000000f8     ti_drivers_config.obj (.data:parkInfo)
                  20012a1c    0000000c     ti_drivers_config.obj (.data:gpioCallbackFunctions)
                  20012a28    0000000c     ti_drivers_config.obj (.data:gpioPinConfigs)
                  20012a34    00000009     drivers_cc32xx.a : GPIOCC32XX.oem4 (.data)
                  20012a3d    00000003     nortos_cc32xx.a : SemaphoreP_nortos.oem4 (.data)
                  20012a40    00000009     gpiointerrupt.obj (.data)
                  20012a49    00000001     drivers_cc32xx.a : UART.oem4 (.data)
                  20012a4a    00000002     --HOLE--
                  20012a4c    00000008     rtsv7M4_T_le_eabi.lib : _lock.c.obj (.data:$O1$$)
                  20012a54    00000008                           : memory.c.obj (.data:$O1$$)
                  20012a5c    00000008     nortos_cc32xx.a : SemaphoreP_nortos.oem4 (.data:SemaphoreP_defaultParams)
                  20012a64    00000008                     : HwiPCC32XX_nortos.oem4 (.data)
                  20012a6c    00000005                     : ClockPSysTick_nortos.oem4 (.data)
                  20012a71    00000003     --HOLE--
                  20012a74    00000004     rtsv7M4_T_le_eabi.lib : errno.c.obj (.data)

.bss       0    20012f80    00000424     UNINITIALIZED
                  20012f80    0000012c     (.common:PowerCC32XX_contextSave)
                  200130ac    000000fc     (.common:i2cCC32XXObjects)
                  200131a8    00000084     (.common:timerCC32XXObjects)
                  2001322c    00000084     (.common:uartCC32XXObjects0)
                  200132b0    00000040     (.common:output)
                  200132f0    00000020     drivers_cc32xx.a : GPIOCC32XX.oem4 (.bss:gpioCallbackInfo)
                  20013310    00000020     ti_drivers_config.obj (.bss:uartCC32XXRingBuffer0)
                  20013330    00000020     (.common:i2cTransaction)
                  20013350    00000014     drivers_cc32xx.a : GPIOCC32XX.oem4 (.bss:powerNotifyObj)
                  20013364    00000004                      : GPIOCC32XX.oem4 (.bss)
                  20013368    00000010     (.common:ClockP_ctrl)
                  20013378    0000000d     nortos_cc32xx.a : SwiP_nortos.oem4 (.bss)
                  20013385    00000003     --HOLE--
                  20013388    00000004                     : ClockPSysTick_nortos.oem4 (.bss)
                  2001338c    00000004     drivers_cc32xx.a : TimerCC32XX.oem4 (.bss:timerState)
                  20013390    00000004     (.common:i2c)
                  20013394    00000004     (.common:rxBuffer)
                  20013398    00000004     (.common:timer0)
                  2001339c    00000004     (.common:txBuffer)
                  200133a0    00000004     (.common:uart)

.log_data 
*          0    90000000    00000000     COPY SECTION

__llvm_prf_cnts 
*          0    20004000    00000000     UNINITIALIZED

MODULE SUMMARY

       Module                       code    ro data   rw data
       ------                       ----    -------   -------
    .\
       gpiointerrupt.obj            1476    36        125    
       main_nortos.obj              18      0         0      
    +--+----------------------------+-------+---------+---------+
       Total:                       1494    36        125    
                                                             
    .\syscfg\
       ti_drivers_config.obj        18      197       820    
    +--+----------------------------+-------+---------+---------+
       Total:                       18      197       820    
                                                             
    E:/Coding/CCStudio IDE/simplelink_cc32xx_sdk_5_20_00_06/kernel/nortos/lib/ccs/m4/nortos_cc32xx.a
       HwiPCC32XX_nortos.oem4       394     0         788    
       startup_cc32xx_ccs.oem4      90      64        780    
       ClockPSysTick_nortos.oem4    702     0         25     
       PowerCC32XX_nortos.oem4      472     0         0      
       SemaphoreP_nortos.oem4       410     0         11     
       SwiP_nortos.oem4             96      0         13     
    +--+----------------------------+-------+---------+---------+
       Total:                       2164    64        1617   
                                                             
    E:/Coding/CCStudio IDE/simplelink_cc32xx_sdk_5_20_00_06/source/ti/devices/cc32xx/driverlib/ccs/Release/driverlib.a
       prcm.obj                     1604    168       0      
       pin.obj                      280     256       0      
       interrupt.obj                334     48        0      
       i2c.obj                      318     0         0      
       timer.obj                    264     0         0      
       flash.obj                    72      0         0      
       uart.obj                     48      0         0      
       cpu.obj                      20      0         0      
       utils.obj                    6       0         0      
    +--+----------------------------+-------+---------+---------+
       Total:                       2946    472       0      
                                                             
    E:/Coding/CCStudio IDE/simplelink_cc32xx_sdk_5_20_00_06/source/ti/drivers/lib/ccs/m4/drivers_cc32xx.a
       UARTCC32XX.oem4              3466    116       0      
       PowerCC32XX.oem4             2432    0         664    
       I2CCC32XX.oem4               1452    16        0      
       GPIOCC32XX.oem4              1208    103       65     
       TimerCC32XX.oem4             876     12        4      
       I2C.oem4                     366     16        0      
       UART.oem4                    166     36        1      
       RingBuf.oem4                 198     0         0      
       Timer.oem4                   140     12        0      
       PowerCC32XX_asm.oem4         150     0         0      
       List.oem4                    76      0         0      
    +--+----------------------------+-------+---------+---------+
       Total:                       10530   311       734    
                                                             
    E:\Coding\CCStudio IDE\ccs\tools\compiler\ti-cgt-arm_20.2.5.LTS\lib\rtsv7M4_T_le_eabi.lib
       _printfi.c.obj               4835    0         0      
       memory.c.obj                 672     0         8      
       fd_add_t2.asm.obj            438     0         0      
       fd_div_t2.asm.obj            310     0         0      
       fd_cmp_t2.asm.obj            268     0         0      
       ctype.c.obj                  0       257       0      
       fd_mul_t2.asm.obj            252     0         0      
       s_scalbn.c.obj               208     0         0      
       memcpy_t2.asm.obj            156     0         0      
       ull_div_t2.asm.obj           150     0         0      
       snprintf.c.obj               148     0         0      
       fs_mul_t2.asm.obj            122     0         0      
       memset_t2.asm.obj            122     0         0      
       copy_decompress_lzss.c.obj   104     0         0      
       s_frexp.c.obj                92      0         0      
       _ltoa.c.obj                  84      0         0      
       atoi.c.obj                   76      0         0      
       fd_toi_t2.asm.obj            72      0         0      
       autoinit.c.obj               68      0         0      
       fs_toi_t2.asm.obj            56      0         0      
       i_tofs_t2.asm.obj            56      0         0      
       i_tofd_t2.asm.obj            46      0         0      
       boot_cortex_m.c.obj          36      0         0      
       memccpy.c.obj                28      0         0      
       ll_mul_t2.asm.obj            24      0         0      
       strchr.c.obj                 22      0         0      
       strlen.c.obj                 20      0         0      
       wcslen.c.obj                 18      0         0      
       copy_decompress_none.c.obj   14      0         0      
       copy_zero_init.c.obj         12      0         0      
       errno.c.obj                  8       0         4      
       s_copysign.c.obj             12      0         0      
       _lock.c.obj                  2       0         8      
       exit.c.obj                   4       0         0      
       pre_init.c.obj               4       0         0      
       div0.asm.obj                 2       0         0      
    +--+----------------------------+-------+---------+---------+
       Total:                       8541    257       20     
                                                             
       Heap:                        0       0         32768  
       Stack:                       0       0         4096   
       Linker Generated:            0       238       0      
    +--+----------------------------+-------+---------+---------+
       Grand Total:                 25693   1575      40180  


LINKER GENERATED COPY TABLES

__TI_cinit_table @ 20013488 records: 2, size/record: 8, table size: 16
	.data: load addr=200133a8, load size=000000ca bytes, run addr=200124ac, run size=000005cc bytes, compression=lzss
	.bss: load addr=20013480, load size=00000008 bytes, run addr=20012f80, run size=00000424 bytes, compression=zero_init


LINKER GENERATED HANDLER TABLE

__TI_handler_table @ 20013474 records: 3, size/record: 4, table size: 12
	index: 0, handler: __TI_decompress_lzss
	index: 1, handler: __TI_decompress_none
	index: 2, handler: __TI_zero_init


GLOBAL SYMBOLS: SORTED ALPHABETICALLY BY Name 

address   name                             
-------   ----                             
2001229d  Board_init                       
2000ca8f  Board_initHook                   
200124a7  C$$EXIT                          
20012f38  CONFIG_GPIO_BUTTON_0_CONST       
20012f39  CONFIG_GPIO_BUTTON_1_CONST       
20012f3a  CONFIG_GPIO_LED_0_CONST          
20012f3b  CONFIG_I2C_0_CONST               
20012f3d  CONFIG_TIMER_0_CONST             
20012f3f  CONFIG_UART_0_CONST              
2001217b  CPUcpsid                         
20012435  ClockP_Params_init               
200122ad  ClockP_add                       
20011451  ClockP_construct                 
20011f25  ClockP_create                    
20013368  ClockP_ctrl                      
200122bd  ClockP_delete                    
20011651  ClockP_destruct                  
20010d41  ClockP_doTick                    
200122cd  ClockP_getCpuFreq                
200122dd  ClockP_getSystemTicks            
200118f9  ClockP_getTicksUntilInterrupt    
2001243f  ClockP_isActive                  
200122ed  ClockP_setTicks                  
20012497  ClockP_setTimeout                
20011a65  ClockP_start                     
2001192d  ClockP_startup                   
200111ed  ClockP_stop                      
20010d41  ClockP_sysTickHandler            
20012a6c  ClockP_tickPeriod                
20010ff9  FlashDisable                     
20012e64  GPIOCC32XX_config                
20010e31  GPIO_enableInt                   
20010435  GPIO_hwiIntFxn                   
2000f0d5  GPIO_init                        
200108d9  GPIO_setCallback                 
2000d5fd  GPIO_setConfig                   
200109ed  GPIO_write                       
20012231  HwiP_Params_init                 
2001237d  HwiP_clearInterrupt              
2000fe19  HwiP_construct                   
20011b51  HwiP_create                      
200122fd  HwiP_delete                      
20011dbb  HwiP_destruct                    
2001238b  HwiP_disable                     
20012399  HwiP_disableInterrupt            
20011d09  HwiP_dispatch                    
200123a7  HwiP_enable                      
200123b5  HwiP_enableInterrupt             
20012191  HwiP_inISR                       
20012a64  HwiP_key                         
2001249b  HwiP_post                        
2001230d  HwiP_restore                     
20012a68  HwiP_swiPIntNum                  
20011c71  I2CFIFODataGetNonBlocking        
20011bcf  I2CFIFODataPutNonBlocking        
2001231d  I2CFIFOStatus                    
2001210d  I2CMasterBurstLengthSet          
20011f73  I2CMasterBusBusy                 
20012243  I2CMasterIntClearEx              
20011f8b  I2CMasterIntDisableEx            
20011fa3  I2CMasterIntEnableEx             
20011e3d  I2CMasterIntStatusEx             
20011d99  I2CMasterSlaveAddrSet            
20011fbb  I2CRxFIFOFlush                   
200121a5  I2CSupport_masterFinish          
20012485  I2CSupport_powerRelConstraint    
2001248b  I2CSupport_powerSetConstraint    
20010677  I2CSupport_primeTransfer         
20011fd3  I2CTxFIFOFlush                   
2001232d  I2C_Params_init                  
20011c97  I2C_cancel                       
20012f44  I2C_config                       
20012f3c  I2C_count                        
20012ec8  I2C_defaultParams                
2000db63  I2C_init                         
2000eb69  I2C_open                         
200121b9  I2C_transfer                     
2000e5e7  I2C_transferTimeout              
UNDEFED   ITM_flush                        
UNDEFED   ITM_restore                      
2000f7ed  IntEnable                        
20012449  IntMasterDisable                 
2000fea5  IntPendSet                       
200121cd  IntVTableBaseSet                 
20011cbd  List_put                         
20011ce3  List_remove                      
200123a7  NoRTOS_start                     
2000ca91  PRCMCC3200MCUInit                
20012123  PRCMHIBRegRead                   
20012139  PRCMHIBRegWrite                  
20011041  PRCMLPDSEnter                    
20011705  PRCMLPDSEnterKeepDebugIf         
20011231  PRCMLPDSRestoreInfoSet           
20011bf9  PRCMPeripheralClkDisable         
20011089  PRCMPeripheralClkEnable          
20010a45  PRCMPeripheralReset              
20010879  PRCMSysResetCauseGet             
2000ff2d  PinConfigSet                     
20011961  PinModeGet                       
20011491  PinModeSet                       
20011eb5  PinToPadGet                      
20012d24  PowerCC32XX_config               
2000f895  PowerCC32XX_configureWakeup      
20012f80  PowerCC32XX_contextSave          
20011275  PowerCC32XX_enterLPDS            
20011b25  PowerCC32XX_getParkState         
2000ee53  PowerCC32XX_initPolicy           
200127b8  PowerCC32XX_module               
20010ec9  PowerCC32XX_parkPin              
20011d2d  PowerCC32XX_reset                
20011995  PowerCC32XX_restoreParkState     
20011a95  PowerCC32XX_restoreParkedPin     
20010c49  PowerCC32XX_resumeLPDS           
200107b1  PowerCC32XX_setParkState         
2000db65  PowerCC32XX_sleepPolicy          
200121e1  Power_disablePolicy              
2001233d  Power_enablePolicy               
200123f9  Power_getConstraintMask          
200121f5  Power_getDependencyCount         
20011fed  Power_getTransitionLatency       
20012005  Power_idleFunc                   
200100c1  Power_init                       
20011c21  Power_registerNotify             
200110d1  Power_releaseConstraint          
20010a9d  Power_releaseDependency          
2001168d  Power_setConstraint              
200101c9  Power_setDependency              
2000e241  Power_sleep                      
20011ddd  Power_unregisterNotify           
20012255  RingBuf_construct                
200114d1  RingBuf_get                      
200123d1  RingBuf_isFull                   
20011dfd  RingBuf_peek                     
20011161  RingBuf_put                      
2001234d  SemaphoreP_Params_init           
20010d91  SemaphoreP_construct             
20011e5b  SemaphoreP_constructBinary       
2001214f  SemaphoreP_create                
20011f3f  SemaphoreP_createBinary          
20012a5c  SemaphoreP_defaultParams         
2001249f  SemaphoreP_delete                
2000f0d3  SemaphoreP_destruct              
2000fa81  SemaphoreP_pend                  
200112b9  SemaphoreP_post                  
20011ed1  SwiP_disable                     
200112fd  SwiP_restore                     
20010de1  TimerCC32XX_allocateTimerResource
200119c9  TimerCC32XX_freeTimerResource    
20011855  TimerControlStall                
20011e79  TimerDisable                     
20011e97  TimerEnable                      
20012a48  TimerFlag                        
20012267  TimerIntClear                    
2001201d  TimerIntDisable                  
20012035  TimerIntEnable                   
20011b7b  TimerLoadSet                     
20011ba5  TimerPrescaleSet                 
20011d51  TimerSupport_timerDisable        
20011511  TimerSupport_timerEnable         
2001235d  Timer_Params_init                
20011551  Timer_close                      
20012f4c  Timer_config                     
20012f3e  Timer_count                      
2000f313  Timer_init                       
2000e379  Timer_open                       
20011341  Timer_start                      
2001188b  Timer_stop                       
2001204d  UARTBusy                         
2000e709  UARTCC32XX_close                 
2000ed61  UARTCC32XX_control               
20012d68  UARTCC32XX_fxnTable              
2000fd87  UARTCC32XX_init                  
2000cebd  UARTCC32XX_open                  
20011591  UARTCC32XX_read                  
200118c1  UARTCC32XX_readCancel            
2000f259  UARTCC32XX_readPolling           
2000f009  UARTCC32XX_write                 
20010749  UARTCC32XX_writeCancel           
20010815  UARTCC32XX_writePolling          
20012065  UARTIntEnable                    
2001207d  UART_Params_init                 
20012f14  UART_config                      
20012f40  UART_count                       
20012d90  UART_defaultParams               
20011385  UART_init                        
200115d1  UART_open                        
20012453  UART_write                       
20012491  UtilsDelay                       
20004000  __STACK_END                      
00001000  __STACK_SIZE                     
00008000  __SYSMEM_SIZE                    
20013488  __TI_CINIT_Base                  
20013498  __TI_CINIT_Limit                 
20013474  __TI_Handler_Table_Base          
20013480  __TI_Handler_Table_Limit         
200113c9  __TI_auto_init_nobinit_nopinit   
200106e1  __TI_decompress_lzss             
200123df  __TI_decompress_none             
20010b4b  __TI_ltoa                        
ffffffff  __TI_pprof_out_hndl              
2000c041  __TI_printfi                     
ffffffff  __TI_prof_data_size              
ffffffff  __TI_prof_data_start             
200133a8  __TI_static_base__               
20012411  __TI_zero_init                   
2000ffb5  __aeabi_cdcmpeq                  
2000ffb5  __aeabi_cdcmple                  
2001003b  __aeabi_cdrcmple                 
20011119  __aeabi_d2iz                     
2000d9b7  __aeabi_dadd                     
2000e4b1  __aeabi_ddiv                     
2000ec65  __aeabi_dmul                     
2000d9ad  __aeabi_dsub                     
20012465  __aeabi_errno_addr               
200117e5  __aeabi_f2iz                     
2001033f  __aeabi_fmul                     
20011af5  __aeabi_i2d                      
2001181d  __aeabi_i2f                      
20011703  __aeabi_idiv0                    
20011703  __aeabi_ldiv0                    
200120dd  __aeabi_lmul                     
200103b9  __aeabi_memclr                   
200103b9  __aeabi_memclr4                  
200103b9  __aeabi_memclr8                  
2000fbbd  __aeabi_memcpy                   
2000fbbd  __aeabi_memcpy4                  
2000fbbd  __aeabi_memcpy8                  
200103bb  __aeabi_memset                   
200103bb  __aeabi_memset4                  
200103bb  __aeabi_memset8                  
2000fcf1  __aeabi_uldivmod                 
ffffffff  __binit__                        
ffffffff  __c_args__                       
UNDEFED   __mpu_init                       
20003000  __stack                          
20004000  __start___llvm_prf_cnts          
20004000  __stop___llvm_prf_cnts           
20011d75  _c_int00_noargs                  
20012a78  _ctypes_                         
20012a4c  _lock                            
20010433  _nop                             
20004040  _sys_memory                      
UNDEFED   _system_post_cinit               
200124a3  _system_pre_init                 
20012a50  _unlock                          
200124a7  abort                            
2000ea69  aligned_alloc                    
20010f15  atoi                             
ffffffff  binit                            
20010877  clkFxn                           
20012405  copysign                         
20012405  copysignl                        
20012a74  errno                            
2000ee55  free                             
20010935  frexp                            
20010935  frexpl                           
200120ad  gpioButtonFxn0                   
200120c5  gpioButtonFxn1                   
20012a1c  gpioCallbackFunctions            
20012a28  gpioPinConfigs                   
20013390  i2c                              
20012e8c  i2cCC32XXHWAttrs                 
200130ac  i2cCC32XXObjects                 
20013330  i2cTransaction                   
20012f6a  inPinTypes                       
2000d3ad  initI2C                          
20010ba1  initTimer                        
2001140d  initUART                         
20011775  initVectors                      
2000ef39  ldexp                            
2000ef39  ldexpl                           
20012a40  leftButton                       
20012279  main                             
2000dd01  mainThread                       
2001246d  malloc                           
2000ea69  memalign                         
20011f09  memccpy                          
2000fbbd  memcpy                           
200103c1  memset                           
20012f70  outPinStrengths                  
20012f54  outPinTypes                      
200132b0  output                           
20012924  parkInfo                         
2000e949  readTemp                         
20011f59  resetISR                         
20011f6c  resetVectorAddr                  
20004000  resetVectors                     
20012a44  rightButton                      
20013394  rxBuffer                         
2000ef39  scalbn                           
2000ef39  scalbnl                          
20010fad  snprintf                         
20012165  strchr                           
2001221d  strlen                           
20013398  timer0                           
20012ef8  timerCC32XXHWAttrs               
200131a8  timerCC32XXObjects               
200120f5  timerCallback                    
2001339c  txBuffer                         
200133a0  uart                             
2001322c  uartCC32XXObjects0               
2001228b  wcslen                           


GLOBAL SYMBOLS: SORTED BY Symbol Address 

address   name                             
-------   ----                             
00001000  __STACK_SIZE                     
00008000  __SYSMEM_SIZE                    
20003000  __stack                          
20004000  __STACK_END                      
20004000  __start___llvm_prf_cnts          
20004000  __stop___llvm_prf_cnts           
20004000  resetVectors                     
20004040  _sys_memory                      
2000c041  __TI_printfi                     
2000ca8f  Board_initHook                   
2000ca91  PRCMCC3200MCUInit                
2000cebd  UARTCC32XX_open                  
2000d3ad  initI2C                          
2000d5fd  GPIO_setConfig                   
2000d9ad  __aeabi_dsub                     
2000d9b7  __aeabi_dadd                     
2000db63  I2C_init                         
2000db65  PowerCC32XX_sleepPolicy          
2000dd01  mainThread                       
2000e241  Power_sleep                      
2000e379  Timer_open                       
2000e4b1  __aeabi_ddiv                     
2000e5e7  I2C_transferTimeout              
2000e709  UARTCC32XX_close                 
2000e949  readTemp                         
2000ea69  aligned_alloc                    
2000ea69  memalign                         
2000eb69  I2C_open                         
2000ec65  __aeabi_dmul                     
2000ed61  UARTCC32XX_control               
2000ee53  PowerCC32XX_initPolicy           
2000ee55  free                             
2000ef39  ldexp                            
2000ef39  ldexpl                           
2000ef39  scalbn                           
2000ef39  scalbnl                          
2000f009  UARTCC32XX_write                 
2000f0d3  SemaphoreP_destruct              
2000f0d5  GPIO_init                        
2000f259  UARTCC32XX_readPolling           
2000f313  Timer_init                       
2000f7ed  IntEnable                        
2000f895  PowerCC32XX_configureWakeup      
2000fa81  SemaphoreP_pend                  
2000fbbd  __aeabi_memcpy                   
2000fbbd  __aeabi_memcpy4                  
2000fbbd  __aeabi_memcpy8                  
2000fbbd  memcpy                           
2000fcf1  __aeabi_uldivmod                 
2000fd87  UARTCC32XX_init                  
2000fe19  HwiP_construct                   
2000fea5  IntPendSet                       
2000ff2d  PinConfigSet                     
2000ffb5  __aeabi_cdcmpeq                  
2000ffb5  __aeabi_cdcmple                  
2001003b  __aeabi_cdrcmple                 
200100c1  Power_init                       
200101c9  Power_setDependency              
2001033f  __aeabi_fmul                     
200103b9  __aeabi_memclr                   
200103b9  __aeabi_memclr4                  
200103b9  __aeabi_memclr8                  
200103bb  __aeabi_memset                   
200103bb  __aeabi_memset4                  
200103bb  __aeabi_memset8                  
200103c1  memset                           
20010433  _nop                             
20010435  GPIO_hwiIntFxn                   
20010677  I2CSupport_primeTransfer         
200106e1  __TI_decompress_lzss             
20010749  UARTCC32XX_writeCancel           
200107b1  PowerCC32XX_setParkState         
20010815  UARTCC32XX_writePolling          
20010877  clkFxn                           
20010879  PRCMSysResetCauseGet             
200108d9  GPIO_setCallback                 
20010935  frexp                            
20010935  frexpl                           
200109ed  GPIO_write                       
20010a45  PRCMPeripheralReset              
20010a9d  Power_releaseDependency          
20010b4b  __TI_ltoa                        
20010ba1  initTimer                        
20010c49  PowerCC32XX_resumeLPDS           
20010d41  ClockP_doTick                    
20010d41  ClockP_sysTickHandler            
20010d91  SemaphoreP_construct             
20010de1  TimerCC32XX_allocateTimerResource
20010e31  GPIO_enableInt                   
20010ec9  PowerCC32XX_parkPin              
20010f15  atoi                             
20010fad  snprintf                         
20010ff9  FlashDisable                     
20011041  PRCMLPDSEnter                    
20011089  PRCMPeripheralClkEnable          
200110d1  Power_releaseConstraint          
20011119  __aeabi_d2iz                     
20011161  RingBuf_put                      
200111ed  ClockP_stop                      
20011231  PRCMLPDSRestoreInfoSet           
20011275  PowerCC32XX_enterLPDS            
200112b9  SemaphoreP_post                  
200112fd  SwiP_restore                     
20011341  Timer_start                      
20011385  UART_init                        
200113c9  __TI_auto_init_nobinit_nopinit   
2001140d  initUART                         
20011451  ClockP_construct                 
20011491  PinModeSet                       
200114d1  RingBuf_get                      
20011511  TimerSupport_timerEnable         
20011551  Timer_close                      
20011591  UARTCC32XX_read                  
200115d1  UART_open                        
20011651  ClockP_destruct                  
2001168d  Power_setConstraint              
20011703  __aeabi_idiv0                    
20011703  __aeabi_ldiv0                    
20011705  PRCMLPDSEnterKeepDebugIf         
20011775  initVectors                      
200117e5  __aeabi_f2iz                     
2001181d  __aeabi_i2f                      
20011855  TimerControlStall                
2001188b  Timer_stop                       
200118c1  UARTCC32XX_readCancel            
200118f9  ClockP_getTicksUntilInterrupt    
2001192d  ClockP_startup                   
20011961  PinModeGet                       
20011995  PowerCC32XX_restoreParkState     
200119c9  TimerCC32XX_freeTimerResource    
20011a65  ClockP_start                     
20011a95  PowerCC32XX_restoreParkedPin     
20011af5  __aeabi_i2d                      
20011b25  PowerCC32XX_getParkState         
20011b51  HwiP_create                      
20011b7b  TimerLoadSet                     
20011ba5  TimerPrescaleSet                 
20011bcf  I2CFIFODataPutNonBlocking        
20011bf9  PRCMPeripheralClkDisable         
20011c21  Power_registerNotify             
20011c71  I2CFIFODataGetNonBlocking        
20011c97  I2C_cancel                       
20011cbd  List_put                         
20011ce3  List_remove                      
20011d09  HwiP_dispatch                    
20011d2d  PowerCC32XX_reset                
20011d51  TimerSupport_timerDisable        
20011d75  _c_int00_noargs                  
20011d99  I2CMasterSlaveAddrSet            
20011dbb  HwiP_destruct                    
20011ddd  Power_unregisterNotify           
20011dfd  RingBuf_peek                     
20011e3d  I2CMasterIntStatusEx             
20011e5b  SemaphoreP_constructBinary       
20011e79  TimerDisable                     
20011e97  TimerEnable                      
20011eb5  PinToPadGet                      
20011ed1  SwiP_disable                     
20011f09  memccpy                          
20011f25  ClockP_create                    
20011f3f  SemaphoreP_createBinary          
20011f59  resetISR                         
20011f6c  resetVectorAddr                  
20011f73  I2CMasterBusBusy                 
20011f8b  I2CMasterIntDisableEx            
20011fa3  I2CMasterIntEnableEx             
20011fbb  I2CRxFIFOFlush                   
20011fd3  I2CTxFIFOFlush                   
20011fed  Power_getTransitionLatency       
20012005  Power_idleFunc                   
2001201d  TimerIntDisable                  
20012035  TimerIntEnable                   
2001204d  UARTBusy                         
20012065  UARTIntEnable                    
2001207d  UART_Params_init                 
200120ad  gpioButtonFxn0                   
200120c5  gpioButtonFxn1                   
200120dd  __aeabi_lmul                     
200120f5  timerCallback                    
2001210d  I2CMasterBurstLengthSet          
20012123  PRCMHIBRegRead                   
20012139  PRCMHIBRegWrite                  
2001214f  SemaphoreP_create                
20012165  strchr                           
2001217b  CPUcpsid                         
20012191  HwiP_inISR                       
200121a5  I2CSupport_masterFinish          
200121b9  I2C_transfer                     
200121cd  IntVTableBaseSet                 
200121e1  Power_disablePolicy              
200121f5  Power_getDependencyCount         
2001221d  strlen                           
20012231  HwiP_Params_init                 
20012243  I2CMasterIntClearEx              
20012255  RingBuf_construct                
20012267  TimerIntClear                    
20012279  main                             
2001228b  wcslen                           
2001229d  Board_init                       
200122ad  ClockP_add                       
200122bd  ClockP_delete                    
200122cd  ClockP_getCpuFreq                
200122dd  ClockP_getSystemTicks            
200122ed  ClockP_setTicks                  
200122fd  HwiP_delete                      
2001230d  HwiP_restore                     
2001231d  I2CFIFOStatus                    
2001232d  I2C_Params_init                  
2001233d  Power_enablePolicy               
2001234d  SemaphoreP_Params_init           
2001235d  Timer_Params_init                
2001237d  HwiP_clearInterrupt              
2001238b  HwiP_disable                     
20012399  HwiP_disableInterrupt            
200123a7  HwiP_enable                      
200123a7  NoRTOS_start                     
200123b5  HwiP_enableInterrupt             
200123d1  RingBuf_isFull                   
200123df  __TI_decompress_none             
200123f9  Power_getConstraintMask          
20012405  copysign                         
20012405  copysignl                        
20012411  __TI_zero_init                   
20012435  ClockP_Params_init               
2001243f  ClockP_isActive                  
20012449  IntMasterDisable                 
20012453  UART_write                       
20012465  __aeabi_errno_addr               
2001246d  malloc                           
20012485  I2CSupport_powerRelConstraint    
2001248b  I2CSupport_powerSetConstraint    
20012491  UtilsDelay                       
20012497  ClockP_setTimeout                
2001249b  HwiP_post                        
2001249f  SemaphoreP_delete                
200124a3  _system_pre_init                 
200124a7  C$$EXIT                          
200124a7  abort                            
200127b8  PowerCC32XX_module               
20012924  parkInfo                         
20012a1c  gpioCallbackFunctions            
20012a28  gpioPinConfigs                   
20012a40  leftButton                       
20012a44  rightButton                      
20012a48  TimerFlag                        
20012a4c  _lock                            
20012a50  _unlock                          
20012a5c  SemaphoreP_defaultParams         
20012a64  HwiP_key                         
20012a68  HwiP_swiPIntNum                  
20012a6c  ClockP_tickPeriod                
20012a74  errno                            
20012a78  _ctypes_                         
20012d24  PowerCC32XX_config               
20012d68  UARTCC32XX_fxnTable              
20012d90  UART_defaultParams               
20012e64  GPIOCC32XX_config                
20012e8c  i2cCC32XXHWAttrs                 
20012ec8  I2C_defaultParams                
20012ef8  timerCC32XXHWAttrs               
20012f14  UART_config                      
20012f38  CONFIG_GPIO_BUTTON_0_CONST       
20012f39  CONFIG_GPIO_BUTTON_1_CONST       
20012f3a  CONFIG_GPIO_LED_0_CONST          
20012f3b  CONFIG_I2C_0_CONST               
20012f3c  I2C_count                        
20012f3d  CONFIG_TIMER_0_CONST             
20012f3e  Timer_count                      
20012f3f  CONFIG_UART_0_CONST              
20012f40  UART_count                       
20012f44  I2C_config                       
20012f4c  Timer_config                     
20012f54  outPinTypes                      
20012f6a  inPinTypes                       
20012f70  outPinStrengths                  
20012f80  PowerCC32XX_contextSave          
200130ac  i2cCC32XXObjects                 
200131a8  timerCC32XXObjects               
2001322c  uartCC32XXObjects0               
200132b0  output                           
20013330  i2cTransaction                   
20013368  ClockP_ctrl                      
20013390  i2c                              
20013394  rxBuffer                         
20013398  timer0                           
2001339c  txBuffer                         
200133a0  uart                             
200133a8  __TI_static_base__               
20013474  __TI_Handler_Table_Base          
20013480  __TI_Handler_Table_Limit         
20013488  __TI_CINIT_Base                  
20013498  __TI_CINIT_Limit                 
ffffffff  __TI_pprof_out_hndl              
ffffffff  __TI_prof_data_size              
ffffffff  __TI_prof_data_start             
ffffffff  __binit__                        
ffffffff  __c_args__                       
ffffffff  binit                            
UNDEFED   ITM_flush                        
UNDEFED   ITM_restore                      
UNDEFED   __mpu_init                       
UNDEFED   _system_post_cinit               

[302 symbols]
