<?xml version="1.0" encoding="ISO-8859-1" ?>
<link_info>
   <banner>TI ARM Linker PC v20.2.5.LTS</banner>
   <copyright>Copyright (c) 1996-2018 Texas Instruments Incorporated</copyright>
   <link_time>0x61473bbe</link_time>
   <link_errors>0x0</link_errors>
   <output_file>uartecho_CC3220S_LAUNCHXL_nortos_ccs.out</output_file>
   <entry_point>
      <name>resetISR</name>
      <address>0x2000f2dd</address>
   </entry_point>
   <input_file_list>
      <input_file id="fl-2">
         <path>.\</path>
         <kind>object</kind>
         <file>main_nortos.obj</file>
         <name>main_nortos.obj</name>
      </input_file>
      <input_file id="fl-3">
         <path>.\</path>
         <kind>object</kind>
         <file>uartecho.obj</file>
         <name>uartecho.obj</name>
      </input_file>
      <input_file id="fl-4">
         <path>.\syscfg\</path>
         <kind>object</kind>
         <file>ti_drivers_config.obj</file>
         <name>ti_drivers_config.obj</name>
      </input_file>
      <input_file id="fl-d">
         <kind>object</kind>
         <file>&lt;internal&gt;</file>
         <name>&lt;internal&gt;</name>
      </input_file>
      <input_file id="fl-e">
         <path>C:\ti\simplelink_cc32xx_sdk_5_20_00_06\source\ti\drivers\lib\ccs\m4\</path>
         <kind>archive</kind>
         <file>drivers_cc32xx.a</file>
         <name>UART.oem4</name>
      </input_file>
      <input_file id="fl-f">
         <path>C:\ti\simplelink_cc32xx_sdk_5_20_00_06\source\ti\drivers\lib\ccs\m4\</path>
         <kind>archive</kind>
         <file>drivers_cc32xx.a</file>
         <name>GPIOCC32XX.oem4</name>
      </input_file>
      <input_file id="fl-10">
         <path>C:\ti\simplelink_cc32xx_sdk_5_20_00_06\source\ti\drivers\lib\ccs\m4\</path>
         <kind>archive</kind>
         <file>drivers_cc32xx.a</file>
         <name>PowerCC32XX.oem4</name>
      </input_file>
      <input_file id="fl-11">
         <path>C:\ti\simplelink_cc32xx_sdk_5_20_00_06\source\ti\drivers\lib\ccs\m4\</path>
         <kind>archive</kind>
         <file>drivers_cc32xx.a</file>
         <name>PowerCC32XX_asm.oem4</name>
      </input_file>
      <input_file id="fl-12">
         <path>C:\ti\simplelink_cc32xx_sdk_5_20_00_06\source\ti\drivers\lib\ccs\m4\</path>
         <kind>archive</kind>
         <file>drivers_cc32xx.a</file>
         <name>UARTCC32XX.oem4</name>
      </input_file>
      <input_file id="fl-13">
         <path>C:\ti\simplelink_cc32xx_sdk_5_20_00_06\source\ti\drivers\lib\ccs\m4\</path>
         <kind>archive</kind>
         <file>drivers_cc32xx.a</file>
         <name>List.oem4</name>
      </input_file>
      <input_file id="fl-14">
         <path>C:\ti\simplelink_cc32xx_sdk_5_20_00_06\source\ti\drivers\lib\ccs\m4\</path>
         <kind>archive</kind>
         <file>drivers_cc32xx.a</file>
         <name>RingBuf.oem4</name>
      </input_file>
      <input_file id="fl-15">
         <path>C:\ti\simplelink_cc32xx_sdk_5_20_00_06\kernel\nortos\lib\ccs\m4\</path>
         <kind>archive</kind>
         <file>nortos_cc32xx.a</file>
         <name>NoRTOS.oem4</name>
      </input_file>
      <input_file id="fl-16">
         <path>C:\ti\simplelink_cc32xx_sdk_5_20_00_06\kernel\nortos\lib\ccs\m4\</path>
         <kind>archive</kind>
         <file>nortos_cc32xx.a</file>
         <name>SemaphoreP_nortos.oem4</name>
      </input_file>
      <input_file id="fl-17">
         <path>C:\ti\simplelink_cc32xx_sdk_5_20_00_06\kernel\nortos\lib\ccs\m4\</path>
         <kind>archive</kind>
         <file>nortos_cc32xx.a</file>
         <name>ClockPSysTick_nortos.oem4</name>
      </input_file>
      <input_file id="fl-18">
         <path>C:\ti\simplelink_cc32xx_sdk_5_20_00_06\kernel\nortos\lib\ccs\m4\</path>
         <kind>archive</kind>
         <file>nortos_cc32xx.a</file>
         <name>HwiPCC32XX_nortos.oem4</name>
      </input_file>
      <input_file id="fl-19">
         <path>C:\ti\simplelink_cc32xx_sdk_5_20_00_06\kernel\nortos\lib\ccs\m4\</path>
         <kind>archive</kind>
         <file>nortos_cc32xx.a</file>
         <name>PowerCC32XX_nortos.oem4</name>
      </input_file>
      <input_file id="fl-1a">
         <path>C:\ti\simplelink_cc32xx_sdk_5_20_00_06\kernel\nortos\lib\ccs\m4\</path>
         <kind>archive</kind>
         <file>nortos_cc32xx.a</file>
         <name>startup_cc32xx_ccs.oem4</name>
      </input_file>
      <input_file id="fl-1b">
         <path>C:\ti\simplelink_cc32xx_sdk_5_20_00_06\kernel\nortos\lib\ccs\m4\</path>
         <kind>archive</kind>
         <file>nortos_cc32xx.a</file>
         <name>SwiP_nortos.oem4</name>
      </input_file>
      <input_file id="fl-1c">
         <path>C:\ti\simplelink_cc32xx_sdk_5_20_00_06\kernel\nortos\lib\ccs\m4\</path>
         <kind>archive</kind>
         <file>nortos_cc32xx.a</file>
         <name>QueueP_nortos.oem4</name>
      </input_file>
      <input_file id="fl-1d">
         <path>C:\ti\simplelink_cc32xx_sdk_5_20_00_06\source\ti\devices\cc32xx\driverlib\ccs\Release\</path>
         <kind>archive</kind>
         <file>driverlib.a</file>
         <name>cpu.obj</name>
      </input_file>
      <input_file id="fl-1e">
         <path>C:\ti\simplelink_cc32xx_sdk_5_20_00_06\source\ti\devices\cc32xx\driverlib\ccs\Release\</path>
         <kind>archive</kind>
         <file>driverlib.a</file>
         <name>interrupt.obj</name>
      </input_file>
      <input_file id="fl-1f">
         <path>C:\ti\simplelink_cc32xx_sdk_5_20_00_06\source\ti\devices\cc32xx\driverlib\ccs\Release\</path>
         <kind>archive</kind>
         <file>driverlib.a</file>
         <name>pin.obj</name>
      </input_file>
      <input_file id="fl-20">
         <path>C:\ti\simplelink_cc32xx_sdk_5_20_00_06\source\ti\devices\cc32xx\driverlib\ccs\Release\</path>
         <kind>archive</kind>
         <file>driverlib.a</file>
         <name>prcm.obj</name>
      </input_file>
      <input_file id="fl-21">
         <path>C:\ti\simplelink_cc32xx_sdk_5_20_00_06\source\ti\devices\cc32xx\driverlib\ccs\Release\</path>
         <kind>archive</kind>
         <file>driverlib.a</file>
         <name>uart.obj</name>
      </input_file>
      <input_file id="fl-22">
         <path>C:\ti\simplelink_cc32xx_sdk_5_20_00_06\source\ti\devices\cc32xx\driverlib\ccs\Release\</path>
         <kind>archive</kind>
         <file>driverlib.a</file>
         <name>utils.obj</name>
      </input_file>
      <input_file id="fl-23">
         <path>C:\ti\simplelink_cc32xx_sdk_5_20_00_06\source\ti\devices\cc32xx\driverlib\ccs\Release\</path>
         <kind>archive</kind>
         <file>driverlib.a</file>
         <name>flash.obj</name>
      </input_file>
      <input_file id="fl-d9">
         <path>E:\Coding\CCStudio IDE\ccs\tools\compiler\ti-cgt-arm_20.2.5.LTS\lib\</path>
         <kind>archive</kind>
         <file>rtsv7M4_T_le_eabi.lib</file>
         <name>ll_mul_t2.asm.obj</name>
      </input_file>
      <input_file id="fl-da">
         <path>E:\Coding\CCStudio IDE\ccs\tools\compiler\ti-cgt-arm_20.2.5.LTS\lib\</path>
         <kind>archive</kind>
         <file>rtsv7M4_T_le_eabi.lib</file>
         <name>memcpy_t2.asm.obj</name>
      </input_file>
      <input_file id="fl-db">
         <path>E:\Coding\CCStudio IDE\ccs\tools\compiler\ti-cgt-arm_20.2.5.LTS\lib\</path>
         <kind>archive</kind>
         <file>rtsv7M4_T_le_eabi.lib</file>
         <name>ull_div_t2.asm.obj</name>
      </input_file>
      <input_file id="fl-dc">
         <path>E:\Coding\CCStudio IDE\ccs\tools\compiler\ti-cgt-arm_20.2.5.LTS\lib\</path>
         <kind>archive</kind>
         <file>rtsv7M4_T_le_eabi.lib</file>
         <name>copy_zero_init.c.obj</name>
      </input_file>
      <input_file id="fl-dd">
         <path>E:\Coding\CCStudio IDE\ccs\tools\compiler\ti-cgt-arm_20.2.5.LTS\lib\</path>
         <kind>archive</kind>
         <file>rtsv7M4_T_le_eabi.lib</file>
         <name>copy_decompress_none.c.obj</name>
      </input_file>
      <input_file id="fl-de">
         <path>E:\Coding\CCStudio IDE\ccs\tools\compiler\ti-cgt-arm_20.2.5.LTS\lib\</path>
         <kind>archive</kind>
         <file>rtsv7M4_T_le_eabi.lib</file>
         <name>copy_decompress_lzss.c.obj</name>
      </input_file>
      <input_file id="fl-df">
         <path>E:\Coding\CCStudio IDE\ccs\tools\compiler\ti-cgt-arm_20.2.5.LTS\lib\</path>
         <kind>archive</kind>
         <file>rtsv7M4_T_le_eabi.lib</file>
         <name>memory.c.obj</name>
      </input_file>
      <input_file id="fl-e0">
         <path>E:\Coding\CCStudio IDE\ccs\tools\compiler\ti-cgt-arm_20.2.5.LTS\lib\</path>
         <kind>archive</kind>
         <file>rtsv7M4_T_le_eabi.lib</file>
         <name>boot_cortex_m.c.obj</name>
      </input_file>
      <input_file id="fl-e1">
         <path>E:\Coding\CCStudio IDE\ccs\tools\compiler\ti-cgt-arm_20.2.5.LTS\lib\</path>
         <kind>archive</kind>
         <file>rtsv7M4_T_le_eabi.lib</file>
         <name>div0.asm.obj</name>
      </input_file>
      <input_file id="fl-e2">
         <path>E:\Coding\CCStudio IDE\ccs\tools\compiler\ti-cgt-arm_20.2.5.LTS\lib\</path>
         <kind>archive</kind>
         <file>rtsv7M4_T_le_eabi.lib</file>
         <name>memset_t2.asm.obj</name>
      </input_file>
      <input_file id="fl-e3">
         <path>E:\Coding\CCStudio IDE\ccs\tools\compiler\ti-cgt-arm_20.2.5.LTS\lib\</path>
         <kind>archive</kind>
         <file>rtsv7M4_T_le_eabi.lib</file>
         <name>autoinit.c.obj</name>
      </input_file>
      <input_file id="fl-e4">
         <path>E:\Coding\CCStudio IDE\ccs\tools\compiler\ti-cgt-arm_20.2.5.LTS\lib\</path>
         <kind>archive</kind>
         <file>rtsv7M4_T_le_eabi.lib</file>
         <name>pre_init.c.obj</name>
      </input_file>
      <input_file id="fl-e5">
         <path>E:\Coding\CCStudio IDE\ccs\tools\compiler\ti-cgt-arm_20.2.5.LTS\lib\</path>
         <kind>archive</kind>
         <file>rtsv7M4_T_le_eabi.lib</file>
         <name>cpy_tbl.c.obj</name>
      </input_file>
      <input_file id="fl-e6">
         <path>E:\Coding\CCStudio IDE\ccs\tools\compiler\ti-cgt-arm_20.2.5.LTS\lib\</path>
         <kind>archive</kind>
         <file>rtsv7M4_T_le_eabi.lib</file>
         <name>exit.c.obj</name>
      </input_file>
      <input_file id="fl-e7">
         <path>E:\Coding\CCStudio IDE\ccs\tools\compiler\ti-cgt-arm_20.2.5.LTS\lib\</path>
         <kind>archive</kind>
         <file>rtsv7M4_T_le_eabi.lib</file>
         <name>_lock.c.obj</name>
      </input_file>
      <input_file id="fl-e8">
         <path>E:\Coding\CCStudio IDE\ccs\tools\compiler\ti-cgt-arm_20.2.5.LTS\lib\</path>
         <kind>archive</kind>
         <file>rtsv7M4_T_le_eabi.lib</file>
         <name>args_main.c.obj</name>
      </input_file>
   </input_file_list>
   <object_component_list>
      <object_component id="oc-1a9">
         <name>.text:PRCMCC3200MCUInit</name>
         <load_address>0x2000c040</load_address>
         <run_address>0x2000c040</run_address>
         <size>0x42c</size>
         <input_file_ref idref="fl-20"/>
      </object_component>
      <object_component id="oc-4d6">
         <name>.text:UARTCC32XX_open</name>
         <load_address>0x2000c46c</load_address>
         <run_address>0x2000c46c</run_address>
         <size>0x288</size>
         <input_file_ref idref="fl-12"/>
      </object_component>
      <object_component id="oc-1c9">
         <name>.text:GPIO_setConfig</name>
         <load_address>0x2000c6f4</load_address>
         <run_address>0x2000c6f4</run_address>
         <size>0x1e4</size>
         <input_file_ref idref="fl-f"/>
      </object_component>
      <object_component id="oc-35e">
         <name>.text:PowerCC32XX_sleepPolicy</name>
         <load_address>0x2000c8d8</load_address>
         <run_address>0x2000c8d8</run_address>
         <size>0x19c</size>
         <input_file_ref idref="fl-19"/>
      </object_component>
      <object_component id="oc-540">
         <name>.text:parkPins</name>
         <load_address>0x2000ca74</load_address>
         <run_address>0x2000ca74</run_address>
         <size>0x148</size>
         <input_file_ref idref="fl-10"/>
      </object_component>
      <object_component id="oc-464">
         <name>.text:Power_sleep</name>
         <load_address>0x2000cbbc</load_address>
         <run_address>0x2000cbbc</run_address>
         <size>0x138</size>
         <input_file_ref idref="fl-10"/>
      </object_component>
      <object_component id="oc-4c4">
         <name>.text:UARTCC32XX_close</name>
         <load_address>0x2000ccf4</load_address>
         <run_address>0x2000ccf4</run_address>
         <size>0x120</size>
         <input_file_ref idref="fl-12"/>
      </object_component>
      <object_component id="oc-15e">
         <name>.text:mainThread</name>
         <load_address>0x2000ce14</load_address>
         <run_address>0x2000ce14</run_address>
         <size>0x104</size>
         <input_file_ref idref="fl-3"/>
      </object_component>
      <object_component id="oc-508">
         <name>.text:aligned_alloc</name>
         <load_address>0x2000cf18</load_address>
         <run_address>0x2000cf18</run_address>
         <size>0x100</size>
         <input_file_ref idref="fl-df"/>
      </object_component>
      <object_component id="oc-4ca">
         <name>.text:UARTCC32XX_control</name>
         <load_address>0x2000d018</load_address>
         <run_address>0x2000d018</run_address>
         <size>0xf2</size>
         <input_file_ref idref="fl-12"/>
      </object_component>
      <object_component id="oc-1b5">
         <name>.text:Board_initHook</name>
         <load_address>0x2000d10a</load_address>
         <run_address>0x2000d10a</run_address>
         <size>0x2</size>
         <input_file_ref idref="fl-4"/>
      </object_component>
      <object_component id="oc-37a">
         <name>.text:free</name>
         <load_address>0x2000d10c</load_address>
         <run_address>0x2000d10c</run_address>
         <size>0xe4</size>
         <input_file_ref idref="fl-df"/>
      </object_component>
      <object_component id="oc-4ee">
         <name>.text:UARTCC32XX_write</name>
         <load_address>0x2000d1f0</load_address>
         <run_address>0x2000d1f0</run_address>
         <size>0xca</size>
         <input_file_ref idref="fl-12"/>
      </object_component>
      <object_component id="oc-358">
         <name>.text:PowerCC32XX_initPolicy</name>
         <load_address>0x2000d2ba</load_address>
         <run_address>0x2000d2ba</run_address>
         <size>0x2</size>
         <input_file_ref idref="fl-19"/>
      </object_component>
      <object_component id="oc-1bd">
         <name>.text:GPIO_init</name>
         <load_address>0x2000d2bc</load_address>
         <run_address>0x2000d2bc</run_address>
         <size>0xc4</size>
         <input_file_ref idref="fl-f"/>
      </object_component>
      <object_component id="oc-55d">
         <name>.text:restoreParkedPins</name>
         <load_address>0x2000d380</load_address>
         <run_address>0x2000d380</run_address>
         <size>0xc0</size>
         <input_file_ref idref="fl-10"/>
      </object_component>
      <object_component id="oc-4e2">
         <name>.text:UARTCC32XX_readPolling</name>
         <load_address>0x2000d440</load_address>
         <run_address>0x2000d440</run_address>
         <size>0xba</size>
         <input_file_ref idref="fl-12"/>
      </object_component>
      <object_component id="oc-4d0">
         <name>.text:UARTCC32XX_init</name>
         <load_address>0x2000d4fa</load_address>
         <run_address>0x2000d4fa</run_address>
         <size>0x2</size>
         <input_file_ref idref="fl-12"/>
      </object_component>
      <object_component id="oc-5ea">
         <name>.text:initHw</name>
         <load_address>0x2000d4fc</load_address>
         <run_address>0x2000d4fc</run_address>
         <size>0xb8</size>
         <input_file_ref idref="fl-12"/>
      </object_component>
      <object_component id="oc-6d0">
         <name>.text:readTaskCallback</name>
         <load_address>0x2000d5b4</load_address>
         <run_address>0x2000d5b4</run_address>
         <size>0xb6</size>
         <input_file_ref idref="fl-12"/>
      </object_component>
      <object_component id="oc-6be">
         <name>.text:readTaskBlocking</name>
         <load_address>0x2000d66a</load_address>
         <run_address>0x2000d66a</run_address>
         <size>0xb0</size>
         <input_file_ref idref="fl-12"/>
      </object_component>
      <object_component id="oc-6c4">
         <name>.text:readIsrTextBlocking</name>
         <load_address>0x2000d71a</load_address>
         <run_address>0x2000d71a</run_address>
         <size>0xae</size>
         <input_file_ref idref="fl-12"/>
      </object_component>
      <object_component id="oc-b5">
         <name>.text:IntEnable</name>
         <load_address>0x2000d7c8</load_address>
         <run_address>0x2000d7c8</run_address>
         <size>0xa8</size>
         <input_file_ref idref="fl-1e"/>
      </object_component>
      <object_component id="oc-278">
         <name>.text:PowerCC32XX_configureWakeup</name>
         <load_address>0x2000d870</load_address>
         <run_address>0x2000d870</run_address>
         <size>0xa8</size>
         <input_file_ref idref="fl-10"/>
      </object_component>
      <object_component id="oc-6d6">
         <name>.text:readIsrTextCallback</name>
         <load_address>0x2000d918</load_address>
         <run_address>0x2000d918</run_address>
         <size>0xa2</size>
         <input_file_ref idref="fl-12"/>
      </object_component>
      <object_component id="oc-621">
         <name>.text:writeData</name>
         <load_address>0x2000d9ba</load_address>
         <run_address>0x2000d9ba</run_address>
         <size>0xa2</size>
         <input_file_ref idref="fl-12"/>
      </object_component>
      <object_component id="oc-29e">
         <name>.text:SemaphoreP_pend</name>
         <load_address>0x2000da5c</load_address>
         <run_address>0x2000da5c</run_address>
         <size>0xa0</size>
         <input_file_ref idref="fl-16"/>
      </object_component>
      <object_component id="oc-3b">
         <name>.text</name>
         <load_address>0x2000dafc</load_address>
         <run_address>0x2000dafc</run_address>
         <size>0x9c</size>
         <input_file_ref idref="fl-da"/>
      </object_component>
      <object_component id="oc-2c0">
         <name>.text:powerNotifyFxn</name>
         <load_address>0x2000db98</load_address>
         <run_address>0x2000db98</run_address>
         <size>0x98</size>
         <input_file_ref idref="fl-f"/>
      </object_component>
      <object_component id="oc-45f">
         <name>.text</name>
         <load_address>0x2000dc30</load_address>
         <run_address>0x2000dc30</run_address>
         <size>0x96</size>
         <input_file_ref idref="fl-db"/>
      </object_component>
      <object_component id="oc-320">
         <name>.text:_nop</name>
         <load_address>0x2000dcc6</load_address>
         <run_address>0x2000dcc6</run_address>
         <size>0x2</size>
         <input_file_ref idref="fl-e7"/>
      </object_component>
      <object_component id="oc-551">
         <name>.text:restoreNVICRegs</name>
         <load_address>0x2000dcc8</load_address>
         <run_address>0x2000dcc8</run_address>
         <size>0x90</size>
         <input_file_ref idref="fl-10"/>
      </object_component>
      <object_component id="oc-3ef">
         <name>.text:HwiP_construct</name>
         <load_address>0x2000dd58</load_address>
         <run_address>0x2000dd58</run_address>
         <size>0x8c</size>
         <input_file_ref idref="fl-18"/>
      </object_component>
      <object_component id="oc-680">
         <name>.text:IntPendSet</name>
         <load_address>0x2000dde4</load_address>
         <run_address>0x2000dde4</run_address>
         <size>0x88</size>
         <input_file_ref idref="fl-1e"/>
      </object_component>
      <object_component id="oc-2d4">
         <name>.text:PinConfigSet</name>
         <load_address>0x2000de6c</load_address>
         <run_address>0x2000de6c</run_address>
         <size>0x88</size>
         <input_file_ref idref="fl-1f"/>
      </object_component>
      <object_component id="oc-1af">
         <name>.text:Power_init</name>
         <load_address>0x2000def4</load_address>
         <run_address>0x2000def4</run_address>
         <size>0x84</size>
         <input_file_ref idref="fl-10"/>
      </object_component>
      <object_component id="oc-546">
         <name>.text:saveNVICRegs</name>
         <load_address>0x2000df78</load_address>
         <run_address>0x2000df78</run_address>
         <size>0x84</size>
         <input_file_ref idref="fl-10"/>
      </object_component>
      <object_component id="oc-2da">
         <name>.text:Power_setDependency</name>
         <load_address>0x2000dffc</load_address>
         <run_address>0x2000dffc</run_address>
         <size>0x80</size>
         <input_file_ref idref="fl-10"/>
      </object_component>
      <object_component id="oc-6b8">
         <name>.text:readIsrBinaryBlocking</name>
         <load_address>0x2000e07c</load_address>
         <run_address>0x2000e07c</run_address>
         <size>0x7c</size>
         <input_file_ref idref="fl-12"/>
      </object_component>
      <object_component id="oc-2fe">
         <name>.text:GPIO_hwiIntFxn</name>
         <load_address>0x2000e0f8</load_address>
         <run_address>0x2000e0f8</run_address>
         <size>0x78</size>
         <input_file_ref idref="fl-f"/>
      </object_component>
      <object_component id="oc-6ca">
         <name>.text:readIsrBinaryCallback</name>
         <load_address>0x2000e170</load_address>
         <run_address>0x2000e170</run_address>
         <size>0x78</size>
         <input_file_ref idref="fl-12"/>
      </object_component>
      <object_component id="oc-5f9">
         <name>.text:UARTCC32XX_hwiIntFxn</name>
         <load_address>0x2000e1e8</load_address>
         <run_address>0x2000e1e8</run_address>
         <size>0x74</size>
         <input_file_ref idref="fl-12"/>
      </object_component>
      <object_component id="oc-62e">
         <name>.text:split</name>
         <load_address>0x2000e25c</load_address>
         <run_address>0x2000e25c</run_address>
         <size>0x70</size>
         <input_file_ref idref="fl-df"/>
      </object_component>
      <object_component id="oc-14">
         <name>.text:decompress:lzss:__TI_decompress_lzss</name>
         <load_address>0x2000e2cc</load_address>
         <run_address>0x2000e2cc</run_address>
         <size>0x68</size>
         <input_file_ref idref="fl-de"/>
      </object_component>
      <object_component id="oc-4fa">
         <name>.text:UARTCC32XX_writeCancel</name>
         <load_address>0x2000e334</load_address>
         <run_address>0x2000e334</run_address>
         <size>0x66</size>
         <input_file_ref idref="fl-12"/>
      </object_component>
      <object_component id="oc-73">
         <name>.text:busFaultHandler</name>
         <load_address>0x2000e39a</load_address>
         <run_address>0x2000e39a</run_address>
         <size>0x2</size>
         <input_file_ref idref="fl-1a"/>
      </object_component>
      <object_component id="oc-3ca">
         <name>.text:PowerCC32XX_setParkState</name>
         <load_address>0x2000e39c</load_address>
         <run_address>0x2000e39c</run_address>
         <size>0x64</size>
         <input_file_ref idref="fl-10"/>
      </object_component>
      <object_component id="oc-4f4">
         <name>.text:UARTCC32XX_writePolling</name>
         <load_address>0x2000e400</load_address>
         <run_address>0x2000e400</run_address>
         <size>0x62</size>
         <input_file_ref idref="fl-12"/>
      </object_component>
      <object_component id="oc-39f">
         <name>.text:clkFxn</name>
         <load_address>0x2000e462</load_address>
         <run_address>0x2000e462</run_address>
         <size>0x2</size>
         <input_file_ref idref="fl-16"/>
      </object_component>
      <object_component id="oc-246">
         <name>.text:PRCMSysResetCauseGet</name>
         <load_address>0x2000e464</load_address>
         <run_address>0x2000e464</run_address>
         <size>0x60</size>
         <input_file_ref idref="fl-20"/>
      </object_component>
      <object_component id="oc-2a4">
         <name>.text:GPIO_setCallback</name>
         <load_address>0x2000e4c4</load_address>
         <run_address>0x2000e4c4</run_address>
         <size>0x5c</size>
         <input_file_ref idref="fl-f"/>
      </object_component>
      <object_component id="oc-646">
         <name>.text:sysTickInit</name>
         <load_address>0x2000e520</load_address>
         <run_address>0x2000e520</run_address>
         <size>0x5c</size>
         <input_file_ref idref="fl-17"/>
      </object_component>
      <object_component id="oc-1db">
         <name>.text:GPIO_write</name>
         <load_address>0x2000e57c</load_address>
         <run_address>0x2000e57c</run_address>
         <size>0x58</size>
         <input_file_ref idref="fl-f"/>
      </object_component>
      <object_component id="oc-25f">
         <name>.text:PRCMPeripheralReset</name>
         <load_address>0x2000e5d4</load_address>
         <run_address>0x2000e5d4</run_address>
         <size>0x58</size>
         <input_file_ref idref="fl-20"/>
      </object_component>
      <object_component id="oc-5a5">
         <name>.text:Power_releaseDependency</name>
         <load_address>0x2000e62c</load_address>
         <run_address>0x2000e62c</run_address>
         <size>0x58</size>
         <input_file_ref idref="fl-10"/>
      </object_component>
      <object_component id="oc-71e">
         <name>.text:ringBufGet</name>
         <load_address>0x2000e684</load_address>
         <run_address>0x2000e684</run_address>
         <size>0x54</size>
         <input_file_ref idref="fl-12"/>
      </object_component>
      <object_component id="oc-65d">
         <name>.text:PowerCC32XX_resumeLPDS</name>
         <load_address>0x2000e6d8</load_address>
         <run_address>0x2000e6d8</run_address>
         <size>0x52</size>
         <input_file_ref idref="fl-11"/>
      </object_component>
      <object_component id="oc-6d">
         <name>.text:defaultHandler</name>
         <load_address>0x2000e72a</load_address>
         <run_address>0x2000e72a</run_address>
         <size>0x2</size>
         <input_file_ref idref="fl-1a"/>
      </object_component>
      <object_component id="oc-79">
         <name>.text:ClockP_sysTickHandler</name>
         <load_address>0x2000e72c</load_address>
         <run_address>0x2000e72c</run_address>
         <size>0x50</size>
         <input_file_ref idref="fl-17"/>
      </object_component>
      <object_component id="oc-485">
         <name>.text:SemaphoreP_construct</name>
         <load_address>0x2000e77c</load_address>
         <run_address>0x2000e77c</run_address>
         <size>0x50</size>
         <input_file_ref idref="fl-16"/>
      </object_component>
      <object_component id="oc-3d0">
         <name>.text:GPIO_enableInt</name>
         <load_address>0x2000e7cc</load_address>
         <run_address>0x2000e7cc</run_address>
         <size>0x4c</size>
         <input_file_ref idref="fl-f"/>
      </object_component>
      <object_component id="oc-654">
         <name>.text:PowerCC32XX_parkPin</name>
         <load_address>0x2000e818</load_address>
         <run_address>0x2000e818</run_address>
         <size>0x4c</size>
         <input_file_ref idref="fl-10"/>
      </object_component>
      <object_component id="oc-557">
         <name>.text:restorePeriphClocks</name>
         <load_address>0x2000e864</load_address>
         <run_address>0x2000e864</run_address>
         <size>0x4c</size>
         <input_file_ref idref="fl-10"/>
      </object_component>
      <object_component id="oc-678">
         <name>.text:FlashDisable</name>
         <load_address>0x2000e8b0</load_address>
         <run_address>0x2000e8b0</run_address>
         <size>0x48</size>
         <input_file_ref idref="fl-23"/>
      </object_component>
      <object_component id="oc-563">
         <name>.text:PRCMLPDSEnter</name>
         <load_address>0x2000e8f8</load_address>
         <run_address>0x2000e8f8</run_address>
         <size>0x48</size>
         <input_file_ref idref="fl-20"/>
      </object_component>
      <object_component id="oc-259">
         <name>.text:PRCMPeripheralClkEnable</name>
         <load_address>0x2000e940</load_address>
         <run_address>0x2000e940</run_address>
         <size>0x48</size>
         <input_file_ref idref="fl-20"/>
      </object_component>
      <object_component id="oc-599">
         <name>.text:Power_releaseConstraint</name>
         <load_address>0x2000e988</load_address>
         <run_address>0x2000e988</run_address>
         <size>0x48</size>
         <input_file_ref idref="fl-10"/>
      </object_component>
      <object_component id="oc-70b">
         <name>.text:RingBuf_put</name>
         <load_address>0x2000e9d0</load_address>
         <run_address>0x2000e9d0</run_address>
         <size>0x46</size>
         <input_file_ref idref="fl-14"/>
      </object_component>
      <object_component id="oc-67">
         <name>.text:faultISR</name>
         <load_address>0x2000ea16</load_address>
         <run_address>0x2000ea16</run_address>
         <size>0x2</size>
         <input_file_ref idref="fl-1a"/>
      </object_component>
      <object_component id="oc-4ad">
         <name>.text:ClockP_stop</name>
         <load_address>0x2000ea18</load_address>
         <run_address>0x2000ea18</run_address>
         <size>0x44</size>
         <input_file_ref idref="fl-17"/>
      </object_component>
      <object_component id="oc-662">
         <name>.text:PRCMLPDSRestoreInfoSet</name>
         <load_address>0x2000ea5c</load_address>
         <run_address>0x2000ea5c</run_address>
         <size>0x44</size>
         <input_file_ref idref="fl-20"/>
      </object_component>
      <object_component id="oc-54c">
         <name>.text:PowerCC32XX_enterLPDS</name>
         <load_address>0x2000eaa0</load_address>
         <run_address>0x2000eaa0</run_address>
         <size>0x44</size>
         <input_file_ref idref="fl-11"/>
      </object_component>
      <object_component id="oc-2b0">
         <name>.text:SemaphoreP_post</name>
         <load_address>0x2000eae4</load_address>
         <run_address>0x2000eae4</run_address>
         <size>0x44</size>
         <input_file_ref idref="fl-16"/>
      </object_component>
      <object_component id="oc-475">
         <name>.text:SwiP_restore</name>
         <load_address>0x2000eb28</load_address>
         <run_address>0x2000eb28</run_address>
         <size>0x44</size>
         <input_file_ref idref="fl-1b"/>
      </object_component>
      <object_component id="oc-1c3">
         <name>.text:UART_init</name>
         <load_address>0x2000eb6c</load_address>
         <run_address>0x2000eb6c</run_address>
         <size>0x44</size>
         <input_file_ref idref="fl-e"/>
      </object_component>
      <object_component id="oc-171">
         <name>.text:__TI_auto_init_nobinit_nopinit:__TI_auto_init_nobinit_nopinit</name>
         <load_address>0x2000ebb0</load_address>
         <run_address>0x2000ebb0</run_address>
         <size>0x44</size>
         <input_file_ref idref="fl-e3"/>
      </object_component>
      <object_component id="oc-6a7">
         <name>.text:ClockP_construct</name>
         <load_address>0x2000ebf4</load_address>
         <run_address>0x2000ebf4</run_address>
         <size>0x40</size>
         <input_file_ref idref="fl-17"/>
      </object_component>
      <object_component id="oc-271">
         <name>.text:PinModeSet</name>
         <load_address>0x2000ec34</load_address>
         <run_address>0x2000ec34</run_address>
         <size>0x40</size>
         <input_file_ref idref="fl-1f"/>
      </object_component>
      <object_component id="oc-613">
         <name>.text:RingBuf_get</name>
         <load_address>0x2000ec74</load_address>
         <run_address>0x2000ec74</run_address>
         <size>0x40</size>
         <input_file_ref idref="fl-14"/>
      </object_component>
      <object_component id="oc-4dc">
         <name>.text:UARTCC32XX_read</name>
         <load_address>0x2000ecb4</load_address>
         <run_address>0x2000ecb4</run_address>
         <size>0x40</size>
         <input_file_ref idref="fl-12"/>
      </object_component>
      <object_component id="oc-1d5">
         <name>.text:UART_open</name>
         <load_address>0x2000ecf4</load_address>
         <run_address>0x2000ecf4</run_address>
         <size>0x40</size>
         <input_file_ref idref="fl-e"/>
      </object_component>
      <object_component id="oc-399">
         <name>.text:ClockP_destruct</name>
         <load_address>0x2000ed34</load_address>
         <run_address>0x2000ed34</run_address>
         <size>0x3c</size>
         <input_file_ref idref="fl-17"/>
      </object_component>
      <object_component id="oc-5be">
         <name>.text:Power_setConstraint</name>
         <load_address>0x2000ed70</load_address>
         <run_address>0x2000ed70</run_address>
         <size>0x3c</size>
         <input_file_ref idref="fl-10"/>
      </object_component>
      <object_component id="oc-459">
         <name>.text:getCountsRTC</name>
         <load_address>0x2000edac</load_address>
         <run_address>0x2000edac</run_address>
         <size>0x3a</size>
         <input_file_ref idref="fl-19"/>
      </object_component>
      <object_component id="oc-61">
         <name>.text:nmiISR</name>
         <load_address>0x2000ede6</load_address>
         <run_address>0x2000ede6</run_address>
         <size>0x2</size>
         <input_file_ref idref="fl-1a"/>
      </object_component>
      <object_component id="oc-569">
         <name>.text:PRCMLPDSEnterKeepDebugIf</name>
         <load_address>0x2000ede8</load_address>
         <run_address>0x2000ede8</run_address>
         <size>0x38</size>
         <input_file_ref idref="fl-20"/>
      </object_component>
      <object_component id="oc-db">
         <name>.text:addToList</name>
         <load_address>0x2000ee20</load_address>
         <run_address>0x2000ee20</run_address>
         <size>0x38</size>
         <input_file_ref idref="fl-17"/>
      </object_component>
      <object_component id="oc-59">
         <name>.text:initVectors</name>
         <load_address>0x2000ee58</load_address>
         <run_address>0x2000ee58</run_address>
         <size>0x38</size>
         <input_file_ref idref="fl-1a"/>
      </object_component>
      <object_component id="oc-53a">
         <name>.text:notify</name>
         <load_address>0x2000ee90</load_address>
         <run_address>0x2000ee90</run_address>
         <size>0x38</size>
         <input_file_ref idref="fl-10"/>
      </object_component>
      <object_component id="oc-4e8">
         <name>.text:UARTCC32XX_readCancel</name>
         <load_address>0x2000eec8</load_address>
         <run_address>0x2000eec8</run_address>
         <size>0x36</size>
         <input_file_ref idref="fl-12"/>
      </object_component>
      <object_component id="oc-534">
         <name>.text</name>
         <load_address>0x2000eefe</load_address>
         <run_address>0x2000eefe</run_address>
         <size>0x2</size>
         <input_file_ref idref="fl-e1"/>
      </object_component>
      <object_component id="oc-447">
         <name>.text:ClockP_getTicksUntilInterrupt</name>
         <load_address>0x2000ef00</load_address>
         <run_address>0x2000ef00</run_address>
         <size>0x34</size>
         <input_file_ref idref="fl-17"/>
      </object_component>
      <object_component id="oc-52b">
         <name>.text:ClockP_startup</name>
         <load_address>0x2000ef34</load_address>
         <run_address>0x2000ef34</run_address>
         <size>0x34</size>
         <input_file_ref idref="fl-17"/>
      </object_component>
      <object_component id="oc-26b">
         <name>.text:PinModeGet</name>
         <load_address>0x2000ef68</load_address>
         <run_address>0x2000ef68</run_address>
         <size>0x34</size>
         <input_file_ref idref="fl-1f"/>
      </object_component>
      <object_component id="oc-5ab">
         <name>.text:PowerCC32XX_restoreParkState</name>
         <load_address>0x2000ef9c</load_address>
         <run_address>0x2000ef9c</run_address>
         <size>0x34</size>
         <input_file_ref idref="fl-10"/>
      </object_component>
      <object_component id="oc-387">
         <name>.text:ClockP_start</name>
         <load_address>0x2000efd0</load_address>
         <run_address>0x2000efd0</run_address>
         <size>0x30</size>
         <input_file_ref idref="fl-17"/>
      </object_component>
      <object_component id="oc-671">
         <name>.text:PowerCC32XX_restoreParkedPin</name>
         <load_address>0x2000f000</load_address>
         <run_address>0x2000f000</run_address>
         <size>0x30</size>
         <input_file_ref idref="fl-10"/>
      </object_component>
      <object_component id="oc-5d8">
         <name>.text:PowerCC32XX_getParkState</name>
         <load_address>0x2000f030</load_address>
         <run_address>0x2000f030</run_address>
         <size>0x2c</size>
         <input_file_ref idref="fl-10"/>
      </object_component>
      <object_component id="oc-2e6">
         <name>.text:HwiP_create</name>
         <load_address>0x2000f05c</load_address>
         <run_address>0x2000f05c</run_address>
         <size>0x2a</size>
         <input_file_ref idref="fl-18"/>
      </object_component>
      <object_component id="oc-265">
         <name>.text:PRCMPeripheralClkDisable</name>
         <load_address>0x2000f088</load_address>
         <run_address>0x2000f088</run_address>
         <size>0x28</size>
         <input_file_ref idref="fl-20"/>
      </object_component>
      <object_component id="oc-2aa">
         <name>.text:Power_registerNotify</name>
         <load_address>0x2000f0b0</load_address>
         <run_address>0x2000f0b0</run_address>
         <size>0x28</size>
         <input_file_ref idref="fl-10"/>
      </object_component>
      <object_component id="oc-4a5">
         <name>.text:free_list_insert</name>
         <load_address>0x2000f0d8</load_address>
         <run_address>0x2000f0d8</run_address>
         <size>0x28</size>
         <input_file_ref idref="fl-df"/>
      </object_component>
      <object_component id="oc-3aa">
         <name>.text:List_put</name>
         <load_address>0x2000f100</load_address>
         <run_address>0x2000f100</run_address>
         <size>0x26</size>
         <input_file_ref idref="fl-13"/>
      </object_component>
      <object_component id="oc-695">
         <name>.text:List_remove</name>
         <load_address>0x2000f126</load_address>
         <run_address>0x2000f126</run_address>
         <size>0x26</size>
         <input_file_ref idref="fl-13"/>
      </object_component>
      <object_component id="oc-512">
         <name>.text:HwiP_dispatch</name>
         <load_address>0x2000f14c</load_address>
         <run_address>0x2000f14c</run_address>
         <size>0x24</size>
         <input_file_ref idref="fl-18"/>
      </object_component>
      <object_component id="oc-5d2">
         <name>.text:PowerCC32XX_reset</name>
         <load_address>0x2000f170</load_address>
         <run_address>0x2000f170</run_address>
         <size>0x24</size>
         <input_file_ref idref="fl-10"/>
      </object_component>
      <object_component id="oc-c5">
         <name>.text:_c_int00_noargs:_c_int00_noargs</name>
         <load_address>0x2000f194</load_address>
         <run_address>0x2000f194</run_address>
         <size>0x24</size>
         <input_file_ref idref="fl-e0"/>
      </object_component>
      <object_component id="oc-68c">
         <name>.text:HwiP_destruct</name>
         <load_address>0x2000f1b8</load_address>
         <run_address>0x2000f1b8</run_address>
         <size>0x20</size>
         <input_file_ref idref="fl-18"/>
      </object_component>
      <object_component id="oc-59f">
         <name>.text:Power_unregisterNotify</name>
         <load_address>0x2000f1d8</load_address>
         <run_address>0x2000f1d8</run_address>
         <size>0x20</size>
         <input_file_ref idref="fl-10"/>
      </object_component>
      <object_component id="oc-5b8">
         <name>.text:RingBuf_peek</name>
         <load_address>0x2000f1f8</load_address>
         <run_address>0x2000f1f8</run_address>
         <size>0x20</size>
         <input_file_ref idref="fl-14"/>
      </object_component>
      <object_component id="oc-5cc">
         <name>.text:getPowerMgrId</name>
         <load_address>0x2000f218</load_address>
         <run_address>0x2000f218</run_address>
         <size>0x20</size>
         <input_file_ref idref="fl-12"/>
      </object_component>
      <object_component id="oc-5b1">
         <name>.text:PinToPadGet</name>
         <load_address>0x2000f238</load_address>
         <run_address>0x2000f238</run_address>
         <size>0x1c</size>
         <input_file_ref idref="fl-1f"/>
      </object_component>
      <object_component id="oc-43b">
         <name>.text:SwiP_disable</name>
         <load_address>0x2000f254</load_address>
         <run_address>0x2000f254</run_address>
         <size>0x1c</size>
         <input_file_ref idref="fl-1b"/>
      </object_component>
      <object_component id="oc-47">
         <name>.text:decompress:ZI:__TI_zero_init_nomemset:__TI_zero_init_nomemset</name>
         <load_address>0x2000f270</load_address>
         <run_address>0x2000f270</run_address>
         <size>0x1c</size>
         <input_file_ref idref="fl-dc"/>
      </object_component>
      <object_component id="oc-49f">
         <name>.text:free_list_remove</name>
         <load_address>0x2000f28c</load_address>
         <run_address>0x2000f28c</run_address>
         <size>0x1c</size>
         <input_file_ref idref="fl-df"/>
      </object_component>
      <object_component id="oc-5e4">
         <name>.text:ClockP_create</name>
         <load_address>0x2000f2a8</load_address>
         <run_address>0x2000f2a8</run_address>
         <size>0x1a</size>
         <input_file_ref idref="fl-17"/>
      </object_component>
      <object_component id="oc-286">
         <name>.text:SemaphoreP_createBinary</name>
         <load_address>0x2000f2c2</load_address>
         <run_address>0x2000f2c2</run_address>
         <size>0x1a</size>
         <input_file_ref idref="fl-16"/>
      </object_component>
      <object_component id="oc-21">
         <name>.text:resetISR</name>
         <load_address>0x2000f2dc</load_address>
         <run_address>0x2000f2dc</run_address>
         <size>0x1a</size>
         <input_file_ref idref="fl-1a"/>
      </object_component>
      <object_component id="oc-44d">
         <name>.text:Power_getTransitionLatency</name>
         <load_address>0x2000f2f8</load_address>
         <run_address>0x2000f2f8</run_address>
         <size>0x18</size>
         <input_file_ref idref="fl-10"/>
      </object_component>
      <object_component id="oc-57c">
         <name>.text:Power_idleFunc</name>
         <load_address>0x2000f310</load_address>
         <run_address>0x2000f310</run_address>
         <size>0x18</size>
         <input_file_ref idref="fl-10"/>
      </object_component>
      <object_component id="oc-61b">
         <name>.text:UARTBusy</name>
         <load_address>0x2000f328</load_address>
         <run_address>0x2000f328</run_address>
         <size>0x18</size>
         <input_file_ref idref="fl-21"/>
      </object_component>
      <object_component id="oc-6eb">
         <name>.text:UARTIntEnable</name>
         <load_address>0x2000f340</load_address>
         <run_address>0x2000f340</run_address>
         <size>0x18</size>
         <input_file_ref idref="fl-21"/>
      </object_component>
      <object_component id="oc-1cf">
         <name>.text:UART_Params_init</name>
         <load_address>0x2000f358</load_address>
         <run_address>0x2000f358</run_address>
         <size>0x18</size>
         <input_file_ref idref="fl-e"/>
      </object_component>
      <object_component id="oc-46a">
         <name>.text</name>
         <load_address>0x2000f370</load_address>
         <run_address>0x2000f370</run_address>
         <size>0x18</size>
         <input_file_ref idref="fl-d9"/>
      </object_component>
      <object_component id="oc-253">
         <name>.text:PRCMHIBRegRead</name>
         <load_address>0x2000f388</load_address>
         <run_address>0x2000f388</run_address>
         <size>0x16</size>
         <input_file_ref idref="fl-20"/>
      </object_component>
      <object_component id="oc-24d">
         <name>.text:PRCMHIBRegWrite</name>
         <load_address>0x2000f39e</load_address>
         <run_address>0x2000f39e</run_address>
         <size>0x16</size>
         <input_file_ref idref="fl-20"/>
      </object_component>
      <object_component id="oc-36f">
         <name>.text:SemaphoreP_create</name>
         <load_address>0x2000f3b4</load_address>
         <run_address>0x2000f3b4</run_address>
         <size>0x16</size>
         <input_file_ref idref="fl-16"/>
      </object_component>
      <object_component id="oc-a3">
         <name>.text:CPUcpsid</name>
         <load_address>0x2000f3ca</load_address>
         <run_address>0x2000f3ca</run_address>
         <size>0x14</size>
         <input_file_ref idref="fl-1d"/>
      </object_component>
      <object_component id="oc-3b1">
         <name>.text:HwiP_inISR</name>
         <load_address>0x2000f3e0</load_address>
         <run_address>0x2000f3e0</run_address>
         <size>0x14</size>
         <input_file_ref idref="fl-18"/>
      </object_component>
      <object_component id="oc-af">
         <name>.text:IntVTableBaseSet</name>
         <load_address>0x2000f3f4</load_address>
         <run_address>0x2000f3f4</run_address>
         <size>0x14</size>
         <input_file_ref idref="fl-1e"/>
      </object_component>
      <object_component id="oc-3b7">
         <name>.text:Power_disablePolicy</name>
         <load_address>0x2000f408</load_address>
         <run_address>0x2000f408</run_address>
         <size>0x14</size>
         <input_file_ref idref="fl-10"/>
      </object_component>
      <object_component id="oc-66a">
         <name>.text:Power_getDependencyCount</name>
         <load_address>0x2000f41c</load_address>
         <run_address>0x2000f41c</run_address>
         <size>0x14</size>
         <input_file_ref idref="fl-10"/>
      </object_component>
      <object_component id="oc-6e5">
         <name>.text:releasePowerConstraint</name>
         <load_address>0x2000f430</load_address>
         <run_address>0x2000f430</run_address>
         <size>0x14</size>
         <input_file_ref idref="fl-12"/>
      </object_component>
      <object_component id="oc-2e0">
         <name>.text:HwiP_Params_init</name>
         <load_address>0x2000f444</load_address>
         <run_address>0x2000f444</run_address>
         <size>0x12</size>
         <input_file_ref idref="fl-18"/>
      </object_component>
      <object_component id="oc-5c6">
         <name>.text:RingBuf_construct</name>
         <load_address>0x2000f456</load_address>
         <run_address>0x2000f456</run_address>
         <size>0x12</size>
         <input_file_ref idref="fl-14"/>
      </object_component>
      <object_component id="oc-11a">
         <name>.text:main</name>
         <load_address>0x2000f468</load_address>
         <run_address>0x2000f468</run_address>
         <size>0x12</size>
         <input_file_ref idref="fl-2"/>
      </object_component>
      <object_component id="oc-152">
         <name>.text:Board_init</name>
         <load_address>0x2000f47a</load_address>
         <run_address>0x2000f47a</run_address>
         <size>0x10</size>
         <input_file_ref idref="fl-4"/>
      </object_component>
      <object_component id="oc-381">
         <name>.text:ClockP_add</name>
         <load_address>0x2000f48a</load_address>
         <run_address>0x2000f48a</run_address>
         <size>0x10</size>
         <input_file_ref idref="fl-17"/>
      </object_component>
      <object_component id="oc-593">
         <name>.text:ClockP_delete</name>
         <load_address>0x2000f49a</load_address>
         <run_address>0x2000f49a</run_address>
         <size>0x10</size>
         <input_file_ref idref="fl-17"/>
      </object_component>
      <object_component id="oc-435">
         <name>.text:ClockP_getCpuFreq</name>
         <load_address>0x2000f4ac</load_address>
         <run_address>0x2000f4ac</run_address>
         <size>0x10</size>
         <input_file_ref idref="fl-17"/>
      </object_component>
      <object_component id="oc-453">
         <name>.text:ClockP_getSystemTicks</name>
         <load_address>0x2000f4bc</load_address>
         <run_address>0x2000f4bc</run_address>
         <size>0x10</size>
         <input_file_ref idref="fl-17"/>
      </object_component>
      <object_component id="oc-46f">
         <name>.text:ClockP_setTicks</name>
         <load_address>0x2000f4cc</load_address>
         <run_address>0x2000f4cc</run_address>
         <size>0x10</size>
         <input_file_ref idref="fl-17"/>
      </object_component>
      <object_component id="oc-58d">
         <name>.text:HwiP_delete</name>
         <load_address>0x2000f4dc</load_address>
         <run_address>0x2000f4dc</run_address>
         <size>0x10</size>
         <input_file_ref idref="fl-18"/>
      </object_component>
      <object_component id="oc-292">
         <name>.text:HwiP_restore</name>
         <load_address>0x2000f4ec</load_address>
         <run_address>0x2000f4ec</run_address>
         <size>0x10</size>
         <input_file_ref idref="fl-18"/>
      </object_component>
      <object_component id="oc-38d">
         <name>.text:Power_enablePolicy</name>
         <load_address>0x2000f4fc</load_address>
         <run_address>0x2000f4fc</run_address>
         <size>0x10</size>
         <input_file_ref idref="fl-10"/>
      </object_component>
      <object_component id="oc-369">
         <name>.text:SemaphoreP_Params_init</name>
         <load_address>0x2000f50c</load_address>
         <run_address>0x2000f50c</run_address>
         <size>0x10</size>
         <input_file_ref idref="fl-16"/>
      </object_component>
      <object_component id="oc-60b">
         <name>.text:readBlockingTimeout</name>
         <load_address>0x2000f51c</load_address>
         <run_address>0x2000f51c</run_address>
         <size>0x10</size>
         <input_file_ref idref="fl-12"/>
      </object_component>
      <object_component id="oc-28c">
         <name>.text:HwiP_disable</name>
         <load_address>0x2000f52c</load_address>
         <run_address>0x2000f52c</run_address>
         <size>0xe</size>
         <input_file_ref idref="fl-18"/>
      </object_component>
      <object_component id="oc-158">
         <name>.text:HwiP_enable</name>
         <load_address>0x2000f53a</load_address>
         <run_address>0x2000f53a</run_address>
         <size>0xe</size>
         <input_file_ref idref="fl-18"/>
      </object_component>
      <object_component id="oc-711">
         <name>.text:RingBuf_isFull</name>
         <load_address>0x2000f548</load_address>
         <run_address>0x2000f548</run_address>
         <size>0xe</size>
         <input_file_ref idref="fl-14"/>
      </object_component>
      <object_component id="oc-1a">
         <name>.text:decompress:none:__TI_decompress_none</name>
         <load_address>0x2000f556</load_address>
         <run_address>0x2000f556</run_address>
         <size>0xe</size>
         <input_file_ref idref="fl-dd"/>
      </object_component>
      <object_component id="oc-441">
         <name>.text:Power_getConstraintMask</name>
         <load_address>0x2000f564</load_address>
         <run_address>0x2000f564</run_address>
         <size>0xc</size>
         <input_file_ref idref="fl-10"/>
      </object_component>
      <object_component id="oc-5f3">
         <name>.text:postNotifyFxn</name>
         <load_address>0x2000f570</load_address>
         <run_address>0x2000f570</run_address>
         <size>0xc</size>
         <input_file_ref idref="fl-12"/>
      </object_component>
      <object_component id="oc-5de">
         <name>.text:ClockP_Params_init</name>
         <load_address>0x2000f57c</load_address>
         <run_address>0x2000f57c</run_address>
         <size>0xa</size>
         <input_file_ref idref="fl-17"/>
      </object_component>
      <object_component id="oc-393">
         <name>.text:ClockP_isActive</name>
         <load_address>0x2000f586</load_address>
         <run_address>0x2000f586</run_address>
         <size>0xa</size>
         <input_file_ref idref="fl-17"/>
      </object_component>
      <object_component id="oc-53">
         <name>.text:IntMasterDisable</name>
         <load_address>0x2000f590</load_address>
         <run_address>0x2000f590</run_address>
         <size>0xa</size>
         <input_file_ref idref="fl-1e"/>
      </object_component>
      <object_component id="oc-1e7">
         <name>.text:UART_read</name>
         <load_address>0x2000f59a</load_address>
         <run_address>0x2000f59a</run_address>
         <size>0xa</size>
         <input_file_ref idref="fl-e"/>
      </object_component>
      <object_component id="oc-1e1">
         <name>.text:UART_write</name>
         <load_address>0x2000f5a4</load_address>
         <run_address>0x2000f5a4</run_address>
         <size>0xa</size>
         <input_file_ref idref="fl-e"/>
      </object_component>
      <object_component id="oc-3e9">
         <name>.text:malloc</name>
         <load_address>0x2000f5ae</load_address>
         <run_address>0x2000f5ae</run_address>
         <size>0x8</size>
         <input_file_ref idref="fl-df"/>
      </object_component>
      <object_component id="oc-605">
         <name>.text:readSemCallback</name>
         <load_address>0x2000f5b6</load_address>
         <run_address>0x2000f5b6</run_address>
         <size>0x8</size>
         <input_file_ref idref="fl-12"/>
      </object_component>
      <object_component id="oc-5ff">
         <name>.text:writeSemCallback</name>
         <load_address>0x2000f5be</load_address>
         <run_address>0x2000f5be</run_address>
         <size>0x8</size>
         <input_file_ref idref="fl-12"/>
      </object_component>
      <object_component id="oc-24c">
         <name>.text:UtilsDelay</name>
         <load_address>0x2000f5c6</load_address>
         <run_address>0x2000f5c6</run_address>
         <size>0x6</size>
         <input_file_ref idref="fl-22"/>
      </object_component>
      <object_component id="oc-718">
         <name>.text:ClockP_setTimeout</name>
         <load_address>0x2000f5cc</load_address>
         <run_address>0x2000f5cc</run_address>
         <size>0x4</size>
         <input_file_ref idref="fl-17"/>
      </object_component>
      <object_component id="oc-572">
         <name>.text:HwiP_post</name>
         <load_address>0x2000f5d0</load_address>
         <run_address>0x2000f5d0</run_address>
         <size>0x4</size>
         <input_file_ref idref="fl-18"/>
      </object_component>
      <object_component id="oc-298">
         <name>.text:SemaphoreP_delete</name>
         <load_address>0x2000f5d4</load_address>
         <run_address>0x2000f5d4</run_address>
         <size>0x4</size>
         <input_file_ref idref="fl-16"/>
      </object_component>
      <object_component id="oc-114">
         <name>.text:_system_pre_init</name>
         <load_address>0x2000f5d8</load_address>
         <run_address>0x2000f5d8</run_address>
         <size>0x4</size>
         <input_file_ref idref="fl-e4"/>
      </object_component>
      <object_component id="oc-165">
         <name>.text:abort:abort</name>
         <load_address>0x2000f5dc</load_address>
         <run_address>0x2000f5dc</run_address>
         <size>0x4</size>
         <input_file_ref idref="fl-e6"/>
      </object_component>
      <object_component id="oc-34e">
         <name>.const:g_ulPinToPadMap</name>
         <load_address>0x2000fb8c</load_address>
         <run_address>0x2000fb8c</run_address>
         <size>0x100</size>
         <input_file_ref idref="fl-1f"/>
      </object_component>
      <object_component id="oc-347">
         <name>.const:PRCM_PeriphRegsList</name>
         <load_address>0x2000fc8c</load_address>
         <run_address>0x2000fc8c</run_address>
         <size>0xa8</size>
         <input_file_ref idref="fl-20"/>
      </object_component>
      <object_component id="oc-281">
         <name>.const:PowerCC32XX_config</name>
         <load_address>0x2000fd34</load_address>
         <run_address>0x2000fd34</run_address>
         <size>0x44</size>
         <input_file_ref idref="fl-4"/>
      </object_component>
      <object_component id="oc-3dd">
         <name>.const:UARTCC32XX_fxnTable</name>
         <load_address>0x2000fd78</load_address>
         <run_address>0x2000fd78</run_address>
         <size>0x28</size>
         <input_file_ref idref="fl-12"/>
      </object_component>
      <object_component id="oc-311">
         <name>.const:UART_defaultParams</name>
         <load_address>0x2000fda0</load_address>
         <run_address>0x2000fda0</run_address>
         <size>0x24</size>
         <input_file_ref idref="fl-e"/>
      </object_component>
      <object_component id="oc-3e1">
         <name>.const:uartCC32XXHWAttrs0</name>
         <load_address>0x2000fdc4</load_address>
         <run_address>0x2000fdc4</run_address>
         <size>0x24</size>
         <input_file_ref idref="fl-4"/>
      </object_component>
      <object_component id="oc-2ec">
         <name>.const:.string:pinTable</name>
         <load_address>0x2000fde8</load_address>
         <run_address>0x2000fde8</run_address>
         <size>0x21</size>
         <input_file_ref idref="fl-f"/>
      </object_component>
      <object_component id="oc-2cd">
         <name>.const</name>
         <load_address>0x2000fe09</load_address>
         <run_address>0x2000fe09</run_address>
         <size>0x3</size>
         <input_file_ref idref="fl-4"/>
      </object_component>
      <object_component id="oc-5f0">
         <name>.const:staticFxnTable</name>
         <load_address>0x2000fe0c</load_address>
         <run_address>0x2000fe0c</run_address>
         <size>0x20</size>
         <input_file_ref idref="fl-12"/>
      </object_component>
      <object_component id="oc-10e">
         <name>.const:g_pulEnRegs</name>
         <load_address>0x2000fe2c</load_address>
         <run_address>0x2000fe2c</run_address>
         <size>0x18</size>
         <input_file_ref idref="fl-1e"/>
      </object_component>
      <object_component id="oc-6fc">
         <name>.const:g_pulPendRegs</name>
         <load_address>0x2000fe44</load_address>
         <run_address>0x2000fe44</run_address>
         <size>0x18</size>
         <input_file_ref idref="fl-1e"/>
      </object_component>
      <object_component id="oc-1ed">
         <name>.const:.string:$P$T0$1</name>
         <load_address>0x2000fe5c</load_address>
         <run_address>0x2000fe5c</run_address>
         <size>0x16</size>
         <input_file_ref idref="fl-3"/>
      </object_component>
      <object_component id="oc-2ba">
         <name>.const:GPIOCC32XX_config</name>
         <load_address>0x2000fe74</load_address>
         <run_address>0x2000fe74</run_address>
         <size>0x14</size>
         <input_file_ref idref="fl-4"/>
      </object_component>
      <object_component id="oc-307">
         <name>.const:gpioBaseAddresses</name>
         <load_address>0x2000fe88</load_address>
         <run_address>0x2000fe88</run_address>
         <size>0x14</size>
         <input_file_ref idref="fl-f"/>
      </object_component>
      <object_component id="oc-6ae">
         <name>.const:parityType</name>
         <load_address>0x2000fe9c</load_address>
         <run_address>0x2000fe9c</run_address>
         <size>0x14</size>
         <input_file_ref idref="fl-12"/>
      </object_component>
      <object_component id="oc-2ef">
         <name>.const:powerResources</name>
         <load_address>0x2000feb0</load_address>
         <run_address>0x2000feb0</run_address>
         <size>0x14</size>
         <input_file_ref idref="fl-f"/>
      </object_component>
      <object_component id="oc-6b4">
         <name>.const:dataLength</name>
         <load_address>0x2000fec4</load_address>
         <run_address>0x2000fec4</run_address>
         <size>0x10</size>
         <input_file_ref idref="fl-12"/>
      </object_component>
      <object_component id="oc-2d0">
         <name>.const:UART_config</name>
         <load_address>0x2000fed4</load_address>
         <run_address>0x2000fed4</run_address>
         <size>0xc</size>
         <input_file_ref idref="fl-4"/>
      </object_component>
      <object_component id="oc-2f5">
         <name>.const:outPinTypes</name>
         <load_address>0x2000fee0</load_address>
         <run_address>0x2000fee0</run_address>
         <size>0x8</size>
         <input_file_ref idref="fl-f"/>
      </object_component>
      <object_component id="oc-6b1">
         <name>.const:stopBits</name>
         <load_address>0x2000fee8</load_address>
         <run_address>0x2000fee8</run_address>
         <size>0x8</size>
         <input_file_ref idref="fl-12"/>
      </object_component>
      <object_component id="oc-304">
         <name>.const:.string:interruptType</name>
         <load_address>0x2000fef0</load_address>
         <run_address>0x2000fef0</run_address>
         <size>0x6</size>
         <input_file_ref idref="fl-f"/>
      </object_component>
      <object_component id="oc-2f8">
         <name>.const:inPinTypes</name>
         <load_address>0x2000fef6</load_address>
         <run_address>0x2000fef6</run_address>
         <size>0x6</size>
         <input_file_ref idref="fl-f"/>
      </object_component>
      <object_component id="oc-2f2">
         <name>.const:outPinStrengths</name>
         <load_address>0x2000fefc</load_address>
         <run_address>0x2000fefc</run_address>
         <size>0x6</size>
         <input_file_ref idref="fl-f"/>
      </object_component>
      <object_component id="oc-2fb">
         <name>.const:.string:portInterruptIds</name>
         <load_address>0x2000ff02</load_address>
         <run_address>0x2000ff02</run_address>
         <size>0x4</size>
         <input_file_ref idref="fl-f"/>
      </object_component>
      <object_component id="oc-75f">
         <name>.cinit..data.load</name>
         <load_address>0x20010138</load_address>
         <run_address>0x20010138</run_address>
         <size>0xbe</size>
      </object_component>
      <object_component id="oc-75d">
         <name>__TI_handler_table</name>
         <load_address>0x200101f8</load_address>
         <run_address>0x200101f8</run_address>
         <size>0xc</size>
      </object_component>
      <object_component id="oc-760">
         <name>.cinit..bss.load</name>
         <load_address>0x20010208</load_address>
         <run_address>0x20010208</run_address>
         <size>0x8</size>
      </object_component>
      <object_component id="oc-75e">
         <name>__TI_cinit_table</name>
         <load_address>0x20010210</load_address>
         <run_address>0x20010210</run_address>
         <size>0x10</size>
      </object_component>
      <object_component id="oc-3c0">
         <name>.data:gpioPinConfigs</name>
         <load_address>0x2000fb88</load_address>
         <run_address>0x2000fb88</run_address>
         <size>0x4</size>
         <input_file_ref idref="fl-4"/>
      </object_component>
      <object_component id="oc-3c3">
         <name>.data:gpioCallbackFunctions</name>
         <load_address>0x2000fb84</load_address>
         <run_address>0x2000fb84</run_address>
         <size>0x4</size>
         <input_file_ref idref="fl-4"/>
      </object_component>
      <object_component id="oc-364">
         <name>.data:parkInfo</name>
         <load_address>0x2000fa58</load_address>
         <run_address>0x2000fa58</run_address>
         <size>0xf8</size>
         <input_file_ref idref="fl-4"/>
      </object_component>
      <object_component id="oc-2ca">
         <name>.data</name>
         <load_address>0x2000fb81</load_address>
         <run_address>0x2000fb81</run_address>
         <size>0x1</size>
         <input_file_ref idref="fl-e"/>
      </object_component>
      <object_component id="oc-2b7">
         <name>.data</name>
         <load_address>0x2000fb50</load_address>
         <run_address>0x2000fb50</run_address>
         <size>0x9</size>
         <input_file_ref idref="fl-f"/>
      </object_component>
      <object_component id="oc-27e">
         <name>.data:PowerCC32XX_module</name>
         <load_address>0x2000f8ec</load_address>
         <run_address>0x2000f8ec</run_address>
         <size>0x16c</size>
         <input_file_ref idref="fl-10"/>
      </object_component>
      <object_component id="oc-3a5">
         <name>.data</name>
         <load_address>0x2000fb59</load_address>
         <run_address>0x2000fb59</run_address>
         <size>0x3</size>
         <input_file_ref idref="fl-16"/>
      </object_component>
      <object_component id="oc-481">
         <name>.data:SemaphoreP_defaultParams</name>
         <load_address>0x2000fb6c</load_address>
         <run_address>0x2000fb6c</run_address>
         <size>0x8</size>
         <input_file_ref idref="fl-16"/>
      </object_component>
      <object_component id="oc-47b">
         <name>.data</name>
         <load_address>0x2000fb7c</load_address>
         <run_address>0x2000fb7c</run_address>
         <size>0x5</size>
         <input_file_ref idref="fl-17"/>
      </object_component>
      <object_component id="oc-50f">
         <name>.data:HwiP_dispatchTable</name>
         <load_address>0x2000f5e0</load_address>
         <run_address>0x2000f5e0</run_address>
         <size>0x30c</size>
         <input_file_ref idref="fl-18"/>
      </object_component>
      <object_component id="oc-518">
         <name>.data</name>
         <load_address>0x2000fb74</load_address>
         <run_address>0x2000fb74</run_address>
         <size>0x8</size>
         <input_file_ref idref="fl-18"/>
      </object_component>
      <object_component id="oc-585">
         <name>.data:$O1$$</name>
         <load_address>0x2000fb64</load_address>
         <run_address>0x2000fb64</run_address>
         <size>0x8</size>
         <input_file_ref idref="fl-df"/>
      </object_component>
      <object_component id="oc-200">
         <name>.data:$O1$$</name>
         <load_address>0x2000fb5c</load_address>
         <run_address>0x2000fb5c</run_address>
         <size>0x8</size>
         <input_file_ref idref="fl-e7"/>
      </object_component>
      <object_component id="oc-503">
         <name>.bss:uartCC32XXRingBuffer0</name>
         <uninitialized>true</uninitialized>
         <run_address>0x200100d8</run_address>
         <size>0x20</size>
         <input_file_ref idref="fl-4"/>
      </object_component>
      <object_component id="oc-2c6">
         <name>.bss:gpioCallbackInfo</name>
         <uninitialized>true</uninitialized>
         <run_address>0x200100b8</run_address>
         <size>0x20</size>
         <input_file_ref idref="fl-f"/>
      </object_component>
      <object_component id="oc-2bd">
         <name>.bss:powerNotifyObj</name>
         <uninitialized>true</uninitialized>
         <run_address>0x200100f8</run_address>
         <size>0x14</size>
         <input_file_ref idref="fl-f"/>
      </object_component>
      <object_component id="oc-2b6">
         <name>.bss</name>
         <uninitialized>true</uninitialized>
         <run_address>0x2001010c</run_address>
         <size>0x4</size>
         <input_file_ref idref="fl-f"/>
      </object_component>
      <object_component id="oc-64c">
         <name>.bss</name>
         <uninitialized>true</uninitialized>
         <run_address>0x20010130</run_address>
         <size>0x4</size>
         <input_file_ref idref="fl-17"/>
      </object_component>
      <object_component id="oc-51f">
         <name>.bss</name>
         <uninitialized>true</uninitialized>
         <run_address>0x20010120</run_address>
         <size>0xd</size>
         <input_file_ref idref="fl-1b"/>
      </object_component>
      <object_component id="oc-3e0">
         <name>.common:uartCC32XXObjects0</name>
         <uninitialized>true</uninitialized>
         <run_address>0x20010034</run_address>
         <size>0x84</size>
      </object_component>
      <object_component id="oc-65b">
         <name>.common:PowerCC32XX_contextSave</name>
         <uninitialized>true</uninitialized>
         <run_address>0x2000ff08</run_address>
         <size>0x12c</size>
      </object_component>
      <object_component id="oc-e1">
         <name>.common:ClockP_ctrl</name>
         <uninitialized>true</uninitialized>
         <run_address>0x20010110</run_address>
         <size>0x10</size>
      </object_component>
      <object_component id="oc-2a">
         <name>.sysmem</name>
         <uninitialized>true</uninitialized>
         <run_address>0x20004040</run_address>
         <size>0x10</size>
         <input_file_ref idref="fl-df"/>
      </object_component>
      <object_component id="oc-763">
         <name>.sysmem</name>
         <uninitialized>true</uninitialized>
         <run_address>0x20004040</run_address>
         <size>0x0</size>
      </object_component>
      <object_component id="oc-2d">
         <name>.stack</name>
         <uninitialized>true</uninitialized>
         <run_address>0x20003000</run_address>
         <size>0x4</size>
         <input_file_ref idref="fl-e0"/>
      </object_component>
      <object_component id="oc-762">
         <name>.stack</name>
         <uninitialized>true</uninitialized>
         <run_address>0x20003000</run_address>
         <size>0x0</size>
      </object_component>
      <object_component id="oc-27">
         <name>.resetVecs:retain</name>
         <load_address>0x20004000</load_address>
         <run_address>0x20004000</run_address>
         <size>0x40</size>
         <input_file_ref idref="fl-1a"/>
      </object_component>
      <object_component id="oc-bb">
         <name>.ramVecs</name>
         <uninitialized>true</uninitialized>
         <run_address>0x20000000</run_address>
         <size>0x30c</size>
         <input_file_ref idref="fl-1a"/>
      </object_component>
      <object_component id="oc-14d">
         <name>.debug_info</name>
         <load_address>0x0</load_address>
         <run_address>0x0</run_address>
         <size>0x1c1</size>
         <input_file_ref idref="fl-2"/>
      </object_component>
      <object_component id="oc-11d">
         <name>.debug_info</name>
         <load_address>0x1c1</load_address>
         <run_address>0x1c1</run_address>
         <size>0x159</size>
         <input_file_ref idref="fl-2"/>
      </object_component>
      <object_component id="oc-e7">
         <name>.debug_info</name>
         <load_address>0x31a</load_address>
         <run_address>0x31a</run_address>
         <size>0x26b</size>
         <input_file_ref idref="fl-2"/>
      </object_component>
      <object_component id="oc-36">
         <name>.debug_info</name>
         <load_address>0x585</load_address>
         <run_address>0x585</run_address>
         <size>0x84</size>
         <input_file_ref idref="fl-2"/>
      </object_component>
      <object_component id="oc-148">
         <name>.debug_info</name>
         <load_address>0x609</load_address>
         <run_address>0x609</run_address>
         <size>0x2a4</size>
         <input_file_ref idref="fl-2"/>
      </object_component>
      <object_component id="oc-21e">
         <name>.debug_info</name>
         <load_address>0x8ad</load_address>
         <run_address>0x8ad</run_address>
         <size>0xef</size>
         <input_file_ref idref="fl-2"/>
      </object_component>
      <object_component id="oc-12f">
         <name>.debug_info</name>
         <load_address>0x99c</load_address>
         <run_address>0x99c</run_address>
         <size>0xbb</size>
         <input_file_ref idref="fl-2"/>
      </object_component>
      <object_component id="oc-241">
         <name>.debug_info</name>
         <load_address>0xa57</load_address>
         <run_address>0xa57</run_address>
         <size>0x53</size>
         <input_file_ref idref="fl-2"/>
      </object_component>
      <object_component id="oc-1f1">
         <name>.debug_info</name>
         <load_address>0xaaa</load_address>
         <run_address>0xaaa</run_address>
         <size>0x3a3</size>
         <input_file_ref idref="fl-3"/>
      </object_component>
      <object_component id="oc-1ee">
         <name>.debug_info</name>
         <load_address>0xe4d</load_address>
         <run_address>0xe4d</run_address>
         <size>0xf0</size>
         <input_file_ref idref="fl-3"/>
      </object_component>
      <object_component id="oc-160">
         <name>.debug_info</name>
         <load_address>0xf3d</load_address>
         <run_address>0xf3d</run_address>
         <size>0x298</size>
         <input_file_ref idref="fl-3"/>
      </object_component>
      <object_component id="oc-1f2">
         <name>.debug_info</name>
         <load_address>0x11d5</load_address>
         <run_address>0x11d5</run_address>
         <size>0x4cf</size>
         <input_file_ref idref="fl-3"/>
      </object_component>
      <object_component id="oc-1f7">
         <name>.debug_info</name>
         <load_address>0x16a4</load_address>
         <run_address>0x16a4</run_address>
         <size>0x5a</size>
         <input_file_ref idref="fl-3"/>
      </object_component>
      <object_component id="oc-23c">
         <name>.debug_info</name>
         <load_address>0x16fe</load_address>
         <run_address>0x16fe</run_address>
         <size>0x3b</size>
         <input_file_ref idref="fl-3"/>
      </object_component>
      <object_component id="oc-1a3">
         <name>.debug_info</name>
         <load_address>0x1739</load_address>
         <run_address>0x1739</run_address>
         <size>0x50f</size>
         <input_file_ref idref="fl-4"/>
      </object_component>
      <object_component id="oc-3c1">
         <name>.debug_info</name>
         <load_address>0x1c48</load_address>
         <run_address>0x1c48</run_address>
         <size>0x10c</size>
         <input_file_ref idref="fl-4"/>
      </object_component>
      <object_component id="oc-3c4">
         <name>.debug_info</name>
         <load_address>0x1d54</load_address>
         <run_address>0x1d54</run_address>
         <size>0x11a</size>
         <input_file_ref idref="fl-4"/>
      </object_component>
      <object_component id="oc-2ce">
         <name>.debug_info</name>
         <load_address>0x1e6e</load_address>
         <run_address>0x1e6e</run_address>
         <size>0x17a</size>
         <input_file_ref idref="fl-4"/>
      </object_component>
      <object_component id="oc-2bb">
         <name>.debug_info</name>
         <load_address>0x1fe8</load_address>
         <run_address>0x1fe8</run_address>
         <size>0x112</size>
         <input_file_ref idref="fl-4"/>
      </object_component>
      <object_component id="oc-282">
         <name>.debug_info</name>
         <load_address>0x20fa</load_address>
         <run_address>0x20fa</run_address>
         <size>0x114</size>
         <input_file_ref idref="fl-4"/>
      </object_component>
      <object_component id="oc-504">
         <name>.debug_info</name>
         <load_address>0x220e</load_address>
         <run_address>0x220e</run_address>
         <size>0x119</size>
         <input_file_ref idref="fl-4"/>
      </object_component>
      <object_component id="oc-3e2">
         <name>.debug_info</name>
         <load_address>0x2327</load_address>
         <run_address>0x2327</run_address>
         <size>0x113</size>
         <input_file_ref idref="fl-4"/>
      </object_component>
      <object_component id="oc-2d1">
         <name>.debug_info</name>
         <load_address>0x243a</load_address>
         <run_address>0x243a</run_address>
         <size>0x106</size>
         <input_file_ref idref="fl-4"/>
      </object_component>
      <object_component id="oc-365">
         <name>.debug_info</name>
         <load_address>0x2540</load_address>
         <run_address>0x2540</run_address>
         <size>0x100</size>
         <input_file_ref idref="fl-4"/>
      </object_component>
      <object_component id="oc-1b6">
         <name>.debug_info</name>
         <load_address>0x2640</load_address>
         <run_address>0x2640</run_address>
         <size>0x158</size>
         <input_file_ref idref="fl-4"/>
      </object_component>
      <object_component id="oc-153">
         <name>.debug_info</name>
         <load_address>0x2798</load_address>
         <run_address>0x2798</run_address>
         <size>0x18e</size>
         <input_file_ref idref="fl-4"/>
      </object_component>
      <object_component id="oc-228">
         <name>.debug_info</name>
         <load_address>0x2926</load_address>
         <run_address>0x2926</run_address>
         <size>0x878</size>
         <input_file_ref idref="fl-4"/>
      </object_component>
      <object_component id="oc-134">
         <name>.debug_info</name>
         <load_address>0x319e</load_address>
         <run_address>0x319e</run_address>
         <size>0x100</size>
         <input_file_ref idref="fl-4"/>
      </object_component>
      <object_component id="oc-13e">
         <name>.debug_info</name>
         <load_address>0x329e</load_address>
         <run_address>0x329e</run_address>
         <size>0x137</size>
         <input_file_ref idref="fl-4"/>
      </object_component>
      <object_component id="oc-30b">
         <name>.debug_info</name>
         <load_address>0x33d5</load_address>
[...]
         <value>0x2000ccf5</value>
         <object_component_ref idref="oc-4c4"/>
      </symbol>
      <symbol id="sm-58b">
         <name>UARTCC32XX_fxnTable</name>
         <value>0x2000fd78</value>
         <object_component_ref idref="oc-3dd"/>
      </symbol>
      <symbol id="sm-58c">
         <name>UARTCC32XX_init</name>
         <value>0x2000d4fb</value>
         <object_component_ref idref="oc-4d0"/>
      </symbol>
      <symbol id="sm-58d">
         <name>UARTCC32XX_writePolling</name>
         <value>0x2000e401</value>
         <object_component_ref idref="oc-4f4"/>
      </symbol>
      <symbol id="sm-58e">
         <name>UARTCC32XX_writeCancel</name>
         <value>0x2000e335</value>
         <object_component_ref idref="oc-4fa"/>
      </symbol>
      <symbol id="sm-58f">
         <name>UARTCC32XX_control</name>
         <value>0x2000d019</value>
         <object_component_ref idref="oc-4ca"/>
      </symbol>
      <symbol id="sm-590">
         <name>UARTCC32XX_open</name>
         <value>0x2000c46d</value>
         <object_component_ref idref="oc-4d6"/>
      </symbol>
      <symbol id="sm-591">
         <name>UARTCC32XX_readCancel</name>
         <value>0x2000eec9</value>
         <object_component_ref idref="oc-4e8"/>
      </symbol>
      <symbol id="sm-592">
         <name>UARTCC32XX_write</name>
         <value>0x2000d1f1</value>
         <object_component_ref idref="oc-4ee"/>
      </symbol>
      <symbol id="sm-593">
         <name>UARTCC32XX_read</name>
         <value>0x2000ecb5</value>
         <object_component_ref idref="oc-4dc"/>
      </symbol>
      <symbol id="sm-594">
         <name>UARTCC32XX_readPolling</name>
         <value>0x2000d441</value>
         <object_component_ref idref="oc-4e2"/>
      </symbol>
      <symbol id="sm-5ac">
         <name>List_remove</name>
         <value>0x2000f127</value>
         <object_component_ref idref="oc-695"/>
      </symbol>
      <symbol id="sm-5ad">
         <name>List_put</name>
         <value>0x2000f101</value>
         <object_component_ref idref="oc-3aa"/>
      </symbol>
      <symbol id="sm-5dc">
         <name>RingBuf_put</name>
         <value>0x2000e9d1</value>
         <object_component_ref idref="oc-70b"/>
      </symbol>
      <symbol id="sm-5dd">
         <name>RingBuf_isFull</name>
         <value>0x2000f549</value>
         <object_component_ref idref="oc-711"/>
      </symbol>
      <symbol id="sm-5de">
         <name>RingBuf_construct</name>
         <value>0x2000f457</value>
         <object_component_ref idref="oc-5c6"/>
      </symbol>
      <symbol id="sm-5df">
         <name>RingBuf_peek</name>
         <value>0x2000f1f9</value>
         <object_component_ref idref="oc-5b8"/>
      </symbol>
      <symbol id="sm-5e0">
         <name>RingBuf_get</name>
         <value>0x2000ec75</value>
         <object_component_ref idref="oc-613"/>
      </symbol>
      <symbol id="sm-65b">
         <name>SemaphoreP_defaultParams</name>
         <value>0x2000fb6c</value>
         <object_component_ref idref="oc-481"/>
      </symbol>
      <symbol id="sm-65c">
         <name>SemaphoreP_construct</name>
         <value>0x2000e77d</value>
         <object_component_ref idref="oc-485"/>
      </symbol>
      <symbol id="sm-65d">
         <name>SemaphoreP_create</name>
         <value>0x2000f3b5</value>
         <object_component_ref idref="oc-36f"/>
      </symbol>
      <symbol id="sm-65e">
         <name>SemaphoreP_post</name>
         <value>0x2000eae5</value>
         <object_component_ref idref="oc-2b0"/>
      </symbol>
      <symbol id="sm-65f">
         <name>SemaphoreP_pend</name>
         <value>0x2000da5d</value>
         <object_component_ref idref="oc-29e"/>
      </symbol>
      <symbol id="sm-660">
         <name>SemaphoreP_delete</name>
         <value>0x2000f5d5</value>
         <object_component_ref idref="oc-298"/>
      </symbol>
      <symbol id="sm-661">
         <name>SemaphoreP_createBinary</name>
         <value>0x2000f2c3</value>
         <object_component_ref idref="oc-286"/>
      </symbol>
      <symbol id="sm-662">
         <name>SemaphoreP_Params_init</name>
         <value>0x2000f50d</value>
         <object_component_ref idref="oc-369"/>
      </symbol>
      <symbol id="sm-663">
         <name>clkFxn</name>
         <value>0x2000e463</value>
         <object_component_ref idref="oc-39f"/>
      </symbol>
      <symbol id="sm-74d">
         <name>ClockP_ctrl</name>
         <value>0x20010110</value>
      </symbol>
      <symbol id="sm-74e">
         <name>ClockP_delete</name>
         <value>0x2000f49b</value>
         <object_component_ref idref="oc-593"/>
      </symbol>
      <symbol id="sm-74f">
         <name>ClockP_doTick</name>
         <value>0x2000e72d</value>
         <object_component_ref idref="oc-79"/>
      </symbol>
      <symbol id="sm-750">
         <name>ClockP_setTimeout</name>
         <value>0x2000f5cd</value>
         <object_component_ref idref="oc-718"/>
      </symbol>
      <symbol id="sm-751">
         <name>ClockP_startup</name>
         <value>0x2000ef35</value>
         <object_component_ref idref="oc-52b"/>
      </symbol>
      <symbol id="sm-752">
         <name>ClockP_stop</name>
         <value>0x2000ea19</value>
         <object_component_ref idref="oc-4ad"/>
      </symbol>
      <symbol id="sm-753">
         <name>ClockP_construct</name>
         <value>0x2000ebf5</value>
         <object_component_ref idref="oc-6a7"/>
      </symbol>
      <symbol id="sm-754">
         <name>ClockP_getTicksUntilInterrupt</name>
         <value>0x2000ef01</value>
         <object_component_ref idref="oc-447"/>
      </symbol>
      <symbol id="sm-755">
         <name>ClockP_setTicks</name>
         <value>0x2000f4cd</value>
         <object_component_ref idref="oc-46f"/>
      </symbol>
      <symbol id="sm-756">
         <name>ClockP_tickPeriod</name>
         <value>0x2000fb7c</value>
         <object_component_ref idref="oc-47b"/>
      </symbol>
      <symbol id="sm-757">
         <name>ClockP_create</name>
         <value>0x2000f2a9</value>
         <object_component_ref idref="oc-5e4"/>
      </symbol>
      <symbol id="sm-758">
         <name>ClockP_Params_init</name>
         <value>0x2000f57d</value>
         <object_component_ref idref="oc-5de"/>
      </symbol>
      <symbol id="sm-759">
         <name>ClockP_getSystemTicks</name>
         <value>0x2000f4bd</value>
         <object_component_ref idref="oc-453"/>
      </symbol>
      <symbol id="sm-75a">
         <name>ClockP_destruct</name>
         <value>0x2000ed35</value>
         <object_component_ref idref="oc-399"/>
      </symbol>
      <symbol id="sm-75b">
         <name>ClockP_start</name>
         <value>0x2000efd1</value>
         <object_component_ref idref="oc-387"/>
      </symbol>
      <symbol id="sm-75c">
         <name>ClockP_sysTickHandler</name>
         <value>0x2000e72d</value>
         <object_component_ref idref="oc-79"/>
      </symbol>
      <symbol id="sm-75d">
         <name>ClockP_isActive</name>
         <value>0x2000f587</value>
         <object_component_ref idref="oc-393"/>
      </symbol>
      <symbol id="sm-75e">
         <name>ClockP_getCpuFreq</name>
         <value>0x2000f4ad</value>
         <object_component_ref idref="oc-435"/>
      </symbol>
      <symbol id="sm-75f">
         <name>ClockP_add</name>
         <value>0x2000f48b</value>
         <object_component_ref idref="oc-381"/>
      </symbol>
      <symbol id="sm-7e0">
         <name>HwiP_delete</name>
         <value>0x2000f4dd</value>
         <object_component_ref idref="oc-58d"/>
      </symbol>
      <symbol id="sm-7e1">
         <name>HwiP_construct</name>
         <value>0x2000dd59</value>
         <object_component_ref idref="oc-3ef"/>
      </symbol>
      <symbol id="sm-7e2">
         <name>HwiP_inISR</name>
         <value>0x2000f3e1</value>
         <object_component_ref idref="oc-3b1"/>
      </symbol>
      <symbol id="sm-7e3">
         <name>HwiP_dispatch</name>
         <value>0x2000f14d</value>
         <object_component_ref idref="oc-512"/>
      </symbol>
      <symbol id="sm-7e4">
         <name>HwiP_destruct</name>
         <value>0x2000f1b9</value>
         <object_component_ref idref="oc-68c"/>
      </symbol>
      <symbol id="sm-7e5">
         <name>HwiP_swiPIntNum</name>
         <value>0x2000fb78</value>
         <object_component_ref idref="oc-518"/>
      </symbol>
      <symbol id="sm-7e6">
         <name>HwiP_Params_init</name>
         <value>0x2000f445</value>
         <object_component_ref idref="oc-2e0"/>
      </symbol>
      <symbol id="sm-7e7">
         <name>HwiP_disable</name>
         <value>0x2000f52d</value>
         <object_component_ref idref="oc-28c"/>
      </symbol>
      <symbol id="sm-7e8">
         <name>HwiP_key</name>
         <value>0x2000fb74</value>
         <object_component_ref idref="oc-518"/>
      </symbol>
      <symbol id="sm-7e9">
         <name>HwiP_create</name>
         <value>0x2000f05d</value>
         <object_component_ref idref="oc-2e6"/>
      </symbol>
      <symbol id="sm-7ea">
         <name>HwiP_post</name>
         <value>0x2000f5d1</value>
         <object_component_ref idref="oc-572"/>
      </symbol>
      <symbol id="sm-7eb">
         <name>HwiP_enable</name>
         <value>0x2000f53b</value>
         <object_component_ref idref="oc-158"/>
      </symbol>
      <symbol id="sm-7ec">
         <name>HwiP_restore</name>
         <value>0x2000f4ed</value>
         <object_component_ref idref="oc-292"/>
      </symbol>
      <symbol id="sm-81c">
         <name>PowerCC32XX_initPolicy</name>
         <value>0x2000d2bb</value>
         <object_component_ref idref="oc-358"/>
      </symbol>
      <symbol id="sm-81d">
         <name>PowerCC32XX_sleepPolicy</name>
         <value>0x2000c8d9</value>
         <object_component_ref idref="oc-35e"/>
      </symbol>
      <symbol id="sm-872">
         <name>resetISR</name>
         <value>0x2000f2dd</value>
         <object_component_ref idref="oc-21"/>
      </symbol>
      <symbol id="sm-873">
         <name>resetVectorAddr</name>
         <value>0x2000f2f0</value>
         <object_component_ref idref="oc-21"/>
      </symbol>
      <symbol id="sm-874">
         <name>initVectors</name>
         <value>0x2000ee59</value>
         <object_component_ref idref="oc-59"/>
      </symbol>
      <symbol id="sm-875">
         <name>resetVectors</name>
         <value>0x20004000</value>
         <object_component_ref idref="oc-27"/>
      </symbol>
      <symbol id="sm-8a5">
         <name>SwiP_disable</name>
         <value>0x2000f255</value>
         <object_component_ref idref="oc-43b"/>
      </symbol>
      <symbol id="sm-8a6">
         <name>SwiP_restore</name>
         <value>0x2000eb29</value>
         <object_component_ref idref="oc-475"/>
      </symbol>
      <symbol id="sm-8b1">
         <name>CPUcpsid</name>
         <value>0x2000f3cb</value>
         <object_component_ref idref="oc-a3"/>
      </symbol>
      <symbol id="sm-8f6">
         <name>IntVTableBaseSet</name>
         <value>0x2000f3f5</value>
         <object_component_ref idref="oc-af"/>
      </symbol>
      <symbol id="sm-8f7">
         <name>IntEnable</name>
         <value>0x2000d7c9</value>
         <object_component_ref idref="oc-b5"/>
      </symbol>
      <symbol id="sm-8f8">
         <name>IntMasterDisable</name>
         <value>0x2000f591</value>
         <object_component_ref idref="oc-53"/>
      </symbol>
      <symbol id="sm-8f9">
         <name>IntPendSet</name>
         <value>0x2000dde5</value>
         <object_component_ref idref="oc-680"/>
      </symbol>
      <symbol id="sm-933">
         <name>PinModeGet</name>
         <value>0x2000ef69</value>
         <object_component_ref idref="oc-26b"/>
      </symbol>
      <symbol id="sm-934">
         <name>PinConfigSet</name>
         <value>0x2000de6d</value>
         <object_component_ref idref="oc-2d4"/>
      </symbol>
      <symbol id="sm-935">
         <name>PinModeSet</name>
         <value>0x2000ec35</value>
         <object_component_ref idref="oc-271"/>
      </symbol>
      <symbol id="sm-936">
         <name>PinToPadGet</name>
         <value>0x2000f239</value>
         <object_component_ref idref="oc-5b1"/>
      </symbol>
      <symbol id="sm-9ff">
         <name>PRCMLPDSRestoreInfoSet</name>
         <value>0x2000ea5d</value>
         <object_component_ref idref="oc-662"/>
      </symbol>
      <symbol id="sm-a00">
         <name>PRCMPeripheralReset</name>
         <value>0x2000e5d5</value>
         <object_component_ref idref="oc-25f"/>
      </symbol>
      <symbol id="sm-a01">
         <name>PRCMLPDSEnter</name>
         <value>0x2000e8f9</value>
         <object_component_ref idref="oc-563"/>
      </symbol>
      <symbol id="sm-a02">
         <name>PRCMPeripheralClkEnable</name>
         <value>0x2000e941</value>
         <object_component_ref idref="oc-259"/>
      </symbol>
      <symbol id="sm-a03">
         <name>PRCMLPDSEnterKeepDebugIf</name>
         <value>0x2000ede9</value>
         <object_component_ref idref="oc-569"/>
      </symbol>
      <symbol id="sm-a04">
         <name>PRCMCC3200MCUInit</name>
         <value>0x2000c041</value>
         <object_component_ref idref="oc-1a9"/>
      </symbol>
      <symbol id="sm-a05">
         <name>PRCMHIBRegWrite</name>
         <value>0x2000f39f</value>
         <object_component_ref idref="oc-24d"/>
      </symbol>
      <symbol id="sm-a06">
         <name>PRCMSysResetCauseGet</name>
         <value>0x2000e465</value>
         <object_component_ref idref="oc-246"/>
      </symbol>
      <symbol id="sm-a07">
         <name>PRCMPeripheralClkDisable</name>
         <value>0x2000f089</value>
         <object_component_ref idref="oc-265"/>
      </symbol>
      <symbol id="sm-a08">
         <name>PRCMHIBRegRead</name>
         <value>0x2000f389</value>
         <object_component_ref idref="oc-253"/>
      </symbol>
      <symbol id="sm-a1c">
         <name>UARTBusy</name>
         <value>0x2000f329</value>
         <object_component_ref idref="oc-61b"/>
      </symbol>
      <symbol id="sm-a1d">
         <name>UARTIntEnable</name>
         <value>0x2000f341</value>
         <object_component_ref idref="oc-6eb"/>
      </symbol>
      <symbol id="sm-a21">
         <name>UtilsDelay</name>
         <value>0x2000f5c7</value>
         <object_component_ref idref="oc-24c"/>
      </symbol>
      <symbol id="sm-a31">
         <name>FlashDisable</name>
         <value>0x2000e8b1</value>
         <object_component_ref idref="oc-678"/>
      </symbol>
      <symbol id="sm-a3a">
         <name>__aeabi_lmul</name>
         <value>0x2000f371</value>
         <object_component_ref idref="oc-46a"/>
      </symbol>
      <symbol id="sm-a55">
         <name>memcpy</name>
         <value>0x2000dafd</value>
         <object_component_ref idref="oc-3b"/>
      </symbol>
      <symbol id="sm-a56">
         <name>__aeabi_memcpy</name>
         <value>0x2000dafd</value>
         <object_component_ref idref="oc-3b"/>
      </symbol>
      <symbol id="sm-a57">
         <name>__aeabi_memcpy8</name>
         <value>0x2000dafd</value>
         <object_component_ref idref="oc-3b"/>
      </symbol>
      <symbol id="sm-a58">
         <name>__aeabi_memcpy4</name>
         <value>0x2000dafd</value>
         <object_component_ref idref="oc-3b"/>
      </symbol>
      <symbol id="sm-a65">
         <name>__aeabi_uldivmod</name>
         <value>0x2000dc31</value>
         <object_component_ref idref="oc-45f"/>
      </symbol>
      <symbol id="sm-a79">
         <name>__TI_zero_init_nomemset</name>
         <value>0x2000f271</value>
         <object_component_ref idref="oc-47"/>
      </symbol>
      <symbol id="sm-a90">
         <name>__TI_decompress_none</name>
         <value>0x2000f557</value>
         <object_component_ref idref="oc-1a"/>
      </symbol>
      <symbol id="sm-ab3">
         <name>__TI_decompress_lzss</name>
         <value>0x2000e2cd</value>
         <object_component_ref idref="oc-14"/>
      </symbol>
      <symbol id="sm-b3c">
         <name>_sys_memory</name>
         <value>0x20004040</value>
         <object_component_ref idref="oc-2a"/>
      </symbol>
      <symbol id="sm-b3d">
         <name>free</name>
         <value>0x2000d10d</value>
         <object_component_ref idref="oc-37a"/>
      </symbol>
      <symbol id="sm-b3e">
         <name>memalign</name>
         <value>0x2000cf19</value>
         <object_component_ref idref="oc-508"/>
      </symbol>
      <symbol id="sm-b3f">
         <name>malloc</name>
         <value>0x2000f5af</value>
         <object_component_ref idref="oc-3e9"/>
      </symbol>
      <symbol id="sm-b40">
         <name>aligned_alloc</name>
         <value>0x2000cf19</value>
         <object_component_ref idref="oc-508"/>
      </symbol>
      <symbol id="sm-b52">
         <name>__stack</name>
         <value>0x20003000</value>
         <object_component_ref idref="oc-2d"/>
      </symbol>
      <symbol id="sm-b53">
         <name>_c_int00_noargs</name>
         <value>0x2000f195</value>
         <object_component_ref idref="oc-c5"/>
      </symbol>
      <symbol id="sm-b5d">
         <name>__aeabi_idiv0</name>
         <value>0x2000eeff</value>
         <object_component_ref idref="oc-534"/>
      </symbol>
      <symbol id="sm-b5e">
         <name>__aeabi_ldiv0</name>
         <value>0x2000eeff</value>
         <object_component_ref idref="oc-534"/>
      </symbol>
      <symbol id="sm-b87">
         <name>__TI_auto_init_nobinit_nopinit</name>
         <value>0x2000ebb1</value>
         <object_component_ref idref="oc-171"/>
      </symbol>
      <symbol id="sm-b91">
         <name>_system_pre_init</name>
         <value>0x2000f5d9</value>
         <object_component_ref idref="oc-114"/>
      </symbol>
      <symbol id="sm-b9d">
         <name>C$$EXIT</name>
         <value>0x2000f5dd</value>
         <object_component_ref idref="oc-165"/>
      </symbol>
      <symbol id="sm-b9e">
         <name>abort</name>
         <value>0x2000f5dd</value>
         <object_component_ref idref="oc-165"/>
      </symbol>
      <symbol id="sm-bb3">
         <name>_nop</name>
         <value>0x2000dcc7</value>
         <object_component_ref idref="oc-320"/>
      </symbol>
      <symbol id="sm-bb4">
         <name>_lock</name>
         <value>0x2000fb5c</value>
         <object_component_ref idref="oc-200"/>
      </symbol>
      <symbol id="sm-bb5">
         <name>_unlock</name>
         <value>0x2000fb60</value>
         <object_component_ref idref="oc-200"/>
      </symbol>
      <symbol id="sm-bb7">
         <name>__TI_static_base__</name>
         <value>0x20010138</value>
      </symbol>
      <symbol id="sm-bba">
         <name>ITM_flush</name>
         <value>0x0</value>
      </symbol>
      <symbol id="sm-bbb">
         <name>ITM_restore</name>
         <value>0x0</value>
      </symbol>
      <symbol id="sm-bbc">
         <name>__mpu_init</name>
         <value>0x0</value>
      </symbol>
      <symbol id="sm-bbd">
         <name>_system_post_cinit</name>
         <value>0x0</value>
      </symbol>
      <symbol id="sm-bbe">
         <name>NoRTOS_start</name>
         <value>0x2000f53b</value>
      </symbol>
   </symbol_table>
   <title>Link successful</title>
</link_info>
